Archive member included because of file (symbol)

C:\Users\Crozzolo Marcos\Documents\81 -Repo_Sup\LPC4337\trunk\LPC4337_Framework\Debug\libLPC4337_Framework.a(DIO.o)
                              ./src/Poisson.o (DIOSinglePinSetup)
C:\Users\Crozzolo Marcos\Documents\81 -Repo_Sup\LPC4337\trunk\LPC4337_Framework\Debug\libLPC4337_Framework.a(General.o)
                              ./src/Poisson.o (SupervisorInit)
C:\Users\Crozzolo Marcos\Documents\81 -Repo_Sup\LPC4337\trunk\LPC4337_Framework\Debug\libLPC4337_Framework.a(I2C.o)
                              C:\Users\Crozzolo Marcos\Documents\81 -Repo_Sup\LPC4337\trunk\LPC4337_Framework\Debug\libLPC4337_Framework.a(General.o) (I2C_Init)
C:\Users\Crozzolo Marcos\Documents\81 -Repo_Sup\LPC4337\trunk\LPC4337_Framework\Debug\libLPC4337_Framework.a(INVAPBus.o)
                              C:\Users\Crozzolo Marcos\Documents\81 -Repo_Sup\LPC4337\trunk\LPC4337_Framework\Debug\libLPC4337_Framework.a(General.o) (INVAPBus_Init)
C:\Users\Crozzolo Marcos\Documents\81 -Repo_Sup\LPC4337\trunk\LPC4337_Framework\Debug\libLPC4337_Framework.a(M24FC256.o)
                              C:\Users\Crozzolo Marcos\Documents\81 -Repo_Sup\LPC4337\trunk\LPC4337_Framework\Debug\libLPC4337_Framework.a(General.o) (M24FC256_Write)
C:\Users\Crozzolo Marcos\Documents\81 -Repo_Sup\LPC4337\trunk\LPC4337_Framework\Debug\libLPC4337_Framework.a(timer_vect.o)
                              C:\Users\Crozzolo Marcos\Documents\81 -Repo_Sup\LPC4337\trunk\LPC4337_Framework\Debug\libLPC4337_Framework.a(General.o) (TimeVect_Init)
C:\Users\Crozzolo Marcos\Documents\81 -Repo_Sup\LPC4337\trunk\LPC4337_Framework\Debug\libLPC4337_Framework.a(chip_18xx_43xx.o)
                              ./src/Poisson.o (SystemCoreClockUpdate)
C:\Users\Crozzolo Marcos\Documents\81 -Repo_Sup\LPC4337\trunk\LPC4337_Framework\Debug\libLPC4337_Framework.a(clock_18xx_43xx.o)
                              C:\Users\Crozzolo Marcos\Documents\81 -Repo_Sup\LPC4337\trunk\LPC4337_Framework\Debug\libLPC4337_Framework.a(chip_18xx_43xx.o) (Chip_Clock_GetClockInputHz)
C:\Users\Crozzolo Marcos\Documents\81 -Repo_Sup\LPC4337\trunk\LPC4337_Framework\Debug\libLPC4337_Framework.a(dac_18xx_43xx.o)
                              ./src/Poisson.o (Chip_DAC_Init)
C:\Users\Crozzolo Marcos\Documents\81 -Repo_Sup\LPC4337\trunk\LPC4337_Framework\Debug\libLPC4337_Framework.a(fpu_init.o)
                              ./src/sysinit.o (fpuInit)
C:\Users\Crozzolo Marcos\Documents\81 -Repo_Sup\LPC4337\trunk\LPC4337_Framework\Debug\libLPC4337_Framework.a(gpio_18xx_43xx.o)
                              C:\Users\Crozzolo Marcos\Documents\81 -Repo_Sup\LPC4337\trunk\LPC4337_Framework\Debug\libLPC4337_Framework.a(General.o) (Chip_GPIO_Init)
C:\Users\Crozzolo Marcos\Documents\81 -Repo_Sup\LPC4337\trunk\LPC4337_Framework\Debug\libLPC4337_Framework.a(i2c_18xx_43xx.o)
                              C:\Users\Crozzolo Marcos\Documents\81 -Repo_Sup\LPC4337\trunk\LPC4337_Framework\Debug\libLPC4337_Framework.a(I2C.o) (Chip_I2C_EventHandlerPolling)
C:\Users\Crozzolo Marcos\Documents\81 -Repo_Sup\LPC4337\trunk\LPC4337_Framework\Debug\libLPC4337_Framework.a(sysinit_18xx_43xx.o)
                              ./src/sysinit.o (Chip_SystemInit)
C:\Users\Crozzolo Marcos\Documents\81 -Repo_Sup\LPC4337\trunk\LPC4337_Framework\Debug\libLPC4337_Framework.a(timer_18xx_43xx.o)
                              C:\Users\Crozzolo Marcos\Documents\81 -Repo_Sup\LPC4337\trunk\LPC4337_Framework\Debug\libLPC4337_Framework.a(timer_vect.o) (Chip_TIMER_Init)
C:\Users\Crozzolo Marcos\Documents\81 -Repo_Sup\LPC4337\trunk\LPC4337_Framework\Debug\libLPC4337_Framework.a(CAN.o)
                              C:\Users\Crozzolo Marcos\Documents\81 -Repo_Sup\LPC4337\trunk\LPC4337_Framework\Debug\libLPC4337_Framework.a(INVAPBus.o) (CAN_Init)
C:\Users\Crozzolo Marcos\Documents\81 -Repo_Sup\LPC4337\trunk\LPC4337_Framework\Debug\libLPC4337_Framework.a(ccan_18xx_43xx.o)
                              C:\Users\Crozzolo Marcos\Documents\81 -Repo_Sup\LPC4337\trunk\LPC4337_Framework\Debug\libLPC4337_Framework.a(CAN.o) (Chip_CCAN_Init)
c:/nxp/lpcxpresso_7.9.2_493/lpcxpresso/tools/bin/../lib/gcc/arm-none-eabi/4.9.3/../../../../arm-none-eabi/lib/armv7e-m/softfp\libcr_c.a(memset.o)
                              C:\Users\Crozzolo Marcos\Documents\81 -Repo_Sup\LPC4337\trunk\LPC4337_Framework\Debug\libLPC4337_Framework.a(clock_18xx_43xx.o) (memset)
c:/nxp/lpcxpresso_7.9.2_493/lpcxpresso/tools/bin/../lib/gcc/arm-none-eabi/4.9.3/../../../../arm-none-eabi/lib/armv7e-m/softfp\libcr_c.a(__weak__main.o)
                              ./src/cr_startup_lpc43xx.o (__main)
c:/nxp/lpcxpresso_7.9.2_493/lpcxpresso/tools/bin/../lib/gcc/arm-none-eabi/4.9.3/armv7e-m/softfp\libcr_eabihelpers.a(memcpy.o)
                              c:/nxp/lpcxpresso_7.9.2_493/lpcxpresso/tools/bin/../lib/gcc/arm-none-eabi/4.9.3/../../../../arm-none-eabi/lib/armv7e-m/softfp\libcr_c.a(memset.o) (__aeabi_lowlevel_memset)

[...]
Memory Configuration

Name             Origin             Length             Attributes
MFlashA512       0x1a000000         0x00080000         xr
MFlashB512       0x1b000000         0x00080000         xr
RamLoc32         0x10000000         0x00008000         xrw
RamLoc40         0x10080000         0x0000a000         xrw
RamAHB32         0x20000000         0x00008000         xrw
RamAHB16         0x20008000         0x00004000         xrw
RamAHB_ETB16     0x2000c000         0x00004000         xrw
*default*        0x00000000         0xffffffff

Linker script and memory map

LOAD ./src/Poisson.o
LOAD ./src/cr_startup_lpc43xx.o
LOAD ./src/crp.o
LOAD ./src/sysinit.o
LOAD C:\Users\Crozzolo Marcos\Documents\81 -Repo_Sup\LPC4337\trunk\LPC4337_Framework\Debug\libLPC4337_Framework.a
LOAD C:\Users\Crozzolo Marcos\Documents\81 -Repo_Sup\LPC4337\trunk\lpc_chip_43xx\Debug\liblpc_chip_43xx.a
START GROUP
LOAD c:/nxp/lpcxpresso_7.9.2_493/lpcxpresso/tools/bin/../lib/gcc/arm-none-eabi/4.9.3/../../../../arm-none-eabi/lib/armv7e-m/softfp\libcr_c.a
LOAD c:/nxp/lpcxpresso_7.9.2_493/lpcxpresso/tools/bin/../lib/gcc/arm-none-eabi/4.9.3/armv7e-m/softfp\libcr_eabihelpers.a
END GROUP
                0x1a000000                __base_MFlashA512 = 0x1a000000
                0x1a000000                __base_Flash = 0x1a000000
                0x1a080000                __top_MFlashA512 = 0x1a080000
                0x1a080000                __top_Flash = 0x1a080000
                0x1b000000                __base_MFlashB512 = 0x1b000000
                0x1b000000                __base_Flash2 = 0x1b000000
                0x1b080000                __top_MFlashB512 = 0x1b080000
                0x1b080000                __top_Flash2 = 0x1b080000
                0x10000000                __base_RamLoc32 = 0x10000000
                0x10000000                __base_RAM = 0x10000000
                0x10008000                __top_RamLoc32 = 0x10008000
                0x10008000                __top_RAM = 0x10008000
                0x10080000                __base_RamLoc40 = 0x10080000
                0x10080000                __base_RAM2 = 0x10080000
                0x1008a000                __top_RamLoc40 = 0x1008a000
                0x1008a000                __top_RAM2 = 0x1008a000
                0x20000000                __base_RamAHB32 = 0x20000000
                0x20000000                __base_RAM3 = 0x20000000
                0x20008000                __top_RamAHB32 = 0x20008000
                0x20008000                __top_RAM3 = 0x20008000
                0x20008000                __base_RamAHB16 = 0x20008000
                0x20008000                __base_RAM4 = 0x20008000
                0x2000c000                __top_RamAHB16 = 0x2000c000
                0x2000c000                __top_RAM4 = 0x2000c000
                0x2000c000                __base_RamAHB_ETB16 = 0x2000c000
                0x2000c000                __base_RAM5 = 0x2000c000
                0x20010000                __top_RamAHB_ETB16 = 0x20010000
                0x20010000                __top_RAM5 = 0x20010000

.text_Flash2    0x1b000000        0x0
 FILL mask 0xff
 *(.text_Flash2*)
 *(.text_MFlashB512*)
 *(.text.$Flash2*)
 *(.text.$MFlashB512*)
 *(.rodata.$Flash2*)
 *(.rodata.$MFlashB512*)

.text           0x1a000000     0x2b3c
 FILL mask 0xff
                0x1a000000                __vectors_start__ = ABSOLUTE (.)
 *(.isr_vector)
 .isr_vector    0x1a000000      0x114 ./src/cr_startup_lpc43xx.o
                0x1a000000                g_pfnVectors
                0x1a000114                . = ALIGN (0x4)
                0x1a000114                __section_table_start = .
                0x1a000114                __data_section_table = .
                0x1a000114        0x4 LONG 0x1a002b3c LOADADDR (.data)
                0x1a000118        0x4 LONG 0x10000000 ADDR (.data)
                0x1a00011c        0x4 LONG 0x40 SIZEOF (.data)
                0x1a000120        0x4 LONG 0x1a002b3c LOADADDR (.data_RAM2)
                0x1a000124        0x4 LONG 0x10080000 ADDR (.data_RAM2)
                0x1a000128        0x4 LONG 0x0 SIZEOF (.data_RAM2)
                0x1a00012c        0x4 LONG 0x1a002b3c LOADADDR (.data_RAM3)
                0x1a000130        0x4 LONG 0x20000000 ADDR (.data_RAM3)
                0x1a000134        0x4 LONG 0x0 SIZEOF (.data_RAM3)
                0x1a000138        0x4 LONG 0x1a002b3c LOADADDR (.data_RAM4)
                0x1a00013c        0x4 LONG 0x20008000 ADDR (.data_RAM4)
                0x1a000140        0x4 LONG 0x0 SIZEOF (.data_RAM4)
                0x1a000144        0x4 LONG 0x1a002b3c LOADADDR (.data_RAM5)
                0x1a000148        0x4 LONG 0x2000c000 ADDR (.data_RAM5)
                0x1a00014c        0x4 LONG 0x0 SIZEOF (.data_RAM5)
                0x1a000150                __data_section_table_end = .
                0x1a000150                __bss_section_table = .
                0x1a000150        0x4 LONG 0x10000040 ADDR (.bss)
                0x1a000154        0x4 LONG 0x94 SIZEOF (.bss)
                0x1a000158        0x4 LONG 0x10080000 ADDR (.bss_RAM2)
                0x1a00015c        0x4 LONG 0x0 SIZEOF (.bss_RAM2)
                0x1a000160        0x4 LONG 0x20000000 ADDR (.bss_RAM3)
                0x1a000164        0x4 LONG 0x0 SIZEOF (.bss_RAM3)
                0x1a000168        0x4 LONG 0x20008000 ADDR (.bss_RAM4)
                0x1a00016c        0x4 LONG 0x0 SIZEOF (.bss_RAM4)
                0x1a000170        0x4 LONG 0x2000c000 ADDR (.bss_RAM5)
                0x1a000174        0x4 LONG 0x0 SIZEOF (.bss_RAM5)
                0x1a000178                __bss_section_table_end = .
                0x1a000178                __section_table_end = .
 *(.after_vectors*)
 .after_vectors
                0x1a000178       0xcc ./src/cr_startup_lpc43xx.o
                0x1a000178                data_init
                0x1a0001bc                bss_init
                0x1a0001f4                NMI_Handler
                0x1a0001fc                HardFault_Handler
                0x1a000204                MemManage_Handler
                0x1a00020c                BusFault_Handler
                0x1a000214                UsageFault_Handler
                0x1a00021c                SVC_Handler
                0x1a000224                DebugMon_Handler
                0x1a00022c                PendSV_Handler
                0x1a000234                SysTick_Handler
                0x1a00023c                I2C1_IRQHandler
                0x1a00023c                UART1_IRQHandler
                0x1a00023c                GPIO5_IRQHandler
                0x1a00023c                USB1_IRQHandler
                0x1a00023c                ATIMER_IRQHandler
                0x1a00023c                TIMER3_IRQHandler
                0x1a00023c                UART0_IRQHandler
                0x1a00023c                SDIO_IRQHandler
                0x1a00023c                SGPIO_IRQHandler
                0x1a00023c                ADC0_IRQHandler
                0x1a00023c                I2S0_IRQHandler
                0x1a00023c                IntDefaultHandler
                0x1a00023c                GPIO1_IRQHandler
                0x1a00023c                SSP0_IRQHandler
                0x1a00023c                ADC1_IRQHandler
                0x1a00023c                I2C0_IRQHandler
                0x1a00023c                TIMER0_IRQHandler
                0x1a00023c                SPI_IRQHandler
                0x1a00023c                LCD_IRQHandler
                0x1a00023c                FLASH_EEPROM_IRQHandler
                0x1a00023c                TIMER1_IRQHandler
                0x1a00023c                UART2_IRQHandler
                0x1a00023c                GPIO2_IRQHandler
                0x1a00023c                I2S1_IRQHandler
                0x1a00023c                SSP1_IRQHandler
                0x1a00023c                USB0_IRQHandler
                0x1a00023c                GPIO3_IRQHandler
                0x1a00023c                SCT_IRQHandler
                0x1a00023c                ADCHS_IRQHandler
                0x1a00023c                WDT_IRQHandler
                0x1a00023c                RIT_IRQHandler
                0x1a00023c                SPIFI_IRQHandler
                0x1a00023c                QEI_IRQHandler
                0x1a00023c                ETH_IRQHandler
                0x1a00023c                GINT0_IRQHandler
                0x1a00023c                DAC_IRQHandler
                0x1a00023c                M0SUB_IRQHandler
                0x1a00023c                GPIO0_IRQHandler
                0x1a00023c                DMA_IRQHandler
                0x1a00023c                EVRT_IRQHandler
                0x1a00023c                RTC_IRQHandler
                0x1a00023c                UART3_IRQHandler
                0x1a00023c                MCPWM_IRQHandler
                0x1a00023c                M0APP_IRQHandler
                0x1a00023c                GINT1_IRQHandler
                0x1a00023c                GPIO4_IRQHandler
                0x000002fc                . = 0x2fc
 *fill*         0x1a000244       0xb8 ff
                0x1a0002fc                PROVIDE (__CRP_WORD_START__, .)
 *(.crp)
 .crp           0x1a0002fc        0x4 ./src/crp.o
                0x1a0002fc                CRP_WORD
                0x1a000300                PROVIDE (__CRP_WORD_END__, .)
                0x00000001                ASSERT (! ((__CRP_WORD_START__ == __CRP_WORD_END__)), Linker CRP Enabled, but no CRP_WORD provided within application)
 *(.text*)
 .text.NVIC_EnableIRQ
                0x1a000300       0x30 ./src/Poisson.o
 .text.Chip_SCU_GPIOIntPinSel
                0x1a000330       0x70 ./src/Poisson.o
 .text.Chip_DAC_ConfigDAConverterControl
                0x1a0003a0       0x28 ./src/Poisson.o
 .text.Chip_PININT_SetPinModeEdge
                0x1a0003c8       0x24 ./src/Poisson.o
 .text.Chip_PININT_EnableIntLow
                0x1a0003ec       0x1c ./src/Poisson.o
 .text.Chip_PININT_ClearIntStatus
                0x1a000408       0x1c ./src/Poisson.o
 .text.lfsr_init
                0x1a000424       0x18 ./src/Poisson.o
                0x1a000424                lfsr_init
 .text.lfsr_count
                0x1a00043c       0x7c ./src/Poisson.o
                0x1a00043c                lfsr_count
 .text.calculate_p
                0x1a0004b8       0x40 ./src/Poisson.o
                0x1a0004b8                calculate_p
 .text.main     0x1a0004f8      0x174 ./src/Poisson.o
                0x1a0004f8                main
 .text.portConfiguration
                0x1a00066c       0xf8 ./src/Poisson.o
                0x1a00066c                portConfiguration
 .text.GPIO6_IRQHandler
                0x1a000764       0x34 ./src/Poisson.o
                0x1a000764                GPIO6_IRQHandler
 .text.GPIO7_IRQHandler
                0x1a000798       0x34 ./src/Poisson.o
                0x1a000798                GPIO7_IRQHandler
 .text.ResetISR
                0x1a0007cc       0xc4 ./src/cr_startup_lpc43xx.o
                0x1a0007cc                ResetISR
 .text.SystemInit
                0x1a000890       0x28 ./src/sysinit.o
                0x1a000890                SystemInit
 .text.Chip_SCU_PinMuxSet
                0x1a0008b8       0x30 C:\Users\Crozzolo Marcos\Documents\81 -Repo_Sup\LPC4337\trunk\LPC4337_Framework\Debug\libLPC4337_Framework.a(DIO.o)
 .text.Chip_GPIO_SetPinDIROutput
                0x1a0008e8       0x3c C:\Users\Crozzolo Marcos\Documents\81 -Repo_Sup\LPC4337\trunk\LPC4337_Framework\Debug\libLPC4337_Framework.a(DIO.o)
 .text.Chip_GPIO_SetPinDIRInput
                0x1a000924       0x40 C:\Users\Crozzolo Marcos\Documents\81 -Repo_Sup\LPC4337\trunk\LPC4337_Framework\Debug\libLPC4337_Framework.a(DIO.o)
 .text.Chip_GPIO_SetPinOutHigh
                0x1a000964       0x30 C:\Users\Crozzolo Marcos\Documents\81 -Repo_Sup\LPC4337\trunk\LPC4337_Framework\Debug\libLPC4337_Framework.a(DIO.o)
 .text.Chip_GPIO_SetPinOutLow
                0x1a000994       0x30 C:\Users\Crozzolo Marcos\Documents\81 -Repo_Sup\LPC4337\trunk\LPC4337_Framework\Debug\libLPC4337_Framework.a(DIO.o)
 .text.DIOSinglePinSetup
                0x1a0009c4       0xb0 C:\Users\Crozzolo Marcos\Documents\81 -Repo_Sup\LPC4337\trunk\LPC4337_Framework\Debug\libLPC4337_Framework.a(DIO.o)
                0x1a0009c4                DIOSinglePinSetup
 .text.DIOSetPinHigh
                0x1a000a74       0x28 C:\Users\Crozzolo Marcos\Documents\81 -Repo_Sup\LPC4337\trunk\LPC4337_Framework\Debug\libLPC4337_Framework.a(DIO.o)
                0x1a000a74                DIOSetPinHigh
 .text.DIOSetPinLow
                0x1a000a9c       0x28 C:\Users\Crozzolo Marcos\Documents\81 -Repo_Sup\LPC4337\trunk\LPC4337_Framework\Debug\libLPC4337_Framework.a(DIO.o)
                0x1a000a9c                DIOSetPinLow
 .text.Chip_Clock_MainPLLLocked
                0x1a000ac4       0x24 C:\Users\Crozzolo Marcos\Documents\81 -Repo_Sup\LPC4337\trunk\LPC4337_Framework\Debug\libLPC4337_Framework.a(General.o)
 .text.SupervisorInit
                0x1a000ae8       0xb8 C:\Users\Crozzolo Marcos\Documents\81 -Repo_Sup\LPC4337\trunk\LPC4337_Framework\Debug\libLPC4337_Framework.a(General.o)
                0x1a000ae8                SupervisorInit
 .text.WatchdogInit
                0x1a000ba0       0x24 C:\Users\Crozzolo Marcos\Documents\81 -Repo_Sup\LPC4337\trunk\LPC4337_Framework\Debug\libLPC4337_Framework.a(General.o)
                0x1a000ba0                WatchdogInit
 .text.NVIC_DisableIRQ
                0x1a000bc4       0x34 C:\Users\Crozzolo Marcos\Documents\81 -Repo_Sup\LPC4337\trunk\LPC4337_Framework\Debug\libLPC4337_Framework.a(I2C.o)
 .text.Chip_SCU_PinMuxSet
                0x1a000bf8       0x30 C:\Users\Crozzolo Marcos\Documents\81 -Repo_Sup\LPC4337\trunk\LPC4337_Framework\Debug\libLPC4337_Framework.a(I2C.o)
 .text.Chip_SCU_I2C0PinConfig
                0x1a000c28       0x20 C:\Users\Crozzolo Marcos\Documents\81 -Repo_Sup\LPC4337\trunk\LPC4337_Framework\Debug\libLPC4337_Framework.a(I2C.o)
 .text.I2C_Init
                0x1a000c48       0x90 C:\Users\Crozzolo Marcos\Documents\81 -Repo_Sup\LPC4337\trunk\LPC4337_Framework\Debug\libLPC4337_Framework.a(I2C.o)
                0x1a000c48                I2C_Init
 .text.NVIC_EnableIRQ
                0x1a000cd8       0x30 C:\Users\Crozzolo Marcos\Documents\81 -Repo_Sup\LPC4337\trunk\LPC4337_Framework\Debug\libLPC4337_Framework.a(timer_vect.o)
 .text.NVIC_ClearPendingIRQ
                0x1a000d08       0x34 C:\Users\Crozzolo Marcos\Documents\81 -Repo_Sup\LPC4337\trunk\LPC4337_Framework\Debug\libLPC4337_Framework.a(timer_vect.o)
 .text.Chip_RGU_TriggerReset
                0x1a000d3c       0x38 C:\Users\Crozzolo Marcos\Documents\81 -Repo_Sup\LPC4337\trunk\LPC4337_Framework\Debug\libLPC4337_Framework.a(timer_vect.o)
 .text.Chip_RGU_InReset
                0x1a000d74       0x40 C:\Users\Crozzolo Marcos\Documents\81 -Repo_Sup\LPC4337\trunk\LPC4337_Framework\Debug\libLPC4337_Framework.a(timer_vect.o)
 .text.Chip_TIMER_MatchPending
                0x1a000db4       0x34 C:\Users\Crozzolo Marcos\Documents\81 -Repo_Sup\LPC4337\trunk\LPC4337_Framework\Debug\libLPC4337_Framework.a(timer_vect.o)
 .text.Chip_TIMER_ClearMatch
                0x1a000de8       0x28 C:\Users\Crozzolo Marcos\Documents\81 -Repo_Sup\LPC4337\trunk\LPC4337_Framework\Debug\libLPC4337_Framework.a(timer_vect.o)
 .text.Chip_TIMER_Enable
                0x1a000e10       0x20 C:\Users\Crozzolo Marcos\Documents\81 -Repo_Sup\LPC4337\trunk\LPC4337_Framework\Debug\libLPC4337_Framework.a(timer_vect.o)
 .text.Chip_TIMER_SetMatch
                0x1a000e30       0x28 C:\Users\Crozzolo Marcos\Documents\81 -Repo_Sup\LPC4337\trunk\LPC4337_Framework\Debug\libLPC4337_Framework.a(timer_vect.o)
 .text.Chip_TIMER_MatchEnableInt
                0x1a000e58       0x34 C:\Users\Crozzolo Marcos\Documents\81 -Repo_Sup\LPC4337\trunk\LPC4337_Framework\Debug\libLPC4337_Framework.a(timer_vect.o)
 .text.Chip_TIMER_ResetOnMatchEnable
                0x1a000e8c       0x34 C:\Users\Crozzolo Marcos\Documents\81 -Repo_Sup\LPC4337\trunk\LPC4337_Framework\Debug\libLPC4337_Framework.a(timer_vect.o)
 .text.TimeVect_Init
                0x1a000ec0       0xa0 C:\Users\Crozzolo Marcos\Documents\81 -Repo_Sup\LPC4337\trunk\LPC4337_Framework\Debug\libLPC4337_Framework.a(timer_vect.o)
                0x1a000ec0                TimeVect_Init
 .text.TimeVect_GetTimerInitialize
                0x1a000f60       0x4c C:\Users\Crozzolo Marcos\Documents\81 -Repo_Sup\LPC4337\trunk\LPC4337_Framework\Debug\libLPC4337_Framework.a(timer_vect.o)
                0x1a000f60                TimeVect_GetTimerInitialize
 .text.TimeVect_SetTimer
                0x1a000fac       0x24 C:\Users\Crozzolo Marcos\Documents\81 -Repo_Sup\LPC4337\trunk\LPC4337_Framework\Debug\libLPC4337_Framework.a(timer_vect.o)
                0x1a000fac                TimeVect_SetTimer
 .text.TimeVect_IsTimer
                0x1a000fd0       0x34 C:\Users\Crozzolo Marcos\Documents\81 -Repo_Sup\LPC4337\trunk\LPC4337_Framework\Debug\libLPC4337_Framework.a(timer_vect.o)
                0x1a000fd0                TimeVect_IsTimer
 .text.TIMER2_IRQHandler
                0x1a001004       0x64 C:\Users\Crozzolo Marcos\Documents\81 -Repo_Sup\LPC4337\trunk\LPC4337_Framework\Debug\libLPC4337_Framework.a(timer_vect.o)
                0x1a001004                TIMER2_IRQHandler
 .text.SystemCoreClockUpdate
                0x1a001068       0x18 C:\Users\Crozzolo Marcos\Documents\81 -Repo_Sup\LPC4337\trunk\LPC4337_Framework\Debug\libLPC4337_Framework.a(chip_18xx_43xx.o)
                0x1a001068                SystemCoreClockUpdate
 .text.Chip_Clock_DisableMainPLL
                0x1a001080       0x1c C:\Users\Crozzolo Marcos\Documents\81 -Repo_Sup\LPC4337\trunk\LPC4337_Framework\Debug\libLPC4337_Framework.a(clock_18xx_43xx.o)
 .text.ABS      0x1a00109c       0x24 C:\Users\Crozzolo Marcos\Documents\81 -Repo_Sup\LPC4337\trunk\LPC4337_Framework\Debug\libLPC4337_Framework.a(clock_18xx_43xx.o)
 .text.pll_calc_divs
                0x1a0010c0      0x11c C:\Users\Crozzolo Marcos\Documents\81 -Repo_Sup\LPC4337\trunk\LPC4337_Framework\Debug\libLPC4337_Framework.a(clock_18xx_43xx.o)
 .text.pll_get_frac
                0x1a0011dc      0x178 C:\Users\Crozzolo Marcos\Documents\81 -Repo_Sup\LPC4337\trunk\LPC4337_Framework\Debug\libLPC4337_Framework.a(clock_18xx_43xx.o)
 .text.Chip_Clock_TestMainPLLMultiplier
                0x1a001354       0x48 C:\Users\Crozzolo Marcos\Documents\81 -Repo_Sup\LPC4337\trunk\LPC4337_Framework\Debug\libLPC4337_Framework.a(clock_18xx_43xx.o)
 .text.Chip_Clock_GetDivRate
                0x1a00139c       0x40 C:\Users\Crozzolo Marcos\Documents\81 -Repo_Sup\LPC4337\trunk\LPC4337_Framework\Debug\libLPC4337_Framework.a(clock_18xx_43xx.o)
 .text.Chip_Clock_FindBaseClock
                0x1a0013dc       0x88 C:\Users\Crozzolo Marcos\Documents\81 -Repo_Sup\LPC4337\trunk\LPC4337_Framework\Debug\libLPC4337_Framework.a(clock_18xx_43xx.o)
 .text.Chip_Clock_EnableCrystal
                0x1a001464       0x6c C:\Users\Crozzolo Marcos\Documents\81 -Repo_Sup\LPC4337\trunk\LPC4337_Framework\Debug\libLPC4337_Framework.a(clock_18xx_43xx.o)
                0x1a001464                Chip_Clock_EnableCrystal
 .text.Chip_Clock_CalcMainPLLValue
                0x1a0014d0       0xd8 C:\Users\Crozzolo Marcos\Documents\81 -Repo_Sup\LPC4337\trunk\LPC4337_Framework\Debug\libLPC4337_Framework.a(clock_18xx_43xx.o)
                0x1a0014d0                Chip_Clock_CalcMainPLLValue
 .text.Chip_Clock_SetupMainPLLHz
                0x1a0015a8      0x128 C:\Users\Crozzolo Marcos\Documents\81 -Repo_Sup\LPC4337\trunk\LPC4337_Framework\Debug\libLPC4337_Framework.a(clock_18xx_43xx.o)
                0x1a0015a8                Chip_Clock_SetupMainPLLHz
 .text.Chip_Clock_SetupMainPLLMult
                0x1a0016d0       0xfc C:\Users\Crozzolo Marcos\Documents\81 -Repo_Sup\LPC4337\trunk\LPC4337_Framework\Debug\libLPC4337_Framework.a(clock_18xx_43xx.o)
                0x1a0016d0                Chip_Clock_SetupMainPLLMult
 .text.Chip_Clock_GetMainPLLHz
                0x1a0017cc       0xc0 C:\Users\Crozzolo Marcos\Documents\81 -Repo_Sup\LPC4337\trunk\LPC4337_Framework\Debug\libLPC4337_Framework.a(clock_18xx_43xx.o)
                0x1a0017cc                Chip_Clock_GetMainPLLHz
 .text.Chip_Clock_GetDividerSource
                0x1a00188c       0x40 C:\Users\Crozzolo Marcos\Documents\81 -Repo_Sup\LPC4337\trunk\LPC4337_Framework\Debug\libLPC4337_Framework.a(clock_18xx_43xx.o)
                0x1a00188c                Chip_Clock_GetDividerSource
 .text.Chip_Clock_GetDividerDivisor
                0x1a0018cc       0x38 C:\Users\Crozzolo Marcos\Documents\81 -Repo_Sup\LPC4337\trunk\LPC4337_Framework\Debug\libLPC4337_Framework.a(clock_18xx_43xx.o)
                0x1a0018cc                Chip_Clock_GetDividerDivisor
 .text.Chip_Clock_GetClockInputHz
                0x1a001904      0x140 C:\Users\Crozzolo Marcos\Documents\81 -Repo_Sup\LPC4337\trunk\LPC4337_Framework\Debug\libLPC4337_Framework.a(clock_18xx_43xx.o)
                0x1a001904                Chip_Clock_GetClockInputHz
 .text.Chip_Clock_GetBaseClocktHz
                0x1a001a44       0x24 C:\Users\Crozzolo Marcos\Documents\81 -Repo_Sup\LPC4337\trunk\LPC4337_Framework\Debug\libLPC4337_Framework.a(clock_18xx_43xx.o)
                0x1a001a44                Chip_Clock_GetBaseClocktHz
 .text.Chip_Clock_SetBaseClock
                0x1a001a68       0x9c C:\Users\Crozzolo Marcos\Documents\81 -Repo_Sup\LPC4337\trunk\LPC4337_Framework\Debug\libLPC4337_Framework.a(clock_18xx_43xx.o)
                0x1a001a68                Chip_Clock_SetBaseClock
 .text.Chip_Clock_GetBaseClock
                0x1a001b04       0x4c C:\Users\Crozzolo Marcos\Documents\81 -Repo_Sup\LPC4337\trunk\LPC4337_Framework\Debug\libLPC4337_Framework.a(clock_18xx_43xx.o)
                0x1a001b04                Chip_Clock_GetBaseClock
 .text.Chip_Clock_EnableOpts
                0x1a001b50       0x7c C:\Users\Crozzolo Marcos\Documents\81 -Repo_Sup\LPC4337\trunk\LPC4337_Framework\Debug\libLPC4337_Framework.a(clock_18xx_43xx.o)
                0x1a001b50                Chip_Clock_EnableOpts
 .text.Chip_Clock_Enable
                0x1a001bcc       0x60 C:\Users\Crozzolo Marcos\Documents\81 -Repo_Sup\LPC4337\trunk\LPC4337_Framework\Debug\libLPC4337_Framework.a(clock_18xx_43xx.o)
                0x1a001bcc                Chip_Clock_Enable
 .text.Chip_Clock_GetRate
                0x1a001c2c       0x88 C:\Users\Crozzolo Marcos\Documents\81 -Repo_Sup\LPC4337\trunk\LPC4337_Framework\Debug\libLPC4337_Framework.a(clock_18xx_43xx.o)
                0x1a001c2c                Chip_Clock_GetRate
 .text.Chip_DAC_Init
                0x1a001cb4       0x24 C:\Users\Crozzolo Marcos\Documents\81 -Repo_Sup\LPC4337\trunk\LPC4337_Framework\Debug\libLPC4337_Framework.a(dac_18xx_43xx.o)
                0x1a001cb4                Chip_DAC_Init
 .text.Chip_DAC_UpdateValue
                0x1a001cd8       0x30 C:\Users\Crozzolo Marcos\Documents\81 -Repo_Sup\LPC4337\trunk\LPC4337_Framework\Debug\libLPC4337_Framework.a(dac_18xx_43xx.o)
                0x1a001cd8                Chip_DAC_UpdateValue
 .text.Chip_DAC_SetBias
                0x1a001d08       0x34 C:\Users\Crozzolo Marcos\Documents\81 -Repo_Sup\LPC4337\trunk\LPC4337_Framework\Debug\libLPC4337_Framework.a(dac_18xx_43xx.o)
                0x1a001d08                Chip_DAC_SetBias
 .text.fpuInit  0x1a001d3c       0x74 C:\Users\Crozzolo Marcos\Documents\81 -Repo_Sup\LPC4337\trunk\LPC4337_Framework\Debug\libLPC4337_Framework.a(fpu_init.o)
                0x1a001d3c                fpuInit
 .text.Chip_GPIO_Init
                0x1a001db0       0x14 C:\Users\Crozzolo Marcos\Documents\81 -Repo_Sup\LPC4337\trunk\LPC4337_Framework\Debug\libLPC4337_Framework.a(gpio_18xx_43xx.o)
                0x1a001db0                Chip_GPIO_Init
 .text.enableClk
                0x1a001dc4       0x2c C:\Users\Crozzolo Marcos\Documents\81 -Repo_Sup\LPC4337\trunk\LPC4337_Framework\Debug\libLPC4337_Framework.a(i2c_18xx_43xx.o)
 .text.getClkRate
                0x1a001df0       0x30 C:\Users\Crozzolo Marcos\Documents\81 -Repo_Sup\LPC4337\trunk\LPC4337_Framework\Debug\libLPC4337_Framework.a(i2c_18xx_43xx.o)
 .text.getCurState
                0x1a001e20       0x1c C:\Users\Crozzolo Marcos\Documents\81 -Repo_Sup\LPC4337\trunk\LPC4337_Framework\Debug\libLPC4337_Framework.a(i2c_18xx_43xx.o)
 .text.handleMasterXferState
                0x1a001e3c      0x298 C:\Users\Crozzolo Marcos\Documents\81 -Repo_Sup\LPC4337\trunk\LPC4337_Framework\Debug\libLPC4337_Framework.a(i2c_18xx_43xx.o)
                0x1a001e3c                handleMasterXferState
 .text.Chip_I2C_EventHandler
                0x1a0020d4       0x4c C:\Users\Crozzolo Marcos\Documents\81 -Repo_Sup\LPC4337\trunk\LPC4337_Framework\Debug\libLPC4337_Framework.a(i2c_18xx_43xx.o)
                0x1a0020d4                Chip_I2C_EventHandler
 .text.Chip_I2C_EventHandlerPolling
                0x1a002120       0x5c C:\Users\Crozzolo Marcos\Documents\81 -Repo_Sup\LPC4337\trunk\LPC4337_Framework\Debug\libLPC4337_Framework.a(i2c_18xx_43xx.o)
                0x1a002120                Chip_I2C_EventHandlerPolling
 .text.Chip_I2C_Init
                0x1a00217c       0x30 C:\Users\Crozzolo Marcos\Documents\81 -Repo_Sup\LPC4337\trunk\LPC4337_Framework\Debug\libLPC4337_Framework.a(i2c_18xx_43xx.o)
                0x1a00217c                Chip_I2C_Init
 .text.Chip_I2C_SetClockRate
                0x1a0021ac       0x68 C:\Users\Crozzolo Marcos\Documents\81 -Repo_Sup\LPC4337\trunk\LPC4337_Framework\Debug\libLPC4337_Framework.a(i2c_18xx_43xx.o)
                0x1a0021ac                Chip_I2C_SetClockRate
 .text.Chip_I2C_SetMasterEventHandler
                0x1a002214       0x4c C:\Users\Crozzolo Marcos\Documents\81 -Repo_Sup\LPC4337\trunk\LPC4337_Framework\Debug\libLPC4337_Framework.a(i2c_18xx_43xx.o)
                0x1a002214                Chip_I2C_SetMasterEventHandler
 .text.Chip_I2C_MasterStateHandler
                0x1a002260       0x5c C:\Users\Crozzolo Marcos\Documents\81 -Repo_Sup\LPC4337\trunk\LPC4337_Framework\Debug\libLPC4337_Framework.a(i2c_18xx_43xx.o)
                0x1a002260                Chip_I2C_MasterStateHandler
 .text.Chip_I2C_IsStateChanged
                0x1a0022bc       0x3c C:\Users\Crozzolo Marcos\Documents\81 -Repo_Sup\LPC4337\trunk\LPC4337_Framework\Debug\libLPC4337_Framework.a(i2c_18xx_43xx.o)
                0x1a0022bc                Chip_I2C_IsStateChanged
 .text.Chip_Clock_DisableMainPLL
                0x1a0022f8       0x1c C:\Users\Crozzolo Marcos\Documents\81 -Repo_Sup\LPC4337\trunk\LPC4337_Framework\Debug\libLPC4337_Framework.a(sysinit_18xx_43xx.o)
 .text.Chip_Clock_SetupMainPLL
                0x1a002314       0x40 C:\Users\Crozzolo Marcos\Documents\81 -Repo_Sup\LPC4337\trunk\LPC4337_Framework\Debug\libLPC4337_Framework.a(sysinit_18xx_43xx.o)
 .text.Chip_Clock_MainPLLLocked
                0x1a002354       0x24 C:\Users\Crozzolo Marcos\Documents\81 -Repo_Sup\LPC4337\trunk\LPC4337_Framework\Debug\libLPC4337_Framework.a(sysinit_18xx_43xx.o)
 .text.Chip_SetupCoreClock
                0x1a002378      0x15c C:\Users\Crozzolo Marcos\Documents\81 -Repo_Sup\LPC4337\trunk\LPC4337_Framework\Debug\libLPC4337_Framework.a(sysinit_18xx_43xx.o)
                0x1a002378                Chip_SetupCoreClock
 .text.Chip_SetupIrcClocking
                0x1a0024d4       0x14 C:\Users\Crozzolo Marcos\Documents\81 -Repo_Sup\LPC4337\trunk\LPC4337_Framework\Debug\libLPC4337_Framework.a(sysinit_18xx_43xx.o)
                0x1a0024d4                Chip_SetupIrcClocking
 .text.Chip_SystemInit
                0x1a0024e8        0xc C:\Users\Crozzolo Marcos\Documents\81 -Repo_Sup\LPC4337\trunk\LPC4337_Framework\Debug\libLPC4337_Framework.a(sysinit_18xx_43xx.o)
                0x1a0024e8                Chip_SystemInit
 .text.Chip_TIMER_GetClockIndex
                0x1a0024f4       0x50 C:\Users\Crozzolo Marcos\Documents\81 -Repo_Sup\LPC4337\trunk\LPC4337_Framework\Debug\libLPC4337_Framework.a(timer_18xx_43xx.o)
 .text.Chip_TIMER_Init
                0x1a002544       0x1c C:\Users\Crozzolo Marcos\Documents\81 -Repo_Sup\LPC4337\trunk\LPC4337_Framework\Debug\libLPC4337_Framework.a(timer_18xx_43xx.o)
                0x1a002544                Chip_TIMER_Init
 .text.Chip_TIMER_Reset
                0x1a002560       0x3c C:\Users\Crozzolo Marcos\Documents\81 -Repo_Sup\LPC4337\trunk\LPC4337_Framework\Debug\libLPC4337_Framework.a(timer_18xx_43xx.o)
                0x1a002560                Chip_TIMER_Reset
 .text.Chip_CCAN_GetIntID
                0x1a00259c       0x18 C:\Users\Crozzolo Marcos\Documents\81 -Repo_Sup\LPC4337\trunk\LPC4337_Framework\Debug\libLPC4337_Framework.a(CAN.o)
 .text.Chip_CCAN_GetStatus
                0x1a0025b4       0x18 C:\Users\Crozzolo Marcos\Documents\81 -Repo_Sup\LPC4337\trunk\LPC4337_Framework\Debug\libLPC4337_Framework.a(CAN.o)
 .text.Chip_CCAN_ClearMsgIntPend
                0x1a0025cc       0x30 C:\Users\Crozzolo Marcos\Documents\81 -Repo_Sup\LPC4337\trunk\LPC4337_Framework\Debug\libLPC4337_Framework.a(CAN.o)
 .text.CAN0_IRQHandler
                0x1a0025fc       0xcc C:\Users\Crozzolo Marcos\Documents\81 -Repo_Sup\LPC4337\trunk\LPC4337_Framework\Debug\libLPC4337_Framework.a(CAN.o)
                0x1a0025fc                CAN0_IRQHandler
 .text.CAN1_IRQHandler
                0x1a0026c8       0xa4 C:\Users\Crozzolo Marcos\Documents\81 -Repo_Sup\LPC4337\trunk\LPC4337_Framework\Debug\libLPC4337_Framework.a(CAN.o)
                0x1a0026c8                CAN1_IRQHandler
 .text.Chip_CCAN_GetStatus
                0x1a00276c       0x18 C:\Users\Crozzolo Marcos\Documents\81 -Repo_Sup\LPC4337\trunk\LPC4337_Framework\Debug\libLPC4337_Framework.a(ccan_18xx_43xx.o)
 .text.Chip_CCAN_SetStatus
                0x1a002784       0x20 C:\Users\Crozzolo Marcos\Documents\81 -Repo_Sup\LPC4337\trunk\LPC4337_Framework\Debug\libLPC4337_Framework.a(ccan_18xx_43xx.o)
 .text.Chip_CCAN_ClearStatus
                0x1a0027a4       0x28 C:\Users\Crozzolo Marcos\Documents\81 -Repo_Sup\LPC4337\trunk\LPC4337_Framework\Debug\libLPC4337_Framework.a(ccan_18xx_43xx.o)
                0x1a0027a4                Chip_CCAN_ClearStatus
 .text.Chip_CCAN_GetMsgObject
                0x1a0027cc      0x12c C:\Users\Crozzolo Marcos\Documents\81 -Repo_Sup\LPC4337\trunk\LPC4337_Framework\Debug\libLPC4337_Framework.a(ccan_18xx_43xx.o)
                0x1a0027cc                Chip_CCAN_GetMsgObject
 .text.Chip_CCAN_TransferMsgObject
                0x1a0028f8       0x68 C:\Users\Crozzolo Marcos\Documents\81 -Repo_Sup\LPC4337\trunk\LPC4337_Framework\Debug\libLPC4337_Framework.a(ccan_18xx_43xx.o)
                0x1a0028f8                Chip_CCAN_TransferMsgObject
 .text.memset   0x1a002960        0x4 c:/nxp/lpcxpresso_7.9.2_493/lpcxpresso/tools/bin/../lib/gcc/arm-none-eabi/4.9.3/../../../../arm-none-eabi/lib/armv7e-m/softfp\libcr_c.a(memset.o)
                0x1a002960                memset
 .text.__weak_main
                0x1a002964        0x4 c:/nxp/lpcxpresso_7.9.2_493/lpcxpresso/tools/bin/../lib/gcc/arm-none-eabi/4.9.3/../../../../arm-none-eabi/lib/armv7e-m/softfp\libcr_c.a(__weak__main.o)
                0x1a002964                __weak_main
                0x1a002964                __main
 .text.__aeabi_memset_lowlevel
                0x1a002968       0x32 c:/nxp/lpcxpresso_7.9.2_493/lpcxpresso/tools/bin/../lib/gcc/arm-none-eabi/4.9.3/armv7e-m/softfp\libcr_eabihelpers.a(memcpy.o)
                0x1a002968                __aeabi_lowlevel_memset
 *(.rodata .rodata.* .constdata .constdata.*)
 *fill*         0x1a00299a        0x2 
 .rodata.ExtRateIn
                0x1a00299c        0x4 ./src/sysinit.o
                0x1a00299c                ExtRateIn
 .rodata.OscRateIn
                0x1a0029a0        0x4 ./src/sysinit.o
                0x1a0029a0                OscRateIn
 .rodata.GPIO_PHYS_PORT
                0x1a0029a4       0x6c C:\Users\Crozzolo Marcos\Documents\81 -Repo_Sup\LPC4337\trunk\LPC4337_Framework\Debug\libLPC4337_Framework.a(DIO.o)
                0x1a0029a4                GPIO_PHYS_PORT
 .rodata.GPIO_PHYS_PIN
                0x1a002a10       0x6c C:\Users\Crozzolo Marcos\Documents\81 -Repo_Sup\LPC4337\trunk\LPC4337_Framework\Debug\libLPC4337_Framework.a(DIO.o)
                0x1a002a10                GPIO_PHYS_PIN
 .rodata.periph_to_base
                0x1a002a7c       0x6c C:\Users\Crozzolo Marcos\Documents\81 -Repo_Sup\LPC4337\trunk\LPC4337_Framework\Debug\libLPC4337_Framework.a(clock_18xx_43xx.o)
 .rodata        0x1a002ae8        0xa C:\Users\Crozzolo Marcos\Documents\81 -Repo_Sup\LPC4337\trunk\LPC4337_Framework\Debug\libLPC4337_Framework.a(clock_18xx_43xx.o)
 *fill*         0x1a002af2        0x2 
 .rodata.InitClkStates
                0x1a002af4       0x48 C:\Users\Crozzolo Marcos\Documents\81 -Repo_Sup\LPC4337\trunk\LPC4337_Framework\Debug\libLPC4337_Framework.a(sysinit_18xx_43xx.o)
                0x1a002b3c                . = ALIGN (0x4)

.glue_7         0x1a002b3c        0x0
 .glue_7        0x00000000        0x0 linker stubs

.glue_7t        0x1a002b3c        0x0
 .glue_7t       0x00000000        0x0 linker stubs

.vfp11_veneer   0x1a002b3c        0x0
 .vfp11_veneer  0x00000000        0x0 linker stubs

.v4_bx          0x1a002b3c        0x0
 .v4_bx         0x00000000        0x0 linker stubs

.iplt           0x1a002b3c        0x0
 .iplt          0x00000000        0x0 ./src/Poisson.o

.rel.dyn        0x1a002b3c        0x0
 .rel.iplt      0x00000000        0x0 ./src/Poisson.o

.ARM.extab
 *(.ARM.extab* .gnu.linkonce.armextab.*)
                0x1a002b3c                __exidx_start = .

.ARM.exidx
 *(.ARM.exidx* .gnu.linkonce.armexidx.*)
                0x1a002b3c                __exidx_end = .
                0x1a002b3c                _etext = .

.data_RAM2      0x10080000        0x0 load address 0x1a002b3c
 FILL mask 0xff
                0x10080000                PROVIDE (__start_data_RAM2, .)
 *(.ramfunc.$RAM2)
 *(.ramfunc.$RamLoc40)
 *(.data.$RAM2*)
 *(.data.$RamLoc40*)
                0x10080000                . = ALIGN (0x4)
                0x10080000                PROVIDE (__end_data_RAM2, .)

.data_RAM3      0x20000000        0x0 load address 0x1a002b3c
 FILL mask 0xff
                0x20000000                PROVIDE (__start_data_RAM3, .)
 *(.ramfunc.$RAM3)
 *(.ramfunc.$RamAHB32)
 *(.data.$RAM3*)
 *(.data.$RamAHB32*)
                0x20000000                . = ALIGN (0x4)
                0x20000000                PROVIDE (__end_data_RAM3, .)

.data_RAM4      0x20008000        0x0 load address 0x1a002b3c
 FILL mask 0xff
                0x20008000                PROVIDE (__start_data_RAM4, .)
 *(.ramfunc.$RAM4)
 *(.ramfunc.$RamAHB16)
 *(.data.$RAM4*)
 *(.data.$RamAHB16*)
                0x20008000                . = ALIGN (0x4)
                0x20008000                PROVIDE (__end_data_RAM4, .)

.data_RAM5      0x2000c000        0x0 load address 0x1a002b3c
 FILL mask 0xff
                0x2000c000                PROVIDE (__start_data_RAM5, .)
 *(.ramfunc.$RAM5)
 *(.ramfunc.$RamAHB_ETB16)
 *(.data.$RAM5*)
 *(.data.$RamAHB_ETB16*)
                0x2000c000                . = ALIGN (0x4)
                0x2000c000                PROVIDE (__end_data_RAM5, .)

.uninit_RESERVED
                0x10000000        0x0
 *(.bss.$RESERVED*)
                0x10000000                . = ALIGN (0x4)
                0x10000000                _end_uninit_RESERVED = .

.data           0x10000000       0x40 load address 0x1a002b3c
 FILL mask 0xff
                0x10000000                _data = .
 *(vtable)
 *(.ramfunc*)
 *(.data*)
 .data.r        0x10000000        0x4 ./src/Poisson.o
                0x10000000                r
 .data.dt       0x10000004        0x4 ./src/Poisson.o
                0x10000004                dt
 .data.i2c      0x10000008       0x38 C:\Users\Crozzolo Marcos\Documents\81 -Repo_Sup\LPC4337\trunk\LPC4337_Framework\Debug\libLPC4337_Framework.a(i2c_18xx_43xx.o)
                0x10000040                . = ALIGN (0x4)
                0x10000040                _edata = .

.igot.plt       0x10000040        0x0 load address 0x1a002b7c
 .igot.plt      0x00000000        0x0 ./src/Poisson.o

.bss_RAM2       0x10080000        0x0
                0x10080000                PROVIDE (__start_bss_RAM2, .)
 *(.bss.$RAM2*)
 *(.bss.$RamLoc40*)
                0x10080000                . = ALIGN ((. != 0x0)?0x4:0x1)
                0x10080000                PROVIDE (__end_bss_RAM2, .)

.bss_RAM3       0x20000000        0x0
                0x20000000                PROVIDE (__start_bss_RAM3, .)
 *(.bss.$RAM3*)
 *(.bss.$RamAHB32*)
                0x20000000                . = ALIGN ((. != 0x0)?0x4:0x1)
                0x20000000                PROVIDE (__end_bss_RAM3, .)

.bss_RAM4       0x20008000        0x0
                0x20008000                PROVIDE (__start_bss_RAM4, .)
 *(.bss.$RAM4*)
 *(.bss.$RamAHB16*)
                0x20008000                . = ALIGN ((. != 0x0)?0x4:0x1)
                0x20008000                PROVIDE (__end_bss_RAM4, .)

.bss_RAM5       0x2000c000        0x0
                0x2000c000                PROVIDE (__start_bss_RAM5, .)
 *(.bss.$RAM5*)
 *(.bss.$RamAHB_ETB16*)
                0x2000c000                . = ALIGN ((. != 0x0)?0x4:0x1)
                0x2000c000                PROVIDE (__end_bss_RAM5, .)

.bss            0x10000040       0x94
                0x10000040                _bss = .
 *(.bss*)
 .bss.taps      0x10000040        0x4 ./src/Poisson.o
 .bss.masked_taps
                0x10000044        0x4 ./src/Poisson.o
 .bss.xored_taps
                0x10000048        0x4 ./src/Poisson.o
 .bss.normal_dist
                0x1000004c        0x4 ./src/Poisson.o
                0x1000004c                normal_dist
 .bss.n         0x10000050        0x4 ./src/Poisson.o
                0x10000050                n
 .bss.WDTimer   0x10000054        0x1 C:\Users\Crozzolo Marcos\Documents\81 -Repo_Sup\LPC4337\trunk\LPC4337_Framework\Debug\libLPC4337_Framework.a(General.o)
 *fill*         0x10000055        0x3 
 .bss.timerVector
                0x10000058       0x40 C:\Users\Crozzolo Marcos\Documents\81 -Repo_Sup\LPC4337\trunk\LPC4337_Framework\Debug\libLPC4337_Framework.a(timer_vect.o)
 .bss.lastTimer
                0x10000098        0x1 C:\Users\Crozzolo Marcos\Documents\81 -Repo_Sup\LPC4337\trunk\LPC4337_Framework\Debug\libLPC4337_Framework.a(timer_vect.o)
 *fill*         0x10000099        0x3 
 .bss.audio_usb_pll_freq
                0x1000009c        0x8 C:\Users\Crozzolo Marcos\Documents\81 -Repo_Sup\LPC4337\trunk\LPC4337_Framework\Debug\libLPC4337_Framework.a(clock_18xx_43xx.o)
 .bss.CAN0_RxIntCallback
                0x100000a4        0x4 C:\Users\Crozzolo Marcos\Documents\81 -Repo_Sup\LPC4337\trunk\LPC4337_Framework\Debug\libLPC4337_Framework.a(CAN.o)
 .bss.CAN0_StIntCallback
                0x100000a8        0x4 C:\Users\Crozzolo Marcos\Documents\81 -Repo_Sup\LPC4337\trunk\LPC4337_Framework\Debug\libLPC4337_Framework.a(CAN.o)
 .bss.CAN1_RxIntCallback
                0x100000ac        0x4 C:\Users\Crozzolo Marcos\Documents\81 -Repo_Sup\LPC4337\trunk\LPC4337_Framework\Debug\libLPC4337_Framework.a(CAN.o)
 .bss.CAN1_StIntCallback
                0x100000b0        0x4 C:\Users\Crozzolo Marcos\Documents\81 -Repo_Sup\LPC4337\trunk\LPC4337_Framework\Debug\libLPC4337_Framework.a(CAN.o)
 *(COMMON)
 COMMON         0x100000b4       0x1c ./src/Poisson.o
                0x100000b4                downPin
                0x100000b8                p
                0x100000bc                amplitude
                0x100000c0                upPin
                0x100000c4                dtTimer
                0x100000c8                pulsesPin
                0x100000cc                cAmplitude
 COMMON         0x100000d0        0x4 C:\Users\Crozzolo Marcos\Documents\81 -Repo_Sup\LPC4337\trunk\LPC4337_Framework\Debug\libLPC4337_Framework.a(chip_18xx_43xx.o)
                0x100000d0                SystemCoreClock
                0x100000d4                . = ALIGN (0x4)
                0x100000d4                _ebss = .
                0x100000d4                PROVIDE (end, .)

.noinit_RAM2    0x10080000        0x0
 *(.noinit.$RAM2*)
 *(.noinit.$RamLoc40*)
                0x10080000                . = ALIGN (0x4)

.noinit_RAM3    0x20000000        0x0
 *(.noinit.$RAM3*)
 *(.noinit.$RamAHB32*)
                0x20000000                . = ALIGN (0x4)

.noinit_RAM4    0x20008000        0x0
 *(.noinit.$RAM4*)
 *(.noinit.$RamAHB16*)
                0x20008000                . = ALIGN (0x4)

.noinit_RAM5    0x2000c000        0x0
 *(.noinit.$RAM5*)
 *(.noinit.$RamAHB_ETB16*)
                0x2000c000                . = ALIGN (0x4)

.noinit         0x100000d4        0x0
                0x100000d4                _noinit = .
 *(.noinit*)
                0x100000d4                . = ALIGN (0x4)
                0x100000d4                _end_noinit = .
                0x100000d4                PROVIDE (_pvHeapStart, DEFINED (__user_heap_base)?__user_heap_base:.)
                0x10008000                PROVIDE (_vStackTop, DEFINED (__user_stack_top)?__user_stack_top:(__top_RamLoc32 - 0x0))
                0x53ff6e1a                PROVIDE (__valid_user_code_checksum, (0x0 - ((((((_vStackTop + (ResetISR + 0x1)) + (NMI_Handler + 0x1)) + (HardFault_Handler + 0x1)) + (DEFINED (MemManage_Handler)?MemManage_Handler:0x0 + 0x1)) + (DEFINED (BusFault_Handler)?BusFault_Handler:0x0 + 0x1)) + (DEFINED (UsageFault_Handler)?UsageFault_Handler:0x0 + 0x1))))
OUTPUT(PoissonPulses.axf elf32-littlearm)

.debug_info     0x00000000     0xaee6
 .debug_info    0x00000000      0xe83 ./src/Poisson.o
 .debug_info    0x00000e83      0x292 ./src/cr_startup_lpc43xx.o
 .debug_info    0x00001115       0x3f ./src/crp.o
 .debug_info    0x00001154      0x5c2 ./src/sysinit.o
 .debug_info    0x00001716      0xca9 C:\Users\Crozzolo Marcos\Documents\81 -Repo_Sup\LPC4337\trunk\LPC4337_Framework\Debug\libLPC4337_Framework.a(DIO.o)
 .debug_info    0x000023bf     0x1083 C:\Users\Crozzolo Marcos\Documents\81 -Repo_Sup\LPC4337\trunk\LPC4337_Framework\Debug\libLPC4337_Framework.a(General.o)
 .debug_info    0x00003442      0x70f C:\Users\Crozzolo Marcos\Documents\81 -Repo_Sup\LPC4337\trunk\LPC4337_Framework\Debug\libLPC4337_Framework.a(I2C.o)
 .debug_info    0x00003b51      0xd37 C:\Users\Crozzolo Marcos\Documents\81 -Repo_Sup\LPC4337\trunk\LPC4337_Framework\Debug\libLPC4337_Framework.a(timer_vect.o)
 .debug_info    0x00004888      0xa21 C:\Users\Crozzolo Marcos\Documents\81 -Repo_Sup\LPC4337\trunk\LPC4337_Framework\Debug\libLPC4337_Framework.a(chip_18xx_43xx.o)
 .debug_info    0x000052a9     0x156a C:\Users\Crozzolo Marcos\Documents\81 -Repo_Sup\LPC4337\trunk\LPC4337_Framework\Debug\libLPC4337_Framework.a(clock_18xx_43xx.o)
 .debug_info    0x00006813      0x3b7 C:\Users\Crozzolo Marcos\Documents\81 -Repo_Sup\LPC4337\trunk\LPC4337_Framework\Debug\libLPC4337_Framework.a(dac_18xx_43xx.o)
 .debug_info    0x00006bca      0x124 C:\Users\Crozzolo Marcos\Documents\81 -Repo_Sup\LPC4337\trunk\LPC4337_Framework\Debug\libLPC4337_Framework.a(fpu_init.o)
 .debug_info    0x00006cee      0x427 C:\Users\Crozzolo Marcos\Documents\81 -Repo_Sup\LPC4337\trunk\LPC4337_Framework\Debug\libLPC4337_Framework.a(gpio_18xx_43xx.o)
 .debug_info    0x00007115     0x105d C:\Users\Crozzolo Marcos\Documents\81 -Repo_Sup\LPC4337\trunk\LPC4337_Framework\Debug\libLPC4337_Framework.a(i2c_18xx_43xx.o)
 .debug_info    0x00008172      0x8e8 C:\Users\Crozzolo Marcos\Documents\81 -Repo_Sup\LPC4337\trunk\LPC4337_Framework\Debug\libLPC4337_Framework.a(sysinit_18xx_43xx.o)
 .debug_info    0x00008a5a      0x4e1 C:\Users\Crozzolo Marcos\Documents\81 -Repo_Sup\LPC4337\trunk\LPC4337_Framework\Debug\libLPC4337_Framework.a(timer_18xx_43xx.o)
 .debug_info    0x00008f3b     0x13ee C:\Users\Crozzolo Marcos\Documents\81 -Repo_Sup\LPC4337\trunk\LPC4337_Framework\Debug\libLPC4337_Framework.a(CAN.o)
 .debug_info    0x0000a329      0xbbd C:\Users\Crozzolo Marcos\Documents\81 -Repo_Sup\LPC4337\trunk\LPC4337_Framework\Debug\libLPC4337_Framework.a(ccan_18xx_43xx.o)

.debug_abbrev   0x00000000     0x1db0
 .debug_abbrev  0x00000000      0x2c0 ./src/Poisson.o
 .debug_abbrev  0x000002c0       0xed ./src/cr_startup_lpc43xx.o
 .debug_abbrev  0x000003ad       0x36 ./src/crp.o
 .debug_abbrev  0x000003e3       0xd9 ./src/sysinit.o
 .debug_abbrev  0x000004bc      0x1cd C:\Users\Crozzolo Marcos\Documents\81 -Repo_Sup\LPC4337\trunk\LPC4337_Framework\Debug\libLPC4337_Framework.a(DIO.o)
 .debug_abbrev  0x00000689      0x297 C:\Users\Crozzolo Marcos\Documents\81 -Repo_Sup\LPC4337\trunk\LPC4337_Framework\Debug\libLPC4337_Framework.a(General.o)
 .debug_abbrev  0x00000920      0x1c3 C:\Users\Crozzolo Marcos\Documents\81 -Repo_Sup\LPC4337\trunk\LPC4337_Framework\Debug\libLPC4337_Framework.a(I2C.o)
 .debug_abbrev  0x00000ae3      0x200 C:\Users\Crozzolo Marcos\Documents\81 -Repo_Sup\LPC4337\trunk\LPC4337_Framework\Debug\libLPC4337_Framework.a(timer_vect.o)
 .debug_abbrev  0x00000ce3      0x146 C:\Users\Crozzolo Marcos\Documents\81 -Repo_Sup\LPC4337\trunk\LPC4337_Framework\Debug\libLPC4337_Framework.a(chip_18xx_43xx.o)
 .debug_abbrev  0x00000e29      0x2be C:\Users\Crozzolo Marcos\Documents\81 -Repo_Sup\LPC4337\trunk\LPC4337_Framework\Debug\libLPC4337_Framework.a(clock_18xx_43xx.o)
 .debug_abbrev  0x000010e7       0xee C:\Users\Crozzolo Marcos\Documents\81 -Repo_Sup\LPC4337\trunk\LPC4337_Framework\Debug\libLPC4337_Framework.a(dac_18xx_43xx.o)
 .debug_abbrev  0x000011d5       0x82 C:\Users\Crozzolo Marcos\Documents\81 -Repo_Sup\LPC4337\trunk\LPC4337_Framework\Debug\libLPC4337_Framework.a(fpu_init.o)
 .debug_abbrev  0x00001257      0x10f C:\Users\Crozzolo Marcos\Documents\81 -Repo_Sup\LPC4337\trunk\LPC4337_Framework\Debug\libLPC4337_Framework.a(gpio_18xx_43xx.o)
 .debug_abbrev  0x00001366      0x24e C:\Users\Crozzolo Marcos\Documents\81 -Repo_Sup\LPC4337\trunk\LPC4337_Framework\Debug\libLPC4337_Framework.a(i2c_18xx_43xx.o)
 .debug_abbrev  0x000015b4      0x17f C:\Users\Crozzolo Marcos\Documents\81 -Repo_Sup\LPC4337\trunk\LPC4337_Framework\Debug\libLPC4337_Framework.a(sysinit_18xx_43xx.o)
 .debug_abbrev  0x00001733      0x14c C:\Users\Crozzolo Marcos\Documents\81 -Repo_Sup\LPC4337\trunk\LPC4337_Framework\Debug\libLPC4337_Framework.a(timer_18xx_43xx.o)
 .debug_abbrev  0x0000187f      0x29f C:\Users\Crozzolo Marcos\Documents\81 -Repo_Sup\LPC4337\trunk\LPC4337_Framework\Debug\libLPC4337_Framework.a(CAN.o)
 .debug_abbrev  0x00001b1e      0x292 C:\Users\Crozzolo Marcos\Documents\81 -Repo_Sup\LPC4337\trunk\LPC4337_Framework\Debug\libLPC4337_Framework.a(ccan_18xx_43xx.o)

.debug_aranges  0x00000000      0x8c0
 .debug_aranges
                0x00000000       0x88 ./src/Poisson.o
 .debug_aranges
                0x00000088       0x80 ./src/cr_startup_lpc43xx.o
 .debug_aranges
                0x00000108       0x18 ./src/crp.o
 .debug_aranges
                0x00000120       0x20 ./src/sysinit.o
 .debug_aranges
                0x00000140       0xa8 C:\Users\Crozzolo Marcos\Documents\81 -Repo_Sup\LPC4337\trunk\LPC4337_Framework\Debug\libLPC4337_Framework.a(DIO.o)
 .debug_aranges
                0x000001e8       0xc0 C:\Users\Crozzolo Marcos\Documents\81 -Repo_Sup\LPC4337\trunk\LPC4337_Framework\Debug\libLPC4337_Framework.a(General.o)
 .debug_aranges
                0x000002a8       0x40 C:\Users\Crozzolo Marcos\Documents\81 -Repo_Sup\LPC4337\trunk\LPC4337_Framework\Debug\libLPC4337_Framework.a(I2C.o)
 .debug_aranges
                0x000002e8       0x98 C:\Users\Crozzolo Marcos\Documents\81 -Repo_Sup\LPC4337\trunk\LPC4337_Framework\Debug\libLPC4337_Framework.a(timer_vect.o)
 .debug_aranges
                0x00000380       0x40 C:\Users\Crozzolo Marcos\Documents\81 -Repo_Sup\LPC4337\trunk\LPC4337_Framework\Debug\libLPC4337_Framework.a(chip_18xx_43xx.o)
 .debug_aranges
                0x000003c0      0x138 C:\Users\Crozzolo Marcos\Documents\81 -Repo_Sup\LPC4337\trunk\LPC4337_Framework\Debug\libLPC4337_Framework.a(clock_18xx_43xx.o)
 .debug_aranges
                0x000004f8       0x38 C:\Users\Crozzolo Marcos\Documents\81 -Repo_Sup\LPC4337\trunk\LPC4337_Framework\Debug\libLPC4337_Framework.a(dac_18xx_43xx.o)
 .debug_aranges
                0x00000530       0x20 C:\Users\Crozzolo Marcos\Documents\81 -Repo_Sup\LPC4337\trunk\LPC4337_Framework\Debug\libLPC4337_Framework.a(fpu_init.o)
 .debug_aranges
                0x00000550       0x68 C:\Users\Crozzolo Marcos\Documents\81 -Repo_Sup\LPC4337\trunk\LPC4337_Framework\Debug\libLPC4337_Framework.a(gpio_18xx_43xx.o)
 .debug_aranges
                0x000005b8      0x118 C:\Users\Crozzolo Marcos\Documents\81 -Repo_Sup\LPC4337\trunk\LPC4337_Framework\Debug\libLPC4337_Framework.a(i2c_18xx_43xx.o)
 .debug_aranges
                0x000006d0       0x50 C:\Users\Crozzolo Marcos\Documents\81 -Repo_Sup\LPC4337\trunk\LPC4337_Framework\Debug\libLPC4337_Framework.a(sysinit_18xx_43xx.o)
 .debug_aranges
                0x00000720       0x40 C:\Users\Crozzolo Marcos\Documents\81 -Repo_Sup\LPC4337\trunk\LPC4337_Framework\Debug\libLPC4337_Framework.a(timer_18xx_43xx.o)
 .debug_aranges
                0x00000760       0xb0 C:\Users\Crozzolo Marcos\Documents\81 -Repo_Sup\LPC4337\trunk\LPC4337_Framework\Debug\libLPC4337_Framework.a(CAN.o)
 .debug_aranges
                0x00000810       0xb0 C:\Users\Crozzolo Marcos\Documents\81 -Repo_Sup\LPC4337\trunk\LPC4337_Framework\Debug\libLPC4337_Framework.a(ccan_18xx_43xx.o)

.debug_ranges   0x00000000      0x798
 .debug_ranges  0x00000000       0x78 ./src/Poisson.o
 .debug_ranges  0x00000078       0x70 ./src/cr_startup_lpc43xx.o
 .debug_ranges  0x000000e8       0x10 ./src/sysinit.o
 .debug_ranges  0x000000f8       0x98 C:\Users\Crozzolo Marcos\Documents\81 -Repo_Sup\LPC4337\trunk\LPC4337_Framework\Debug\libLPC4337_Framework.a(DIO.o)
 .debug_ranges  0x00000190       0xb0 C:\Users\Crozzolo Marcos\Documents\81 -Repo_Sup\LPC4337\trunk\LPC4337_Framework\Debug\libLPC4337_Framework.a(General.o)
 .debug_ranges  0x00000240       0x30 C:\Users\Crozzolo Marcos\Documents\81 -Repo_Sup\LPC4337\trunk\LPC4337_Framework\Debug\libLPC4337_Framework.a(I2C.o)
 .debug_ranges  0x00000270       0x88 C:\Users\Crozzolo Marcos\Documents\81 -Repo_Sup\LPC4337\trunk\LPC4337_Framework\Debug\libLPC4337_Framework.a(timer_vect.o)
 .debug_ranges  0x000002f8       0x30 C:\Users\Crozzolo Marcos\Documents\81 -Repo_Sup\LPC4337\trunk\LPC4337_Framework\Debug\libLPC4337_Framework.a(chip_18xx_43xx.o)
 .debug_ranges  0x00000328      0x128 C:\Users\Crozzolo Marcos\Documents\81 -Repo_Sup\LPC4337\trunk\LPC4337_Framework\Debug\libLPC4337_Framework.a(clock_18xx_43xx.o)
 .debug_ranges  0x00000450       0x28 C:\Users\Crozzolo Marcos\Documents\81 -Repo_Sup\LPC4337\trunk\LPC4337_Framework\Debug\libLPC4337_Framework.a(dac_18xx_43xx.o)
 .debug_ranges  0x00000478       0x10 C:\Users\Crozzolo Marcos\Documents\81 -Repo_Sup\LPC4337\trunk\LPC4337_Framework\Debug\libLPC4337_Framework.a(fpu_init.o)
 .debug_ranges  0x00000488       0x58 C:\Users\Crozzolo Marcos\Documents\81 -Repo_Sup\LPC4337\trunk\LPC4337_Framework\Debug\libLPC4337_Framework.a(gpio_18xx_43xx.o)
 .debug_ranges  0x000004e0      0x108 C:\Users\Crozzolo Marcos\Documents\81 -Repo_Sup\LPC4337\trunk\LPC4337_Framework\Debug\libLPC4337_Framework.a(i2c_18xx_43xx.o)
 .debug_ranges  0x000005e8       0x40 C:\Users\Crozzolo Marcos\Documents\81 -Repo_Sup\LPC4337\trunk\LPC4337_Framework\Debug\libLPC4337_Framework.a(sysinit_18xx_43xx.o)
 .debug_ranges  0x00000628       0x30 C:\Users\Crozzolo Marcos\Documents\81 -Repo_Sup\LPC4337\trunk\LPC4337_Framework\Debug\libLPC4337_Framework.a(timer_18xx_43xx.o)
 .debug_ranges  0x00000658       0xa0 C:\Users\Crozzolo Marcos\Documents\81 -Repo_Sup\LPC4337\trunk\LPC4337_Framework\Debug\libLPC4337_Framework.a(CAN.o)
 .debug_ranges  0x000006f8       0xa0 C:\Users\Crozzolo Marcos\Documents\81 -Repo_Sup\LPC4337\trunk\LPC4337_Framework\Debug\libLPC4337_Framework.a(ccan_18xx_43xx.o)

.debug_macro    0x00000000     0x828e
 .debug_macro   0x00000000      0x382 ./src/Poisson.o
 .debug_macro   0x00000382      0x898 ./src/Poisson.o
 .debug_macro   0x00000c1a       0x10 ./src/Poisson.o
 .debug_macro   0x00000c2a       0x10 ./src/Poisson.o
 .debug_macro   0x00000c3a      0x12d ./src/Poisson.o
 .debug_macro   0x00000d67      0x5b2 ./src/Poisson.o
 .debug_macro   0x00001319       0x22 ./src/Poisson.o
 .debug_macro   0x0000133b       0x7b ./src/Poisson.o
 .debug_macro   0x000013b6       0x28 ./src/Poisson.o
 .debug_macro   0x000013de       0x3b ./src/Poisson.o
 .debug_macro   0x00001419       0x2d ./src/Poisson.o
 .debug_macro   0x00001446       0x42 ./src/Poisson.o
 .debug_macro   0x00001488      0xd39 ./src/Poisson.o
 .debug_macro   0x000021c1      0x2bc ./src/Poisson.o
 .debug_macro   0x0000247d      0x112 ./src/Poisson.o
 .debug_macro   0x0000258f       0x11 ./src/Poisson.o
 .debug_macro   0x000025a0       0x2a ./src/Poisson.o
 .debug_macro   0x000025ca       0x16 ./src/Poisson.o
 .debug_macro   0x000025e0      0x2e6 ./src/Poisson.o
 .debug_macro   0x000028c6       0x82 ./src/Poisson.o
 .debug_macro   0x00002948      0x13d ./src/Poisson.o
 .debug_macro   0x00002a85      0x198 ./src/Poisson.o
 .debug_macro   0x00002c1d       0x34 ./src/Poisson.o
 .debug_macro   0x00002c51       0x58 ./src/Poisson.o
 .debug_macro   0x00002ca9      0x236 ./src/Poisson.o
 .debug_macro   0x00002edf      0x572 ./src/Poisson.o
 .debug_macro   0x00003451       0x16 ./src/Poisson.o
 .debug_macro   0x00003467      0x18a ./src/Poisson.o
 .debug_macro   0x000035f1       0x88 ./src/Poisson.o
 .debug_macro   0x00003679      0x1b9 ./src/Poisson.o
 .debug_macro   0x00003832      0x1da ./src/Poisson.o
 .debug_macro   0x00003a0c       0x40 ./src/Poisson.o
 .debug_macro   0x00003a4c       0x1c ./src/Poisson.o
 .debug_macro   0x00003a68       0x2e ./src/Poisson.o
 .debug_macro   0x00003a96       0x2e ./src/Poisson.o
 .debug_macro   0x00003ac4       0x22 ./src/Poisson.o
 .debug_macro   0x00003ae6      0x201 ./src/Poisson.o
 .debug_macro   0x00003ce7       0xe0 ./src/Poisson.o
 .debug_macro   0x00003dc7      0x34c ./src/Poisson.o
 .debug_macro   0x00004113       0xdc ./src/Poisson.o
 .debug_macro   0x000041ef       0xc4 ./src/Poisson.o
 .debug_macro   0x000042b3       0x94 ./src/Poisson.o
 .debug_macro   0x00004347       0xb8 ./src/Poisson.o
 .debug_macro   0x000043ff       0x4c ./src/Poisson.o
 .debug_macro   0x0000444b       0x16 ./src/Poisson.o
 .debug_macro   0x00004461      0x328 ./src/Poisson.o
 .debug_macro   0x00004789       0x3a ./src/Poisson.o
 .debug_macro   0x000047c3       0xd0 ./src/Poisson.o
 .debug_macro   0x00004893       0x18 ./src/Poisson.o
 .debug_macro   0x000048ab       0x22 ./src/Poisson.o
 .debug_macro   0x000048cd       0x40 ./src/Poisson.o
 .debug_macro   0x0000490d       0x82 ./src/Poisson.o
 .debug_macro   0x0000498f      0x24a ./src/Poisson.o
 .debug_macro   0x00004bd9       0xbe ./src/Poisson.o
 .debug_macro   0x00004c97       0xb2 ./src/Poisson.o
 .debug_macro   0x00004d49       0x22 ./src/Poisson.o
 .debug_macro   0x00004d6b      0x25f ./src/Poisson.o
 .debug_macro   0x00004fca       0x1d ./src/cr_startup_lpc43xx.o
 .debug_macro   0x00004fe7       0x1a ./src/crp.o
 .debug_macro   0x00005001       0x34 ./src/crp.o
 .debug_macro   0x00005035      0x2da ./src/sysinit.o
 .debug_macro   0x0000530f      0x2e3 C:\Users\Crozzolo Marcos\Documents\81 -Repo_Sup\LPC4337\trunk\LPC4337_Framework\Debug\libLPC4337_Framework.a(DIO.o)
 .debug_macro   0x000055f2      0x898 C:\Users\Crozzolo Marcos\Documents\81 -Repo_Sup\LPC4337\trunk\LPC4337_Framework\Debug\libLPC4337_Framework.a(DIO.o)
 .debug_macro   0x00005e8a      0x35d C:\Users\Crozzolo Marcos\Documents\81 -Repo_Sup\LPC4337\trunk\LPC4337_Framework\Debug\libLPC4337_Framework.a(General.o)
 .debug_macro   0x000061e7      0x2f7 C:\Users\Crozzolo Marcos\Documents\81 -Repo_Sup\LPC4337\trunk\LPC4337_Framework\Debug\libLPC4337_Framework.a(I2C.o)
 .debug_macro   0x000064de      0x2f0 C:\Users\Crozzolo Marcos\Documents\81 -Repo_Sup\LPC4337\trunk\LPC4337_Framework\Debug\libLPC4337_Framework.a(timer_vect.o)
 .debug_macro   0x000067ce      0x2da C:\Users\Crozzolo Marcos\Documents\81 -Repo_Sup\LPC4337\trunk\LPC4337_Framework\Debug\libLPC4337_Framework.a(chip_18xx_43xx.o)
 .debug_macro   0x00006aa8      0x2e0 C:\Users\Crozzolo Marcos\Documents\81 -Repo_Sup\LPC4337\trunk\LPC4337_Framework\Debug\libLPC4337_Framework.a(clock_18xx_43xx.o)
 .debug_macro   0x00006d88      0x2da C:\Users\Crozzolo Marcos\Documents\81 -Repo_Sup\LPC4337\trunk\LPC4337_Framework\Debug\libLPC4337_Framework.a(dac_18xx_43xx.o)
 .debug_macro   0x00007062       0xc0 C:\Users\Crozzolo Marcos\Documents\81 -Repo_Sup\LPC4337\trunk\LPC4337_Framework\Debug\libLPC4337_Framework.a(fpu_init.o)
 .debug_macro   0x00007122      0x2da C:\Users\Crozzolo Marcos\Documents\81 -Repo_Sup\LPC4337\trunk\LPC4337_Framework\Debug\libLPC4337_Framework.a(gpio_18xx_43xx.o)
 .debug_macro   0x000073fc      0x2ec C:\Users\Crozzolo Marcos\Documents\81 -Repo_Sup\LPC4337\trunk\LPC4337_Framework\Debug\libLPC4337_Framework.a(i2c_18xx_43xx.o)
 .debug_macro   0x000076e8      0x2da C:\Users\Crozzolo Marcos\Documents\81 -Repo_Sup\LPC4337\trunk\LPC4337_Framework\Debug\libLPC4337_Framework.a(sysinit_18xx_43xx.o)
 .debug_macro   0x000079c2      0x2da C:\Users\Crozzolo Marcos\Documents\81 -Repo_Sup\LPC4337\trunk\LPC4337_Framework\Debug\libLPC4337_Framework.a(timer_18xx_43xx.o)
 .debug_macro   0x00007c9c      0x318 C:\Users\Crozzolo Marcos\Documents\81 -Repo_Sup\LPC4337\trunk\LPC4337_Framework\Debug\libLPC4337_Framework.a(CAN.o)
 .debug_macro   0x00007fb4      0x2da C:\Users\Crozzolo Marcos\Documents\81 -Repo_Sup\LPC4337\trunk\LPC4337_Framework\Debug\libLPC4337_Framework.a(ccan_18xx_43xx.o)

.debug_line     0x00000000     0x792f
 .debug_line    0x00000000      0x8fe ./src/Poisson.o
 .debug_line    0x000008fe       0xfa ./src/cr_startup_lpc43xx.o
 .debug_line    0x000009f8       0x78 ./src/crp.o
 .debug_line    0x00000a70      0x5eb ./src/sysinit.o
 .debug_line    0x0000105b      0x7ac C:\Users\Crozzolo Marcos\Documents\81 -Repo_Sup\LPC4337\trunk\LPC4337_Framework\Debug\libLPC4337_Framework.a(DIO.o)
 .debug_line    0x00001807      0x9a7 C:\Users\Crozzolo Marcos\Documents\81 -Repo_Sup\LPC4337\trunk\LPC4337_Framework\Debug\libLPC4337_Framework.a(General.o)
 .debug_line    0x000021ae      0x6da C:\Users\Crozzolo Marcos\Documents\81 -Repo_Sup\LPC4337\trunk\LPC4337_Framework\Debug\libLPC4337_Framework.a(I2C.o)
 .debug_line    0x00002888      0x7b9 C:\Users\Crozzolo Marcos\Documents\81 -Repo_Sup\LPC4337\trunk\LPC4337_Framework\Debug\libLPC4337_Framework.a(timer_vect.o)
 .debug_line    0x00003041      0x69b C:\Users\Crozzolo Marcos\Documents\81 -Repo_Sup\LPC4337\trunk\LPC4337_Framework\Debug\libLPC4337_Framework.a(chip_18xx_43xx.o)
 .debug_line    0x000036dc      0xa94 C:\Users\Crozzolo Marcos\Documents\81 -Repo_Sup\LPC4337\trunk\LPC4337_Framework\Debug\libLPC4337_Framework.a(clock_18xx_43xx.o)
 .debug_line    0x00004170      0x66f C:\Users\Crozzolo Marcos\Documents\81 -Repo_Sup\LPC4337\trunk\LPC4337_Framework\Debug\libLPC4337_Framework.a(dac_18xx_43xx.o)
 .debug_line    0x000047df      0x24b C:\Users\Crozzolo Marcos\Documents\81 -Repo_Sup\LPC4337\trunk\LPC4337_Framework\Debug\libLPC4337_Framework.a(fpu_init.o)
 .debug_line    0x00004a2a      0x6ec C:\Users\Crozzolo Marcos\Documents\81 -Repo_Sup\LPC4337\trunk\LPC4337_Framework\Debug\libLPC4337_Framework.a(gpio_18xx_43xx.o)
 .debug_line    0x00005116      0x953 C:\Users\Crozzolo Marcos\Documents\81 -Repo_Sup\LPC4337\trunk\LPC4337_Framework\Debug\libLPC4337_Framework.a(i2c_18xx_43xx.o)
 .debug_line    0x00005a69      0x70d C:\Users\Crozzolo Marcos\Documents\81 -Repo_Sup\LPC4337\trunk\LPC4337_Framework\Debug\libLPC4337_Framework.a(sysinit_18xx_43xx.o)
 .debug_line    0x00006176      0x696 C:\Users\Crozzolo Marcos\Documents\81 -Repo_Sup\LPC4337\trunk\LPC4337_Framework\Debug\libLPC4337_Framework.a(timer_18xx_43xx.o)
 .debug_line    0x0000680c      0x8c5 C:\Users\Crozzolo Marcos\Documents\81 -Repo_Sup\LPC4337\trunk\LPC4337_Framework\Debug\libLPC4337_Framework.a(CAN.o)
 .debug_line    0x000070d1      0x85e C:\Users\Crozzolo Marcos\Documents\81 -Repo_Sup\LPC4337\trunk\LPC4337_Framework\Debug\libLPC4337_Framework.a(ccan_18xx_43xx.o)

.debug_str      0x00000000    0x1a00d
 .debug_str     0x00000000    0x17a64 ./src/Poisson.o
                              0x17bd2 (size before relaxing)
 .debug_str     0x00017a64      0x1de ./src/cr_startup_lpc43xx.o
                               0x2724 (size before relaxing)
 .debug_str     0x00017c42       0xe9 ./src/crp.o
                               0x261b (size before relaxing)
 .debug_str     0x00017d2b       0x2f ./src/sysinit.o
                              0x15ab9 (size before relaxing)
 .debug_str     0x00017d5a      0x22b C:\Users\Crozzolo Marcos\Documents\81 -Repo_Sup\LPC4337\trunk\LPC4337_Framework\Debug\libLPC4337_Framework.a(DIO.o)
                              0x15d0e (size before relaxing)
 .debug_str     0x00017f85      0x588 C:\Users\Crozzolo Marcos\Documents\81 -Repo_Sup\LPC4337\trunk\LPC4337_Framework\Debug\libLPC4337_Framework.a(General.o)
                              0x16cb9 (size before relaxing)
 .debug_str     0x0001850d      0x100 C:\Users\Crozzolo Marcos\Documents\81 -Repo_Sup\LPC4337\trunk\LPC4337_Framework\Debug\libLPC4337_Framework.a(I2C.o)
                              0x15d5d (size before relaxing)
 .debug_str     0x0001860d      0x1b8 C:\Users\Crozzolo Marcos\Documents\81 -Repo_Sup\LPC4337\trunk\LPC4337_Framework\Debug\libLPC4337_Framework.a(timer_vect.o)
                              0x1607a (size before relaxing)
 .debug_str     0x000187c5      0x1c5 C:\Users\Crozzolo Marcos\Documents\81 -Repo_Sup\LPC4337\trunk\LPC4337_Framework\Debug\libLPC4337_Framework.a(chip_18xx_43xx.o)
                              0x15d9a (size before relaxing)
 .debug_str     0x0001898a      0x5e0 C:\Users\Crozzolo Marcos\Documents\81 -Repo_Sup\LPC4337\trunk\LPC4337_Framework\Debug\libLPC4337_Framework.a(clock_18xx_43xx.o)
                              0x1631d (size before relaxing)
 .debug_str     0x00018f6a       0xfa C:\Users\Crozzolo Marcos\Documents\81 -Repo_Sup\LPC4337\trunk\LPC4337_Framework\Debug\libLPC4337_Framework.a(dac_18xx_43xx.o)
                              0x154f2 (size before relaxing)
 .debug_str     0x00019064       0xfe C:\Users\Crozzolo Marcos\Documents\81 -Repo_Sup\LPC4337\trunk\LPC4337_Framework\Debug\libLPC4337_Framework.a(fpu_init.o)
                               0x9933 (size before relaxing)
 .debug_str     0x00019162      0x12d C:\Users\Crozzolo Marcos\Documents\81 -Repo_Sup\LPC4337\trunk\LPC4337_Framework\Debug\libLPC4337_Framework.a(gpio_18xx_43xx.o)
                              0x1519c (size before relaxing)
 .debug_str     0x0001928f      0x549 C:\Users\Crozzolo Marcos\Documents\81 -Repo_Sup\LPC4337\trunk\LPC4337_Framework\Debug\libLPC4337_Framework.a(i2c_18xx_43xx.o)
                              0x1606d (size before relaxing)
 .debug_str     0x000197d8      0x117 C:\Users\Crozzolo Marcos\Documents\81 -Repo_Sup\LPC4337\trunk\LPC4337_Framework\Debug\libLPC4337_Framework.a(sysinit_18xx_43xx.o)
                              0x15d69 (size before relaxing)
 .debug_str     0x000198ef      0x175 C:\Users\Crozzolo Marcos\Documents\81 -Repo_Sup\LPC4337\trunk\LPC4337_Framework\Debug\libLPC4337_Framework.a(timer_18xx_43xx.o)
                              0x15596 (size before relaxing)
 .debug_str     0x00019a64      0x351 C:\Users\Crozzolo Marcos\Documents\81 -Repo_Sup\LPC4337\trunk\LPC4337_Framework\Debug\libLPC4337_Framework.a(CAN.o)
                              0x16e42 (size before relaxing)
 .debug_str     0x00019db5      0x258 C:\Users\Crozzolo Marcos\Documents\81 -Repo_Sup\LPC4337\trunk\LPC4337_Framework\Debug\libLPC4337_Framework.a(ccan_18xx_43xx.o)
                              0x157de (size before relaxing)

.comment        0x00000000       0x70
 .comment       0x00000000       0x70 ./src/Poisson.o
                                 0x71 (size before relaxing)
 .comment       0x00000000       0x71 ./src/cr_startup_lpc43xx.o
 .comment       0x00000000       0x71 ./src/crp.o
 .comment       0x00000000       0x71 ./src/sysinit.o
 .comment       0x00000000       0x71 C:\Users\Crozzolo Marcos\Documents\81 -Repo_Sup\LPC4337\trunk\LPC4337_Framework\Debug\libLPC4337_Framework.a(DIO.o)
 .comment       0x00000000       0x71 C:\Users\Crozzolo Marcos\Documents\81 -Repo_Sup\LPC4337\trunk\LPC4337_Framework\Debug\libLPC4337_Framework.a(General.o)
 .comment       0x00000000       0x71 C:\Users\Crozzolo Marcos\Documents\81 -Repo_Sup\LPC4337\trunk\LPC4337_Framework\Debug\libLPC4337_Framework.a(I2C.o)
 .comment       0x00000000       0x71 C:\Users\Crozzolo Marcos\Documents\81 -Repo_Sup\LPC4337\trunk\LPC4337_Framework\Debug\libLPC4337_Framework.a(timer_vect.o)
 .comment       0x00000000       0x71 C:\Users\Crozzolo Marcos\Documents\81 -Repo_Sup\LPC4337\trunk\LPC4337_Framework\Debug\libLPC4337_Framework.a(chip_18xx_43xx.o)
 .comment       0x00000000       0x71 C:\Users\Crozzolo Marcos\Documents\81 -Repo_Sup\LPC4337\trunk\LPC4337_Framework\Debug\libLPC4337_Framework.a(clock_18xx_43xx.o)
 .comment       0x00000000       0x71 C:\Users\Crozzolo Marcos\Documents\81 -Repo_Sup\LPC4337\trunk\LPC4337_Framework\Debug\libLPC4337_Framework.a(dac_18xx_43xx.o)
 .comment       0x00000000       0x71 C:\Users\Crozzolo Marcos\Documents\81 -Repo_Sup\LPC4337\trunk\LPC4337_Framework\Debug\libLPC4337_Framework.a(fpu_init.o)
 .comment       0x00000000       0x71 C:\Users\Crozzolo Marcos\Documents\81 -Repo_Sup\LPC4337\trunk\LPC4337_Framework\Debug\libLPC4337_Framework.a(gpio_18xx_43xx.o)
 .comment       0x00000000       0x71 C:\Users\Crozzolo Marcos\Documents\81 -Repo_Sup\LPC4337\trunk\LPC4337_Framework\Debug\libLPC4337_Framework.a(i2c_18xx_43xx.o)
 .comment       0x00000000       0x71 C:\Users\Crozzolo Marcos\Documents\81 -Repo_Sup\LPC4337\trunk\LPC4337_Framework\Debug\libLPC4337_Framework.a(sysinit_18xx_43xx.o)
 .comment       0x00000000       0x71 C:\Users\Crozzolo Marcos\Documents\81 -Repo_Sup\LPC4337\trunk\LPC4337_Framework\Debug\libLPC4337_Framework.a(timer_18xx_43xx.o)
 .comment       0x00000000       0x71 C:\Users\Crozzolo Marcos\Documents\81 -Repo_Sup\LPC4337\trunk\LPC4337_Framework\Debug\libLPC4337_Framework.a(CAN.o)
 .comment       0x00000000       0x71 C:\Users\Crozzolo Marcos\Documents\81 -Repo_Sup\LPC4337\trunk\LPC4337_Framework\Debug\libLPC4337_Framework.a(ccan_18xx_43xx.o)
 .comment       0x00000000       0x71 c:/nxp/lpcxpresso_7.9.2_493/lpcxpresso/tools/bin/../lib/gcc/arm-none-eabi/4.9.3/../../../../arm-none-eabi/lib/armv7e-m/softfp\libcr_c.a(memset.o)
 .comment       0x00000000       0x71 c:/nxp/lpcxpresso_7.9.2_493/lpcxpresso/tools/bin/../lib/gcc/arm-none-eabi/4.9.3/../../../../arm-none-eabi/lib/armv7e-m/softfp\libcr_c.a(__weak__main.o)

.ARM.attributes
                0x00000000       0x35
 .ARM.attributes
                0x00000000       0x37 ./src/Poisson.o
 .ARM.attributes
                0x00000037       0x37 ./src/cr_startup_lpc43xx.o
 .ARM.attributes
                0x0000006e       0x37 ./src/crp.o
 .ARM.attributes
                0x000000a5       0x37 ./src/sysinit.o
 .ARM.attributes
                0x000000dc       0x37 C:\Users\Crozzolo Marcos\Documents\81 -Repo_Sup\LPC4337\trunk\LPC4337_Framework\Debug\libLPC4337_Framework.a(DIO.o)
 .ARM.attributes
                0x00000113       0x37 C:\Users\Crozzolo Marcos\Documents\81 -Repo_Sup\LPC4337\trunk\LPC4337_Framework\Debug\libLPC4337_Framework.a(General.o)
 .ARM.attributes
                0x0000014a       0x37 C:\Users\Crozzolo Marcos\Documents\81 -Repo_Sup\LPC4337\trunk\LPC4337_Framework\Debug\libLPC4337_Framework.a(I2C.o)
 .ARM.attributes
                0x00000181       0x37 C:\Users\Crozzolo Marcos\Documents\81 -Repo_Sup\LPC4337\trunk\LPC4337_Framework\Debug\libLPC4337_Framework.a(timer_vect.o)
 .ARM.attributes
                0x000001b8       0x37 C:\Users\Crozzolo Marcos\Documents\81 -Repo_Sup\LPC4337\trunk\LPC4337_Framework\Debug\libLPC4337_Framework.a(chip_18xx_43xx.o)
 .ARM.attributes
                0x000001ef       0x37 C:\Users\Crozzolo Marcos\Documents\81 -Repo_Sup\LPC4337\trunk\LPC4337_Framework\Debug\libLPC4337_Framework.a(clock_18xx_43xx.o)
 .ARM.attributes
                0x00000226       0x37 C:\Users\Crozzolo Marcos\Documents\81 -Repo_Sup\LPC4337\trunk\LPC4337_Framework\Debug\libLPC4337_Framework.a(dac_18xx_43xx.o)
 .ARM.attributes
                0x0000025d       0x37 C:\Users\Crozzolo Marcos\Documents\81 -Repo_Sup\LPC4337\trunk\LPC4337_Framework\Debug\libLPC4337_Framework.a(fpu_init.o)
 .ARM.attributes
                0x00000294       0x37 C:\Users\Crozzolo Marcos\Documents\81 -Repo_Sup\LPC4337\trunk\LPC4337_Framework\Debug\libLPC4337_Framework.a(gpio_18xx_43xx.o)
 .ARM.attributes
                0x000002cb       0x37 C:\Users\Crozzolo Marcos\Documents\81 -Repo_Sup\LPC4337\trunk\LPC4337_Framework\Debug\libLPC4337_Framework.a(i2c_18xx_43xx.o)
 .ARM.attributes
                0x00000302       0x37 C:\Users\Crozzolo Marcos\Documents\81 -Repo_Sup\LPC4337\trunk\LPC4337_Framework\Debug\libLPC4337_Framework.a(sysinit_18xx_43xx.o)
 .ARM.attributes
                0x00000339       0x37 C:\Users\Crozzolo Marcos\Documents\81 -Repo_Sup\LPC4337\trunk\LPC4337_Framework\Debug\libLPC4337_Framework.a(timer_18xx_43xx.o)
 .ARM.attributes
                0x00000370       0x37 C:\Users\Crozzolo Marcos\Documents\81 -Repo_Sup\LPC4337\trunk\LPC4337_Framework\Debug\libLPC4337_Framework.a(CAN.o)
 .ARM.attributes
                0x000003a7       0x37 C:\Users\Crozzolo Marcos\Documents\81 -Repo_Sup\LPC4337\trunk\LPC4337_Framework\Debug\libLPC4337_Framework.a(ccan_18xx_43xx.o)
 .ARM.attributes
                0x000003de       0x37 c:/nxp/lpcxpresso_7.9.2_493/lpcxpresso/tools/bin/../lib/gcc/arm-none-eabi/4.9.3/../../../../arm-none-eabi/lib/armv7e-m/softfp\libcr_c.a(memset.o)
 .ARM.attributes
                0x00000415       0x37 c:/nxp/lpcxpresso_7.9.2_493/lpcxpresso/tools/bin/../lib/gcc/arm-none-eabi/4.9.3/../../../../arm-none-eabi/lib/armv7e-m/softfp\libcr_c.a(__weak__main.o)
 .ARM.attributes
                0x0000044c       0x25 c:/nxp/lpcxpresso_7.9.2_493/lpcxpresso/tools/bin/../lib/gcc/arm-none-eabi/4.9.3/armv7e-m/softfp\libcr_eabihelpers.a(memcpy.o)

.debug_frame    0x00000000     0x2190
 .debug_frame   0x00000000      0x1fc ./src/Poisson.o
 .debug_frame   0x000001fc      0x170 ./src/cr_startup_lpc43xx.o
 .debug_frame   0x0000036c       0x34 ./src/sysinit.o
 .debug_frame   0x000003a0      0x2bc C:\Users\Crozzolo Marcos\Documents\81 -Repo_Sup\LPC4337\trunk\LPC4337_Framework\Debug\libLPC4337_Framework.a(DIO.o)
 .debug_frame   0x0000065c      0x304 C:\Users\Crozzolo Marcos\Documents\81 -Repo_Sup\LPC4337\trunk\LPC4337_Framework\Debug\libLPC4337_Framework.a(General.o)
 .debug_frame   0x00000960       0xd0 C:\Users\Crozzolo Marcos\Documents\81 -Repo_Sup\LPC4337\trunk\LPC4337_Framework\Debug\libLPC4337_Framework.a(I2C.o)
 .debug_frame   0x00000a30      0x288 C:\Users\Crozzolo Marcos\Documents\81 -Repo_Sup\LPC4337\trunk\LPC4337_Framework\Debug\libLPC4337_Framework.a(timer_vect.o)
 .debug_frame   0x00000cb8       0xa0 C:\Users\Crozzolo Marcos\Documents\81 -Repo_Sup\LPC4337\trunk\LPC4337_Framework\Debug\libLPC4337_Framework.a(chip_18xx_43xx.o)
 .debug_frame   0x00000d58      0x568 C:\Users\Crozzolo Marcos\Documents\81 -Repo_Sup\LPC4337\trunk\LPC4337_Framework\Debug\libLPC4337_Framework.a(clock_18xx_43xx.o)
 .debug_frame   0x000012c0       0xa8 C:\Users\Crozzolo Marcos\Documents\81 -Repo_Sup\LPC4337\trunk\LPC4337_Framework\Debug\libLPC4337_Framework.a(dac_18xx_43xx.o)
 .debug_frame   0x00001368       0x38 C:\Users\Crozzolo Marcos\Documents\81 -Repo_Sup\LPC4337\trunk\LPC4337_Framework\Debug\libLPC4337_Framework.a(fpu_init.o)
 .debug_frame   0x000013a0      0x198 C:\Users\Crozzolo Marcos\Documents\81 -Repo_Sup\LPC4337\trunk\LPC4337_Framework\Debug\libLPC4337_Framework.a(gpio_18xx_43xx.o)
 .debug_frame   0x00001538      0x4c8 C:\Users\Crozzolo Marcos\Documents\81 -Repo_Sup\LPC4337\trunk\LPC4337_Framework\Debug\libLPC4337_Framework.a(i2c_18xx_43xx.o)
 .debug_frame   0x00001a00       0xf4 C:\Users\Crozzolo Marcos\Documents\81 -Repo_Sup\LPC4337\trunk\LPC4337_Framework\Debug\libLPC4337_Framework.a(sysinit_18xx_43xx.o)
 .debug_frame   0x00001af4       0xd0 C:\Users\Crozzolo Marcos\Documents\81 -Repo_Sup\LPC4337\trunk\LPC4337_Framework\Debug\libLPC4337_Framework.a(timer_18xx_43xx.o)
 .debug_frame   0x00001bc4      0x2e4 C:\Users\Crozzolo Marcos\Documents\81 -Repo_Sup\LPC4337\trunk\LPC4337_Framework\Debug\libLPC4337_Framework.a(CAN.o)
 .debug_frame   0x00001ea8      0x2e8 C:\Users\Crozzolo Marcos\Documents\81 -Repo_Sup\LPC4337\trunk\LPC4337_Framework\Debug\libLPC4337_Framework.a(ccan_18xx_43xx.o)
