Archive member included because of file (symbol)

C:\Users\Crozzolo Marcos\Documents\81 -Repo_Sup\LPC4337\trunk\LPC4337_Framework\Debug\libLPC4337_Framework.a(CAN.o)
                              ./src/TPG_2.o (CAN_Init)
C:\Users\Crozzolo Marcos\Documents\81 -Repo_Sup\LPC4337\trunk\LPC4337_Framework\Debug\libLPC4337_Framework.a(DIO.o)
                              ./src/TPG_2.o (DIOSinglePinSetup)
C:\Users\Crozzolo Marcos\Documents\81 -Repo_Sup\LPC4337\trunk\LPC4337_Framework\Debug\libLPC4337_Framework.a(FMU.o)
                              ./src/TPG_2.o (FMU_init)
C:\Users\Crozzolo Marcos\Documents\81 -Repo_Sup\LPC4337\trunk\LPC4337_Framework\Debug\libLPC4337_Framework.a(General.o)
                              ./src/TPG_2.o (SupervisorInit)
C:\Users\Crozzolo Marcos\Documents\81 -Repo_Sup\LPC4337\trunk\LPC4337_Framework\Debug\libLPC4337_Framework.a(I2C.o)
                              C:\Users\Crozzolo Marcos\Documents\81 -Repo_Sup\LPC4337\trunk\LPC4337_Framework\Debug\libLPC4337_Framework.a(General.o) (I2C_Init)
C:\Users\Crozzolo Marcos\Documents\81 -Repo_Sup\LPC4337\trunk\LPC4337_Framework\Debug\libLPC4337_Framework.a(INVAPBus.o)
                              ./src/TPG_2.o (INVAPBus_Init)
C:\Users\Crozzolo Marcos\Documents\81 -Repo_Sup\LPC4337\trunk\LPC4337_Framework\Debug\libLPC4337_Framework.a(M24FC256.o)
                              C:\Users\Crozzolo Marcos\Documents\81 -Repo_Sup\LPC4337\trunk\LPC4337_Framework\Debug\libLPC4337_Framework.a(General.o) (M24FC256_Write)
C:\Users\Crozzolo Marcos\Documents\81 -Repo_Sup\LPC4337\trunk\LPC4337_Framework\Debug\libLPC4337_Framework.a(timer_vect.o)
                              C:\Users\Crozzolo Marcos\Documents\81 -Repo_Sup\LPC4337\trunk\LPC4337_Framework\Debug\libLPC4337_Framework.a(General.o) (TimeVect_Init)
C:\Users\Crozzolo Marcos\Documents\81 -Repo_Sup\LPC4337\trunk\LPC4337_Framework\Debug\libLPC4337_Framework.a(ccan_18xx_43xx.o)
                              C:\Users\Crozzolo Marcos\Documents\81 -Repo_Sup\LPC4337\trunk\LPC4337_Framework\Debug\libLPC4337_Framework.a(CAN.o) (Chip_CCAN_Init)
C:\Users\Crozzolo Marcos\Documents\81 -Repo_Sup\LPC4337\trunk\LPC4337_Framework\Debug\libLPC4337_Framework.a(chip_18xx_43xx.o)
                              ./src/TPG_2.o (SystemCoreClockUpdate)
C:\Users\Crozzolo Marcos\Documents\81 -Repo_Sup\LPC4337\trunk\LPC4337_Framework\Debug\libLPC4337_Framework.a(clock_18xx_43xx.o)
                              C:\Users\Crozzolo Marcos\Documents\81 -Repo_Sup\LPC4337\trunk\LPC4337_Framework\Debug\libLPC4337_Framework.a(chip_18xx_43xx.o) (Chip_Clock_GetClockInputHz)
C:\Users\Crozzolo Marcos\Documents\81 -Repo_Sup\LPC4337\trunk\LPC4337_Framework\Debug\libLPC4337_Framework.a(fpu_init.o)
                              ./src/sysinit.o (fpuInit)
C:\Users\Crozzolo Marcos\Documents\81 -Repo_Sup\LPC4337\trunk\LPC4337_Framework\Debug\libLPC4337_Framework.a(gpio_18xx_43xx.o)
                              C:\Users\Crozzolo Marcos\Documents\81 -Repo_Sup\LPC4337\trunk\LPC4337_Framework\Debug\libLPC4337_Framework.a(General.o) (Chip_GPIO_Init)
C:\Users\Crozzolo Marcos\Documents\81 -Repo_Sup\LPC4337\trunk\LPC4337_Framework\Debug\libLPC4337_Framework.a(i2c_18xx_43xx.o)
                              C:\Users\Crozzolo Marcos\Documents\81 -Repo_Sup\LPC4337\trunk\LPC4337_Framework\Debug\libLPC4337_Framework.a(I2C.o) (Chip_I2C_EventHandlerPolling)
C:\Users\Crozzolo Marcos\Documents\81 -Repo_Sup\LPC4337\trunk\LPC4337_Framework\Debug\libLPC4337_Framework.a(sysinit_18xx_43xx.o)
                              ./src/sysinit.o (Chip_SystemInit)
C:\Users\Crozzolo Marcos\Documents\81 -Repo_Sup\LPC4337\trunk\LPC4337_Framework\Debug\libLPC4337_Framework.a(timer_18xx_43xx.o)
                              C:\Users\Crozzolo Marcos\Documents\81 -Repo_Sup\LPC4337\trunk\LPC4337_Framework\Debug\libLPC4337_Framework.a(FMU.o) (Chip_TIMER_Init)
c:/nxp/lpcxpresso_7.9.2_493/lpcxpresso/tools/bin/../lib/gcc/arm-none-eabi/4.9.3/../../../../arm-none-eabi/lib/armv7e-m/softfp\libcr_c.a(memset.o)
                              C:\Users\Crozzolo Marcos\Documents\81 -Repo_Sup\LPC4337\trunk\LPC4337_Framework\Debug\libLPC4337_Framework.a(clock_18xx_43xx.o) (memset)
c:/nxp/lpcxpresso_7.9.2_493/lpcxpresso/tools/bin/../lib/gcc/arm-none-eabi/4.9.3/../../../../arm-none-eabi/lib/armv7e-m/softfp\libcr_c.a(__weak__main.o)
                              ./src/cr_startup_lpc43xx.o (__main)
c:/nxp/lpcxpresso_7.9.2_493/lpcxpresso/tools/bin/../lib/gcc/arm-none-eabi/4.9.3/armv7e-m/softfp\libcr_eabihelpers.a(double.o)
                              ./src/TPG_2.o (__aeabi_dmul)
c:/nxp/lpcxpresso_7.9.2_493/lpcxpresso/tools/bin/../lib/gcc/arm-none-eabi/4.9.3/armv7e-m/softfp\libcr_eabihelpers.a(memcpy.o)
                              c:/nxp/lpcxpresso_7.9.2_493/lpcxpresso/tools/bin/../lib/gcc/arm-none-eabi/4.9.3/../../../../arm-none-eabi/lib/armv7e-m/softfp\libcr_c.a(memset.o) (__aeabi_lowlevel_memset)

Allocating common symbols
[...]
Memory Configuration

Name             Origin             Length             Attributes
MFlashA512       0x1a000000         0x00080000         xr
MFlashB512       0x1b000000         0x00080000         xr
RamLoc32         0x10000000         0x00008000         xrw
RamLoc40         0x10080000         0x0000a000         xrw
RamAHB32         0x20000000         0x00008000         xrw
RamAHB16         0x20008000         0x00004000         xrw
RamAHB_ETB16     0x2000c000         0x00004000         xrw
*default*        0x00000000         0xffffffff

Linker script and memory map

LOAD ./src/TPG_2.o
LOAD ./src/cr_startup_lpc43xx.o
LOAD ./src/crp.o
LOAD ./src/sysinit.o
LOAD C:\Users\Crozzolo Marcos\Documents\81 -Repo_Sup\LPC4337\trunk\LPC4337_Framework\Debug\libLPC4337_Framework.a
LOAD C:\Users\Crozzolo Marcos\Documents\81 -Repo_Sup\LPC4337\trunk\lpc_chip_43xx\Debug\liblpc_chip_43xx.a
START GROUP
LOAD c:/nxp/lpcxpresso_7.9.2_493/lpcxpresso/tools/bin/../lib/gcc/arm-none-eabi/4.9.3/../../../../arm-none-eabi/lib/armv7e-m/softfp\libcr_c.a
LOAD c:/nxp/lpcxpresso_7.9.2_493/lpcxpresso/tools/bin/../lib/gcc/arm-none-eabi/4.9.3/armv7e-m/softfp\libcr_eabihelpers.a
END GROUP
                0x1a000000                __base_MFlashA512 = 0x1a000000
                0x1a000000                __base_Flash = 0x1a000000
                0x1a080000                __top_MFlashA512 = 0x1a080000
                0x1a080000                __top_Flash = 0x1a080000
                0x1b000000                __base_MFlashB512 = 0x1b000000
                0x1b000000                __base_Flash2 = 0x1b000000
                0x1b080000                __top_MFlashB512 = 0x1b080000
                0x1b080000                __top_Flash2 = 0x1b080000
                0x10000000                __base_RamLoc32 = 0x10000000
                0x10000000                __base_RAM = 0x10000000
                0x10008000                __top_RamLoc32 = 0x10008000
                0x10008000                __top_RAM = 0x10008000
                0x10080000                __base_RamLoc40 = 0x10080000
                0x10080000                __base_RAM2 = 0x10080000
                0x1008a000                __top_RamLoc40 = 0x1008a000
                0x1008a000                __top_RAM2 = 0x1008a000
                0x20000000                __base_RamAHB32 = 0x20000000
                0x20000000                __base_RAM3 = 0x20000000
                0x20008000                __top_RamAHB32 = 0x20008000
                0x20008000                __top_RAM3 = 0x20008000
                0x20008000                __base_RamAHB16 = 0x20008000
                0x20008000                __base_RAM4 = 0x20008000
                0x2000c000                __top_RamAHB16 = 0x2000c000
                0x2000c000                __top_RAM4 = 0x2000c000
                0x2000c000                __base_RamAHB_ETB16 = 0x2000c000
                0x2000c000                __base_RAM5 = 0x2000c000
                0x20010000                __top_RamAHB_ETB16 = 0x20010000
                0x20010000                __top_RAM5 = 0x20010000

.text_Flash2    0x1b000000        0x0
 FILL mask 0xff
 *(.text_Flash2*)
 *(.text_MFlashB512*)
 *(.text.$Flash2*)
 *(.text.$MFlashB512*)
 *(.rodata.$Flash2*)
 *(.rodata.$MFlashB512*)

.text           0x1a000000     0x67dc
 FILL mask 0xff
                0x1a000000                __vectors_start__ = ABSOLUTE (.)
 *(.isr_vector)
 .isr_vector    0x1a000000      0x114 ./src/cr_startup_lpc43xx.o
                0x1a000000                g_pfnVectors
                0x1a000114                . = ALIGN (0x4)
                0x1a000114                __section_table_start = .
                0x1a000114                __data_section_table = .
                0x1a000114        0x4 LONG 0x1a0067dc LOADADDR (.data)
                0x1a000118        0x4 LONG 0x10000000 ADDR (.data)
                0x1a00011c        0x4 LONG 0x3c SIZEOF (.data)
                0x1a000120        0x4 LONG 0x1a0067dc LOADADDR (.data_RAM2)
                0x1a000124        0x4 LONG 0x10080000 ADDR (.data_RAM2)
                0x1a000128        0x4 LONG 0x0 SIZEOF (.data_RAM2)
                0x1a00012c        0x4 LONG 0x1a0067dc LOADADDR (.data_RAM3)
                0x1a000130        0x4 LONG 0x20000000 ADDR (.data_RAM3)
                0x1a000134        0x4 LONG 0x0 SIZEOF (.data_RAM3)
                0x1a000138        0x4 LONG 0x1a0067dc LOADADDR (.data_RAM4)
                0x1a00013c        0x4 LONG 0x20008000 ADDR (.data_RAM4)
                0x1a000140        0x4 LONG 0x0 SIZEOF (.data_RAM4)
                0x1a000144        0x4 LONG 0x1a0067dc LOADADDR (.data_RAM5)
                0x1a000148        0x4 LONG 0x2000c000 ADDR (.data_RAM5)
                0x1a00014c        0x4 LONG 0x0 SIZEOF (.data_RAM5)
                0x1a000150                __data_section_table_end = .
                0x1a000150                __bss_section_table = .
                0x1a000150        0x4 LONG 0x10000040 ADDR (.bss)
                0x1a000154        0x4 LONG 0x354 SIZEOF (.bss)
                0x1a000158        0x4 LONG 0x10080000 ADDR (.bss_RAM2)
                0x1a00015c        0x4 LONG 0x0 SIZEOF (.bss_RAM2)
                0x1a000160        0x4 LONG 0x20000000 ADDR (.bss_RAM3)
                0x1a000164        0x4 LONG 0x0 SIZEOF (.bss_RAM3)
                0x1a000168        0x4 LONG 0x20008000 ADDR (.bss_RAM4)
                0x1a00016c        0x4 LONG 0x0 SIZEOF (.bss_RAM4)
                0x1a000170        0x4 LONG 0x2000c000 ADDR (.bss_RAM5)
                0x1a000174        0x4 LONG 0x0 SIZEOF (.bss_RAM5)
                0x1a000178                __bss_section_table_end = .
                0x1a000178                __section_table_end = .
 *(.after_vectors*)
 .after_vectors
                0x1a000178       0xcc ./src/cr_startup_lpc43xx.o
                0x1a000178                data_init
                0x1a0001bc                bss_init
                0x1a0001f4                NMI_Handler
                0x1a0001fc                HardFault_Handler
                0x1a000204                MemManage_Handler
                0x1a00020c                BusFault_Handler
                0x1a000214                UsageFault_Handler
                0x1a00021c                SVC_Handler
                0x1a000224                DebugMon_Handler
                0x1a00022c                PendSV_Handler
                0x1a000234                SysTick_Handler
                0x1a00023c                I2C1_IRQHandler
                0x1a00023c                UART1_IRQHandler
                0x1a00023c                GPIO5_IRQHandler
                0x1a00023c                USB1_IRQHandler
                0x1a00023c                ATIMER_IRQHandler
                0x1a00023c                UART0_IRQHandler
                0x1a00023c                SDIO_IRQHandler
                0x1a00023c                SGPIO_IRQHandler
                0x1a00023c                ADC0_IRQHandler
                0x1a00023c                I2S0_IRQHandler
                0x1a00023c                IntDefaultHandler
                0x1a00023c                SSP0_IRQHandler
                0x1a00023c                ADC1_IRQHandler
                0x1a00023c                I2C0_IRQHandler
                0x1a00023c                TIMER0_IRQHandler
                0x1a00023c                SPI_IRQHandler
                0x1a00023c                LCD_IRQHandler
                0x1a00023c                FLASH_EEPROM_IRQHandler
                0x1a00023c                TIMER1_IRQHandler
                0x1a00023c                UART2_IRQHandler
                0x1a00023c                I2S1_IRQHandler
                0x1a00023c                SSP1_IRQHandler
                0x1a00023c                USB0_IRQHandler
                0x1a00023c                GPIO3_IRQHandler
                0x1a00023c                SCT_IRQHandler
                0x1a00023c                ADCHS_IRQHandler
                0x1a00023c                WDT_IRQHandler
                0x1a00023c                RIT_IRQHandler
                0x1a00023c                SPIFI_IRQHandler
                0x1a00023c                QEI_IRQHandler
                0x1a00023c                ETH_IRQHandler
                0x1a00023c                GINT0_IRQHandler
                0x1a00023c                DAC_IRQHandler
                0x1a00023c                M0SUB_IRQHandler
                0x1a00023c                DMA_IRQHandler
                0x1a00023c                EVRT_IRQHandler
                0x1a00023c                RTC_IRQHandler
                0x1a00023c                UART3_IRQHandler
                0x1a00023c                MCPWM_IRQHandler
                0x1a00023c                M0APP_IRQHandler
                0x1a00023c                GINT1_IRQHandler
                0x1a00023c                GPIO4_IRQHandler
                0x000002fc                . = 0x2fc
 *fill*         0x1a000244       0xb8 ff
                0x1a0002fc                PROVIDE (__CRP_WORD_START__, .)
 *(.crp)
 .crp           0x1a0002fc        0x4 ./src/crp.o
                0x1a0002fc                CRP_WORD
                0x1a000300                PROVIDE (__CRP_WORD_END__, .)
                0x00000001                ASSERT (! ((__CRP_WORD_START__ == __CRP_WORD_END__)), Linker CRP Enabled, but no CRP_WORD provided within application)
 *(.text*)
 .text.NVIC_EnableIRQ
                0x1a000300       0x30 ./src/TPG_2.o
 .text.NVIC_DisableIRQ
                0x1a000330       0x34 ./src/TPG_2.o
 .text.Chip_SCU_GPIOIntPinSel
                0x1a000364       0x70 ./src/TPG_2.o
 .text.Chip_PININT_SetPinModeEdge
                0x1a0003d4       0x24 ./src/TPG_2.o
 .text.Chip_PININT_EnableIntLow
                0x1a0003f8       0x1c ./src/TPG_2.o
 .text.Chip_PININT_ClearIntStatus
                0x1a000414       0x1c ./src/TPG_2.o
 .text.main     0x1a000430      0x3d8 ./src/TPG_2.o
                0x1a000430                main
 .text.St_InputRead
                0x1a000808       0x58 ./src/TPG_2.o
                0x1a000808                St_InputRead
 .text.St_OutputRead
                0x1a000860       0x50 ./src/TPG_2.o
                0x1a000860                St_OutputRead
 .text.St_RateCalculus
                0x1a0008b0      0x440 ./src/TPG_2.o
                0x1a0008b0                St_RateCalculus
 .text.TPG_2_get_Bounds
                0x1a000cf0      0x464 ./src/TPG_2.o
                0x1a000cf0                TPG_2_get_Bounds
 .text.St_Check_Measures
                0x1a001154      0x1ec ./src/TPG_2.o
                0x1a001154                St_Check_Measures
 .text.portConfiguration
                0x1a001340      0x4a8 ./src/TPG_2.o
                0x1a001340                portConfiguration
 .text.getNimVoltages
                0x1a0017e8       0x78 ./src/TPG_2.o
                0x1a0017e8                getNimVoltages
 .text.getModuleAddress
                0x1a001860       0xe0 ./src/TPG_2.o
                0x1a001860                getModuleAddress
 .text.getRemoteLines
                0x1a001940      0x144 ./src/TPG_2.o
                0x1a001940                getRemoteLines
 .text.getLocalConfiguration
                0x1a001a84      0x124 ./src/TPG_2.o
                0x1a001a84                getLocalConfiguration
 .text.CalParamInit
                0x1a001ba8       0x6c ./src/TPG_2.o
                0x1a001ba8                CalParamInit
 .text.TPG_2_INVAPBusAttend
                0x1a001c14      0x2a8 ./src/TPG_2.o
                0x1a001c14                TPG_2_INVAPBusAttend
 .text.GPIO6_IRQHandler
                0x1a001ebc       0x3c ./src/TPG_2.o
                0x1a001ebc                GPIO6_IRQHandler
 .text.GPIO7_IRQHandler
                0x1a001ef8       0x3c ./src/TPG_2.o
                0x1a001ef8                GPIO7_IRQHandler
 .text.ResetISR
                0x1a001f34       0xc4 ./src/cr_startup_lpc43xx.o
                0x1a001f34                ResetISR
 .text.SystemInit
                0x1a001ff8       0x28 ./src/sysinit.o
                0x1a001ff8                SystemInit
 .text.NVIC_EnableIRQ
                0x1a002020       0x30 C:\Users\Crozzolo Marcos\Documents\81 -Repo_Sup\LPC4337\trunk\LPC4337_Framework\Debug\libLPC4337_Framework.a(CAN.o)
 .text.NVIC_SetPriority
                0x1a002050       0x54 C:\Users\Crozzolo Marcos\Documents\81 -Repo_Sup\LPC4337\trunk\LPC4337_Framework\Debug\libLPC4337_Framework.a(CAN.o)
 .text.Chip_SCU_PinMuxSet
                0x1a0020a4       0x30 C:\Users\Crozzolo Marcos\Documents\81 -Repo_Sup\LPC4337\trunk\LPC4337_Framework\Debug\libLPC4337_Framework.a(CAN.o)
 .text.Chip_CCAN_EnableInt
                0x1a0020d4       0x20 C:\Users\Crozzolo Marcos\Documents\81 -Repo_Sup\LPC4337\trunk\LPC4337_Framework\Debug\libLPC4337_Framework.a(CAN.o)
 .text.Chip_CCAN_GetIntID
                0x1a0020f4       0x18 C:\Users\Crozzolo Marcos\Documents\81 -Repo_Sup\LPC4337\trunk\LPC4337_Framework\Debug\libLPC4337_Framework.a(CAN.o)
 .text.Chip_CCAN_GetStatus
                0x1a00210c       0x18 C:\Users\Crozzolo Marcos\Documents\81 -Repo_Sup\LPC4337\trunk\LPC4337_Framework\Debug\libLPC4337_Framework.a(CAN.o)
 .text.Chip_CCAN_ClearMsgIntPend
                0x1a002124       0x30 C:\Users\Crozzolo Marcos\Documents\81 -Repo_Sup\LPC4337\trunk\LPC4337_Framework\Debug\libLPC4337_Framework.a(CAN.o)
 .text.CAN_Init
                0x1a002154       0xec C:\Users\Crozzolo Marcos\Documents\81 -Repo_Sup\LPC4337\trunk\LPC4337_Framework\Debug\libLPC4337_Framework.a(CAN.o)
                0x1a002154                CAN_Init
 .text.CAN_AddReceiveID
                0x1a002240       0x38 C:\Users\Crozzolo Marcos\Documents\81 -Repo_Sup\LPC4337\trunk\LPC4337_Framework\Debug\libLPC4337_Framework.a(CAN.o)
                0x1a002240                CAN_AddReceiveID
 .text.CAN_SendMessage
                0x1a002278       0x94 C:\Users\Crozzolo Marcos\Documents\81 -Repo_Sup\LPC4337\trunk\LPC4337_Framework\Debug\libLPC4337_Framework.a(CAN.o)
                0x1a002278                CAN_SendMessage
 .text.CAN0_IRQHandler
                0x1a00230c       0xcc C:\Users\Crozzolo Marcos\Documents\81 -Repo_Sup\LPC4337\trunk\LPC4337_Framework\Debug\libLPC4337_Framework.a(CAN.o)
                0x1a00230c                CAN0_IRQHandler
 .text.CAN1_IRQHandler
                0x1a0023d8       0xa4 C:\Users\Crozzolo Marcos\Documents\81 -Repo_Sup\LPC4337\trunk\LPC4337_Framework\Debug\libLPC4337_Framework.a(CAN.o)
                0x1a0023d8                CAN1_IRQHandler
 .text.CAN_SetRxCallback
                0x1a00247c       0x34 C:\Users\Crozzolo Marcos\Documents\81 -Repo_Sup\LPC4337\trunk\LPC4337_Framework\Debug\libLPC4337_Framework.a(CAN.o)
                0x1a00247c                CAN_SetRxCallback
 .text.CAN_SetStCallback
                0x1a0024b0       0x34 C:\Users\Crozzolo Marcos\Documents\81 -Repo_Sup\LPC4337\trunk\LPC4337_Framework\Debug\libLPC4337_Framework.a(CAN.o)
                0x1a0024b0                CAN_SetStCallback
 .text.Chip_SCU_PinMuxSet
                0x1a0024e4       0x30 C:\Users\Crozzolo Marcos\Documents\81 -Repo_Sup\LPC4337\trunk\LPC4337_Framework\Debug\libLPC4337_Framework.a(DIO.o)
 .text.Chip_GPIO_GetPinState
                0x1a002514       0x38 C:\Users\Crozzolo Marcos\Documents\81 -Repo_Sup\LPC4337\trunk\LPC4337_Framework\Debug\libLPC4337_Framework.a(DIO.o)
 .text.Chip_GPIO_SetPinDIROutput
                0x1a00254c       0x3c C:\Users\Crozzolo Marcos\Documents\81 -Repo_Sup\LPC4337\trunk\LPC4337_Framework\Debug\libLPC4337_Framework.a(DIO.o)
 .text.Chip_GPIO_SetPinDIRInput
                0x1a002588       0x40 C:\Users\Crozzolo Marcos\Documents\81 -Repo_Sup\LPC4337\trunk\LPC4337_Framework\Debug\libLPC4337_Framework.a(DIO.o)
 .text.Chip_GPIO_SetPinOutHigh
                0x1a0025c8       0x30 C:\Users\Crozzolo Marcos\Documents\81 -Repo_Sup\LPC4337\trunk\LPC4337_Framework\Debug\libLPC4337_Framework.a(DIO.o)
 .text.Chip_GPIO_SetPinOutLow
                0x1a0025f8       0x30 C:\Users\Crozzolo Marcos\Documents\81 -Repo_Sup\LPC4337\trunk\LPC4337_Framework\Debug\libLPC4337_Framework.a(DIO.o)
 .text.Chip_GPIO_SetPinToggle
                0x1a002628       0x30 C:\Users\Crozzolo Marcos\Documents\81 -Repo_Sup\LPC4337\trunk\LPC4337_Framework\Debug\libLPC4337_Framework.a(DIO.o)
 .text.DIOSinglePinSetup
                0x1a002658       0xb0 C:\Users\Crozzolo Marcos\Documents\81 -Repo_Sup\LPC4337\trunk\LPC4337_Framework\Debug\libLPC4337_Framework.a(DIO.o)
                0x1a002658                DIOSinglePinSetup
 .text.DIOSetPinHigh
                0x1a002708       0x28 C:\Users\Crozzolo Marcos\Documents\81 -Repo_Sup\LPC4337\trunk\LPC4337_Framework\Debug\libLPC4337_Framework.a(DIO.o)
                0x1a002708                DIOSetPinHigh
 .text.DIOSetPinLow
                0x1a002730       0x28 C:\Users\Crozzolo Marcos\Documents\81 -Repo_Sup\LPC4337\trunk\LPC4337_Framework\Debug\libLPC4337_Framework.a(DIO.o)
                0x1a002730                DIOSetPinLow
 .text.DIOSetPinToggle
                0x1a002758       0x28 C:\Users\Crozzolo Marcos\Documents\81 -Repo_Sup\LPC4337\trunk\LPC4337_Framework\Debug\libLPC4337_Framework.a(DIO.o)
                0x1a002758                DIOSetPinToggle
 .text.DIOGetPinState
                0x1a002780       0x2c C:\Users\Crozzolo Marcos\Documents\81 -Repo_Sup\LPC4337\trunk\LPC4337_Framework\Debug\libLPC4337_Framework.a(DIO.o)
                0x1a002780                DIOGetPinState
 .text.NVIC_EnableIRQ
                0x1a0027ac       0x30 C:\Users\Crozzolo Marcos\Documents\81 -Repo_Sup\LPC4337\trunk\LPC4337_Framework\Debug\libLPC4337_Framework.a(FMU.o)
 .text.NVIC_ClearPendingIRQ
                0x1a0027dc       0x34 C:\Users\Crozzolo Marcos\Documents\81 -Repo_Sup\LPC4337\trunk\LPC4337_Framework\Debug\libLPC4337_Framework.a(FMU.o)
 .text.Chip_SCU_GPIOIntPinSel
                0x1a002810       0x70 C:\Users\Crozzolo Marcos\Documents\81 -Repo_Sup\LPC4337\trunk\LPC4337_Framework\Debug\libLPC4337_Framework.a(FMU.o)
 .text.Chip_RGU_TriggerReset
                0x1a002880       0x38 C:\Users\Crozzolo Marcos\Documents\81 -Repo_Sup\LPC4337\trunk\LPC4337_Framework\Debug\libLPC4337_Framework.a(FMU.o)
 .text.Chip_RGU_InReset
                0x1a0028b8       0x40 C:\Users\Crozzolo Marcos\Documents\81 -Repo_Sup\LPC4337\trunk\LPC4337_Framework\Debug\libLPC4337_Framework.a(FMU.o)
 .text.Chip_PININT_Init
                0x1a0028f8       0x14 C:\Users\Crozzolo Marcos\Documents\81 -Repo_Sup\LPC4337\trunk\LPC4337_Framework\Debug\libLPC4337_Framework.a(FMU.o)
 .text.Chip_PININT_SetPinModeEdge
                0x1a00290c       0x24 C:\Users\Crozzolo Marcos\Documents\81 -Repo_Sup\LPC4337\trunk\LPC4337_Framework\Debug\libLPC4337_Framework.a(FMU.o)
 .text.Chip_PININT_EnableIntLow
                0x1a002930       0x1c C:\Users\Crozzolo Marcos\Documents\81 -Repo_Sup\LPC4337\trunk\LPC4337_Framework\Debug\libLPC4337_Framework.a(FMU.o)
 .text.Chip_PININT_GetIntStatus
                0x1a00294c       0x18 C:\Users\Crozzolo Marcos\Documents\81 -Repo_Sup\LPC4337\trunk\LPC4337_Framework\Debug\libLPC4337_Framework.a(FMU.o)
 .text.Chip_PININT_ClearIntStatus
                0x1a002964       0x1c C:\Users\Crozzolo Marcos\Documents\81 -Repo_Sup\LPC4337\trunk\LPC4337_Framework\Debug\libLPC4337_Framework.a(FMU.o)
 .text.Chip_TIMER_MatchPending
                0x1a002980       0x34 C:\Users\Crozzolo Marcos\Documents\81 -Repo_Sup\LPC4337\trunk\LPC4337_Framework\Debug\libLPC4337_Framework.a(FMU.o)
 .text.Chip_TIMER_ClearMatch
                0x1a0029b4       0x28 C:\Users\Crozzolo Marcos\Documents\81 -Repo_Sup\LPC4337\trunk\LPC4337_Framework\Debug\libLPC4337_Framework.a(FMU.o)
 .text.Chip_TIMER_Enable
                0x1a0029dc       0x20 C:\Users\Crozzolo Marcos\Documents\81 -Repo_Sup\LPC4337\trunk\LPC4337_Framework\Debug\libLPC4337_Framework.a(FMU.o)
 .text.Chip_TIMER_PrescaleSet
                0x1a0029fc       0x1c C:\Users\Crozzolo Marcos\Documents\81 -Repo_Sup\LPC4337\trunk\LPC4337_Framework\Debug\libLPC4337_Framework.a(FMU.o)
 .text.Chip_TIMER_SetMatch
                0x1a002a18       0x28 C:\Users\Crozzolo Marcos\Documents\81 -Repo_Sup\LPC4337\trunk\LPC4337_Framework\Debug\libLPC4337_Framework.a(FMU.o)
 .text.Chip_TIMER_MatchEnableInt
                0x1a002a40       0x34 C:\Users\Crozzolo Marcos\Documents\81 -Repo_Sup\LPC4337\trunk\LPC4337_Framework\Debug\libLPC4337_Framework.a(FMU.o)
 .text.Chip_TIMER_ResetOnMatchEnable
                0x1a002a74       0x34 C:\Users\Crozzolo Marcos\Documents\81 -Repo_Sup\LPC4337\trunk\LPC4337_Framework\Debug\libLPC4337_Framework.a(FMU.o)
 .text.FMU_init
                0x1a002aa8      0x174 C:\Users\Crozzolo Marcos\Documents\81 -Repo_Sup\LPC4337\trunk\LPC4337_Framework\Debug\libLPC4337_Framework.a(FMU.o)
                0x1a002aa8                FMU_init
 .text.FMU_enable_Input_interrupt
                0x1a002c1c       0x54 C:\Users\Crozzolo Marcos\Documents\81 -Repo_Sup\LPC4337\trunk\LPC4337_Framework\Debug\libLPC4337_Framework.a(FMU.o)
                0x1a002c1c                FMU_enable_Input_interrupt
 .text.FMU_set_INPUT
                0x1a002c70       0x40 C:\Users\Crozzolo Marcos\Documents\81 -Repo_Sup\LPC4337\trunk\LPC4337_Framework\Debug\libLPC4337_Framework.a(FMU.o)
                0x1a002c70                FMU_set_INPUT
 .text.FMU_get_measure
                0x1a002cb0       0xa0 C:\Users\Crozzolo Marcos\Documents\81 -Repo_Sup\LPC4337\trunk\LPC4337_Framework\Debug\libLPC4337_Framework.a(FMU.o)
                0x1a002cb0                FMU_get_measure
 .text.FMU_input_IRQ_handler
                0x1a002d50       0x7c C:\Users\Crozzolo Marcos\Documents\81 -Repo_Sup\LPC4337\trunk\LPC4337_Framework\Debug\libLPC4337_Framework.a(FMU.o)
 .text.GPIO0_IRQHandler
                0x1a002dcc       0x10 C:\Users\Crozzolo Marcos\Documents\81 -Repo_Sup\LPC4337\trunk\LPC4337_Framework\Debug\libLPC4337_Framework.a(FMU.o)
                0x1a002dcc                GPIO0_IRQHandler
 .text.GPIO1_IRQHandler
                0x1a002ddc       0x10 C:\Users\Crozzolo Marcos\Documents\81 -Repo_Sup\LPC4337\trunk\LPC4337_Framework\Debug\libLPC4337_Framework.a(FMU.o)
                0x1a002ddc                GPIO1_IRQHandler
 .text.GPIO2_IRQHandler
                0x1a002dec       0x10 C:\Users\Crozzolo Marcos\Documents\81 -Repo_Sup\LPC4337\trunk\LPC4337_Framework\Debug\libLPC4337_Framework.a(FMU.o)
                0x1a002dec                GPIO2_IRQHandler
 .text.TIMER3_IRQHandler
                0x1a002dfc       0xec C:\Users\Crozzolo Marcos\Documents\81 -Repo_Sup\LPC4337\trunk\LPC4337_Framework\Debug\libLPC4337_Framework.a(FMU.o)
                0x1a002dfc                TIMER3_IRQHandler
 .text.Chip_Clock_MainPLLLocked
                0x1a002ee8       0x24 C:\Users\Crozzolo Marcos\Documents\81 -Repo_Sup\LPC4337\trunk\LPC4337_Framework\Debug\libLPC4337_Framework.a(General.o)
 .text.Chip_RGU_TriggerReset
                0x1a002f0c       0x38 C:\Users\Crozzolo Marcos\Documents\81 -Repo_Sup\LPC4337\trunk\LPC4337_Framework\Debug\libLPC4337_Framework.a(General.o)
 .text.SupervisorInit
                0x1a002f44       0xb8 C:\Users\Crozzolo Marcos\Documents\81 -Repo_Sup\LPC4337\trunk\LPC4337_Framework\Debug\libLPC4337_Framework.a(General.o)
                0x1a002f44                SupervisorInit
 .text.WatchdogInit
                0x1a002ffc       0x24 C:\Users\Crozzolo Marcos\Documents\81 -Repo_Sup\LPC4337\trunk\LPC4337_Framework\Debug\libLPC4337_Framework.a(General.o)
                0x1a002ffc                WatchdogInit
 .text.WatchdogFeed
                0x1a003020       0x10 C:\Users\Crozzolo Marcos\Documents\81 -Repo_Sup\LPC4337\trunk\LPC4337_Framework\Debug\libLPC4337_Framework.a(General.o)
                0x1a003020                WatchdogFeed
 .text.GetBusAddress
                0x1a003030       0x90 C:\Users\Crozzolo Marcos\Documents\81 -Repo_Sup\LPC4337\trunk\LPC4337_Framework\Debug\libLPC4337_Framework.a(General.o)
                0x1a003030                GetBusAddress
 .text.CoreReset
                0x1a0030c0        0xc C:\Users\Crozzolo Marcos\Documents\81 -Repo_Sup\LPC4337\trunk\LPC4337_Framework\Debug\libLPC4337_Framework.a(General.o)
                0x1a0030c0                CoreReset
 .text.SupervisorCheck
                0x1a0030cc      0x1e4 C:\Users\Crozzolo Marcos\Documents\81 -Repo_Sup\LPC4337\trunk\LPC4337_Framework\Debug\libLPC4337_Framework.a(General.o)
                0x1a0030cc                SupervisorCheck
 .text.CRC16    0x1a0032b0       0x98 C:\Users\Crozzolo Marcos\Documents\81 -Repo_Sup\LPC4337\trunk\LPC4337_Framework\Debug\libLPC4337_Framework.a(General.o)
                0x1a0032b0                CRC16
 .text.SetINVAPBusPtr
                0x1a003348       0x1c C:\Users\Crozzolo Marcos\Documents\81 -Repo_Sup\LPC4337\trunk\LPC4337_Framework\Debug\libLPC4337_Framework.a(General.o)
                0x1a003348                SetINVAPBusPtr
 .text.GetHistError
                0x1a003364       0x28 C:\Users\Crozzolo Marcos\Documents\81 -Repo_Sup\LPC4337\trunk\LPC4337_Framework\Debug\libLPC4337_Framework.a(General.o)
                0x1a003364                GetHistError
 .text.PartErrContReset
                0x1a00338c       0x84 C:\Users\Crozzolo Marcos\Documents\81 -Repo_Sup\LPC4337\trunk\LPC4337_Framework\Debug\libLPC4337_Framework.a(General.o)
                0x1a00338c                PartErrContReset
 .text.ErrorContInc
                0x1a003410      0x2d8 C:\Users\Crozzolo Marcos\Documents\81 -Repo_Sup\LPC4337\trunk\LPC4337_Framework\Debug\libLPC4337_Framework.a(General.o)
                0x1a003410                ErrorContInc
 .text.UpdateErrCont
                0x1a0036e8       0xe8 C:\Users\Crozzolo Marcos\Documents\81 -Repo_Sup\LPC4337\trunk\LPC4337_Framework\Debug\libLPC4337_Framework.a(General.o)
                0x1a0036e8                UpdateErrCont
 .text.GetErrCont
                0x1a0037d0       0x1c C:\Users\Crozzolo Marcos\Documents\81 -Repo_Sup\LPC4337\trunk\LPC4337_Framework\Debug\libLPC4337_Framework.a(General.o)
                0x1a0037d0                GetErrCont
 .text.NVIC_DisableIRQ
                0x1a0037ec       0x34 C:\Users\Crozzolo Marcos\Documents\81 -Repo_Sup\LPC4337\trunk\LPC4337_Framework\Debug\libLPC4337_Framework.a(I2C.o)
 .text.Chip_SCU_PinMuxSet
                0x1a003820       0x30 C:\Users\Crozzolo Marcos\Documents\81 -Repo_Sup\LPC4337\trunk\LPC4337_Framework\Debug\libLPC4337_Framework.a(I2C.o)
 .text.Chip_SCU_I2C0PinConfig
                0x1a003850       0x20 C:\Users\Crozzolo Marcos\Documents\81 -Repo_Sup\LPC4337\trunk\LPC4337_Framework\Debug\libLPC4337_Framework.a(I2C.o)
 .text.I2C_Init
                0x1a003870       0x90 C:\Users\Crozzolo Marcos\Documents\81 -Repo_Sup\LPC4337\trunk\LPC4337_Framework\Debug\libLPC4337_Framework.a(I2C.o)
                0x1a003870                I2C_Init
 .text.I2C_MasterTransfer
                0x1a003900       0x40 C:\Users\Crozzolo Marcos\Documents\81 -Repo_Sup\LPC4337\trunk\LPC4337_Framework\Debug\libLPC4337_Framework.a(I2C.o)
                0x1a003900                I2C_MasterTransfer
 .text.INVAPBus_Init
                0x1a003940       0x78 C:\Users\Crozzolo Marcos\Documents\81 -Repo_Sup\LPC4337\trunk\LPC4337_Framework\Debug\libLPC4337_Framework.a(INVAPBus.o)
                0x1a003940                INVAPBus_Init
 .text.INVAPBus_GetCommErrCnt
                0x1a0039b8       0x18 C:\Users\Crozzolo Marcos\Documents\81 -Repo_Sup\LPC4337\trunk\LPC4337_Framework\Debug\libLPC4337_Framework.a(INVAPBus.o)
                0x1a0039b8                INVAPBus_GetCommErrCnt
 .text.INVAPBusRxCallback
                0x1a0039d0      0x300 C:\Users\Crozzolo Marcos\Documents\81 -Repo_Sup\LPC4337\trunk\LPC4337_Framework\Debug\libLPC4337_Framework.a(INVAPBus.o)
                0x1a0039d0                INVAPBusRxCallback
 .text.INVAPBusErrorCallback
                0x1a003cd0       0x28 C:\Users\Crozzolo Marcos\Documents\81 -Repo_Sup\LPC4337\trunk\LPC4337_Framework\Debug\libLPC4337_Framework.a(INVAPBus.o)
                0x1a003cd0                INVAPBusErrorCallback
 .text.M24FC256_Write
                0x1a003cf8      0x114 C:\Users\Crozzolo Marcos\Documents\81 -Repo_Sup\LPC4337\trunk\LPC4337_Framework\Debug\libLPC4337_Framework.a(M24FC256.o)
                0x1a003cf8                M24FC256_Write
 .text.M24FC256_Read
                0x1a003e0c       0x78 C:\Users\Crozzolo Marcos\Documents\81 -Repo_Sup\LPC4337\trunk\LPC4337_Framework\Debug\libLPC4337_Framework.a(M24FC256.o)
                0x1a003e0c                M24FC256_Read
 .text.NVIC_EnableIRQ
                0x1a003e84       0x30 C:\Users\Crozzolo Marcos\Documents\81 -Repo_Sup\LPC4337\trunk\LPC4337_Framework\Debug\libLPC4337_Framework.a(timer_vect.o)
 .text.NVIC_ClearPendingIRQ
                0x1a003eb4       0x34 C:\Users\Crozzolo Marcos\Documents\81 -Repo_Sup\LPC4337\trunk\LPC4337_Framework\Debug\libLPC4337_Framework.a(timer_vect.o)
 .text.Chip_RGU_TriggerReset
                0x1a003ee8       0x38 C:\Users\Crozzolo Marcos\Documents\81 -Repo_Sup\LPC4337\trunk\LPC4337_Framework\Debug\libLPC4337_Framework.a(timer_vect.o)
 .text.Chip_RGU_InReset
                0x1a003f20       0x40 C:\Users\Crozzolo Marcos\Documents\81 -Repo_Sup\LPC4337\trunk\LPC4337_Framework\Debug\libLPC4337_Framework.a(timer_vect.o)
 .text.Chip_TIMER_MatchPending
                0x1a003f60       0x34 C:\Users\Crozzolo Marcos\Documents\81 -Repo_Sup\LPC4337\trunk\LPC4337_Framework\Debug\libLPC4337_Framework.a(timer_vect.o)
 .text.Chip_TIMER_ClearMatch
                0x1a003f94       0x28 C:\Users\Crozzolo Marcos\Documents\81 -Repo_Sup\LPC4337\trunk\LPC4337_Framework\Debug\libLPC4337_Framework.a(timer_vect.o)
 .text.Chip_TIMER_Enable
                0x1a003fbc       0x20 C:\Users\Crozzolo Marcos\Documents\81 -Repo_Sup\LPC4337\trunk\LPC4337_Framework\Debug\libLPC4337_Framework.a(timer_vect.o)
 .text.Chip_TIMER_SetMatch
                0x1a003fdc       0x28 C:\Users\Crozzolo Marcos\Documents\81 -Repo_Sup\LPC4337\trunk\LPC4337_Framework\Debug\libLPC4337_Framework.a(timer_vect.o)
 .text.Chip_TIMER_MatchEnableInt
                0x1a004004       0x34 C:\Users\Crozzolo Marcos\Documents\81 -Repo_Sup\LPC4337\trunk\LPC4337_Framework\Debug\libLPC4337_Framework.a(timer_vect.o)
 .text.Chip_TIMER_ResetOnMatchEnable
                0x1a004038       0x34 C:\Users\Crozzolo Marcos\Documents\81 -Repo_Sup\LPC4337\trunk\LPC4337_Framework\Debug\libLPC4337_Framework.a(timer_vect.o)
 .text.TimeVect_Init
                0x1a00406c       0xa0 C:\Users\Crozzolo Marcos\Documents\81 -Repo_Sup\LPC4337\trunk\LPC4337_Framework\Debug\libLPC4337_Framework.a(timer_vect.o)
                0x1a00406c                TimeVect_Init
 .text.TimeVect_GetTimerInitialize
                0x1a00410c       0x4c C:\Users\Crozzolo Marcos\Documents\81 -Repo_Sup\LPC4337\trunk\LPC4337_Framework\Debug\libLPC4337_Framework.a(timer_vect.o)
                0x1a00410c                TimeVect_GetTimerInitialize
 .text.TimeVect_SetTimer
                0x1a004158       0x24 C:\Users\Crozzolo Marcos\Documents\81 -Repo_Sup\LPC4337\trunk\LPC4337_Framework\Debug\libLPC4337_Framework.a(timer_vect.o)
                0x1a004158                TimeVect_SetTimer
 .text.TimeVect_IsTimer
                0x1a00417c       0x34 C:\Users\Crozzolo Marcos\Documents\81 -Repo_Sup\LPC4337\trunk\LPC4337_Framework\Debug\libLPC4337_Framework.a(timer_vect.o)
                0x1a00417c                TimeVect_IsTimer
 .text.TIMER2_IRQHandler
                0x1a0041b0       0x64 C:\Users\Crozzolo Marcos\Documents\81 -Repo_Sup\LPC4337\trunk\LPC4337_Framework\Debug\libLPC4337_Framework.a(timer_vect.o)
                0x1a0041b0                TIMER2_IRQHandler
 .text.Chip_CCAN_GetStatus
                0x1a004214       0x18 C:\Users\Crozzolo Marcos\Documents\81 -Repo_Sup\LPC4337\trunk\LPC4337_Framework\Debug\libLPC4337_Framework.a(ccan_18xx_43xx.o)
 .text.Chip_CCAN_SetStatus
                0x1a00422c       0x20 C:\Users\Crozzolo Marcos\Documents\81 -Repo_Sup\LPC4337\trunk\LPC4337_Framework\Debug\libLPC4337_Framework.a(ccan_18xx_43xx.o)
 .text.Chip_CCAN_GetTxRQST
                0x1a00424c       0x24 C:\Users\Crozzolo Marcos\Documents\81 -Repo_Sup\LPC4337\trunk\LPC4337_Framework\Debug\libLPC4337_Framework.a(ccan_18xx_43xx.o)
 .text.Chip_CCAN_GetValidMsg
                0x1a004270       0x24 C:\Users\Crozzolo Marcos\Documents\81 -Repo_Sup\LPC4337\trunk\LPC4337_Framework\Debug\libLPC4337_Framework.a(ccan_18xx_43xx.o)
 .text.configTimming
                0x1a004294       0x98 C:\Users\Crozzolo Marcos\Documents\81 -Repo_Sup\LPC4337\trunk\LPC4337_Framework\Debug\libLPC4337_Framework.a(ccan_18xx_43xx.o)
 .text.getFreeMsgObject
                0x1a00432c       0x44 C:\Users\Crozzolo Marcos\Documents\81 -Repo_Sup\LPC4337\trunk\LPC4337_Framework\Debug\libLPC4337_Framework.a(ccan_18xx_43xx.o)
 .text.freeMsgObject
                0x1a004370       0x28 C:\Users\Crozzolo Marcos\Documents\81 -Repo_Sup\LPC4337\trunk\LPC4337_Framework\Debug\libLPC4337_Framework.a(ccan_18xx_43xx.o)
 .text.Chip_CCAN_GetClockIndex
                0x1a004398       0x2c C:\Users\Crozzolo Marcos\Documents\81 -Repo_Sup\LPC4337\trunk\LPC4337_Framework\Debug\libLPC4337_Framework.a(ccan_18xx_43xx.o)
 .text.Chip_CCAN_Init
                0x1a0043c4       0x48 C:\Users\Crozzolo Marcos\Documents\81 -Repo_Sup\LPC4337\trunk\LPC4337_Framework\Debug\libLPC4337_Framework.a(ccan_18xx_43xx.o)
                0x1a0043c4                Chip_CCAN_Init
 .text.Chip_CCAN_SetBitRate
                0x1a00440c       0xbc C:\Users\Crozzolo Marcos\Documents\81 -Repo_Sup\LPC4337\trunk\LPC4337_Framework\Debug\libLPC4337_Framework.a(ccan_18xx_43xx.o)
                0x1a00440c                Chip_CCAN_SetBitRate
 .text.Chip_CCAN_ClearStatus
                0x1a0044c8       0x28 C:\Users\Crozzolo Marcos\Documents\81 -Repo_Sup\LPC4337\trunk\LPC4337_Framework\Debug\libLPC4337_Framework.a(ccan_18xx_43xx.o)
                0x1a0044c8                Chip_CCAN_ClearStatus
 .text.Chip_CCAN_SetMsgObject
                0x1a0044f0      0x200 C:\Users\Crozzolo Marcos\Documents\81 -Repo_Sup\LPC4337\trunk\LPC4337_Framework\Debug\libLPC4337_Framework.a(ccan_18xx_43xx.o)
                0x1a0044f0                Chip_CCAN_SetMsgObject
 .text.Chip_CCAN_GetMsgObject
                0x1a0046f0      0x12c C:\Users\Crozzolo Marcos\Documents\81 -Repo_Sup\LPC4337\trunk\LPC4337_Framework\Debug\libLPC4337_Framework.a(ccan_18xx_43xx.o)
                0x1a0046f0                Chip_CCAN_GetMsgObject
 .text.Chip_CCAN_TransferMsgObject
                0x1a00481c       0x68 C:\Users\Crozzolo Marcos\Documents\81 -Repo_Sup\LPC4337\trunk\LPC4337_Framework\Debug\libLPC4337_Framework.a(ccan_18xx_43xx.o)
                0x1a00481c                Chip_CCAN_TransferMsgObject
 .text.Chip_CCAN_SetValidMsg
                0x1a004884       0x80 C:\Users\Crozzolo Marcos\Documents\81 -Repo_Sup\LPC4337\trunk\LPC4337_Framework\Debug\libLPC4337_Framework.a(ccan_18xx_43xx.o)
                0x1a004884                Chip_CCAN_SetValidMsg
 .text.Chip_CCAN_Send
                0x1a004904       0x74 C:\Users\Crozzolo Marcos\Documents\81 -Repo_Sup\LPC4337\trunk\LPC4337_Framework\Debug\libLPC4337_Framework.a(ccan_18xx_43xx.o)
                0x1a004904                Chip_CCAN_Send
 .text.Chip_CCAN_AddReceiveID
                0x1a004978       0x48 C:\Users\Crozzolo Marcos\Documents\81 -Repo_Sup\LPC4337\trunk\LPC4337_Framework\Debug\libLPC4337_Framework.a(ccan_18xx_43xx.o)
                0x1a004978                Chip_CCAN_AddReceiveID
 .text.SystemCoreClockUpdate
                0x1a0049c0       0x18 C:\Users\Crozzolo Marcos\Documents\81 -Repo_Sup\LPC4337\trunk\LPC4337_Framework\Debug\libLPC4337_Framework.a(chip_18xx_43xx.o)
                0x1a0049c0                SystemCoreClockUpdate
 .text.Chip_Clock_DisableMainPLL
                0x1a0049d8       0x1c C:\Users\Crozzolo Marcos\Documents\81 -Repo_Sup\LPC4337\trunk\LPC4337_Framework\Debug\libLPC4337_Framework.a(clock_18xx_43xx.o)
 .text.ABS      0x1a0049f4       0x24 C:\Users\Crozzolo Marcos\Documents\81 -Repo_Sup\LPC4337\trunk\LPC4337_Framework\Debug\libLPC4337_Framework.a(clock_18xx_43xx.o)
 .text.pll_calc_divs
                0x1a004a18      0x11c C:\Users\Crozzolo Marcos\Documents\81 -Repo_Sup\LPC4337\trunk\LPC4337_Framework\Debug\libLPC4337_Framework.a(clock_18xx_43xx.o)
 .text.pll_get_frac
                0x1a004b34      0x178 C:\Users\Crozzolo Marcos\Documents\81 -Repo_Sup\LPC4337\trunk\LPC4337_Framework\Debug\libLPC4337_Framework.a(clock_18xx_43xx.o)
 .text.Chip_Clock_TestMainPLLMultiplier
                0x1a004cac       0x48 C:\Users\Crozzolo Marcos\Documents\81 -Repo_Sup\LPC4337\trunk\LPC4337_Framework\Debug\libLPC4337_Framework.a(clock_18xx_43xx.o)
 .text.Chip_Clock_GetDivRate
                0x1a004cf4       0x40 C:\Users\Crozzolo Marcos\Documents\81 -Repo_Sup\LPC4337\trunk\LPC4337_Framework\Debug\libLPC4337_Framework.a(clock_18xx_43xx.o)
 .text.Chip_Clock_FindBaseClock
                0x1a004d34       0x88 C:\Users\Crozzolo Marcos\Documents\81 -Repo_Sup\LPC4337\trunk\LPC4337_Framework\Debug\libLPC4337_Framework.a(clock_18xx_43xx.o)
 .text.Chip_Clock_EnableCrystal
                0x1a004dbc       0x6c C:\Users\Crozzolo Marcos\Documents\81 -Repo_Sup\LPC4337\trunk\LPC4337_Framework\Debug\libLPC4337_Framework.a(clock_18xx_43xx.o)
                0x1a004dbc                Chip_Clock_EnableCrystal
 .text.Chip_Clock_CalcMainPLLValue
                0x1a004e28       0xd8 C:\Users\Crozzolo Marcos\Documents\81 -Repo_Sup\LPC4337\trunk\LPC4337_Framework\Debug\libLPC4337_Framework.a(clock_18xx_43xx.o)
                0x1a004e28                Chip_Clock_CalcMainPLLValue
 .text.Chip_Clock_SetupMainPLLHz
                0x1a004f00      0x128 C:\Users\Crozzolo Marcos\Documents\81 -Repo_Sup\LPC4337\trunk\LPC4337_Framework\Debug\libLPC4337_Framework.a(clock_18xx_43xx.o)
                0x1a004f00                Chip_Clock_SetupMainPLLHz
 .text.Chip_Clock_SetupMainPLLMult
                0x1a005028       0xfc C:\Users\Crozzolo Marcos\Documents\81 -Repo_Sup\LPC4337\trunk\LPC4337_Framework\Debug\libLPC4337_Framework.a(clock_18xx_43xx.o)
                0x1a005028                Chip_Clock_SetupMainPLLMult
 .text.Chip_Clock_GetMainPLLHz
                0x1a005124       0xc0 C:\Users\Crozzolo Marcos\Documents\81 -Repo_Sup\LPC4337\trunk\LPC4337_Framework\Debug\libLPC4337_Framework.a(clock_18xx_43xx.o)
                0x1a005124                Chip_Clock_GetMainPLLHz
 .text.Chip_Clock_SetDivider
                0x1a0051e4       0x84 C:\Users\Crozzolo Marcos\Documents\81 -Repo_Sup\LPC4337\trunk\LPC4337_Framework\Debug\libLPC4337_Framework.a(clock_18xx_43xx.o)
                0x1a0051e4                Chip_Clock_SetDivider
 .text.Chip_Clock_GetDividerSource
                0x1a005268       0x40 C:\Users\Crozzolo Marcos\Documents\81 -Repo_Sup\LPC4337\trunk\LPC4337_Framework\Debug\libLPC4337_Framework.a(clock_18xx_43xx.o)
                0x1a005268                Chip_Clock_GetDividerSource
 .text.Chip_Clock_GetDividerDivisor
                0x1a0052a8       0x38 C:\Users\Crozzolo Marcos\Documents\81 -Repo_Sup\LPC4337\trunk\LPC4337_Framework\Debug\libLPC4337_Framework.a(clock_18xx_43xx.o)
                0x1a0052a8                Chip_Clock_GetDividerDivisor
 .text.Chip_Clock_GetClockInputHz
                0x1a0052e0      0x140 C:\Users\Crozzolo Marcos\Documents\81 -Repo_Sup\LPC4337\trunk\LPC4337_Framework\Debug\libLPC4337_Framework.a(clock_18xx_43xx.o)
                0x1a0052e0                Chip_Clock_GetClockInputHz
 .text.Chip_Clock_GetBaseClocktHz
                0x1a005420       0x24 C:\Users\Crozzolo Marcos\Documents\81 -Repo_Sup\LPC4337\trunk\LPC4337_Framework\Debug\libLPC4337_Framework.a(clock_18xx_43xx.o)
                0x1a005420                Chip_Clock_GetBaseClocktHz
 .text.Chip_Clock_SetBaseClock
                0x1a005444       0x9c C:\Users\Crozzolo Marcos\Documents\81 -Repo_Sup\LPC4337\trunk\LPC4337_Framework\Debug\libLPC4337_Framework.a(clock_18xx_43xx.o)
                0x1a005444                Chip_Clock_SetBaseClock
 .text.Chip_Clock_GetBaseClock
                0x1a0054e0       0x4c C:\Users\Crozzolo Marcos\Documents\81 -Repo_Sup\LPC4337\trunk\LPC4337_Framework\Debug\libLPC4337_Framework.a(clock_18xx_43xx.o)
                0x1a0054e0                Chip_Clock_GetBaseClock
 .text.Chip_Clock_EnableOpts
                0x1a00552c       0x7c C:\Users\Crozzolo Marcos\Documents\81 -Repo_Sup\LPC4337\trunk\LPC4337_Framework\Debug\libLPC4337_Framework.a(clock_18xx_43xx.o)
                0x1a00552c                Chip_Clock_EnableOpts
 .text.Chip_Clock_Enable
                0x1a0055a8       0x60 C:\Users\Crozzolo Marcos\Documents\81 -Repo_Sup\LPC4337\trunk\LPC4337_Framework\Debug\libLPC4337_Framework.a(clock_18xx_43xx.o)
                0x1a0055a8                Chip_Clock_Enable
 .text.Chip_Clock_GetRate
                0x1a005608       0x88 C:\Users\Crozzolo Marcos\Documents\81 -Repo_Sup\LPC4337\trunk\LPC4337_Framework\Debug\libLPC4337_Framework.a(clock_18xx_43xx.o)
                0x1a005608                Chip_Clock_GetRate
 .text.fpuInit  0x1a005690       0x74 C:\Users\Crozzolo Marcos\Documents\81 -Repo_Sup\LPC4337\trunk\LPC4337_Framework\Debug\libLPC4337_Framework.a(fpu_init.o)
                0x1a005690                fpuInit
 .text.Chip_GPIO_Init
                0x1a005704       0x14 C:\Users\Crozzolo Marcos\Documents\81 -Repo_Sup\LPC4337\trunk\LPC4337_Framework\Debug\libLPC4337_Framework.a(gpio_18xx_43xx.o)
                0x1a005704                Chip_GPIO_Init
 .text.enableClk
                0x1a005718       0x2c C:\Users\Crozzolo Marcos\Documents\81 -Repo_Sup\LPC4337\trunk\LPC4337_Framework\Debug\libLPC4337_Framework.a(i2c_18xx_43xx.o)
 .text.getClkRate
                0x1a005744       0x30 C:\Users\Crozzolo Marcos\Documents\81 -Repo_Sup\LPC4337\trunk\LPC4337_Framework\Debug\libLPC4337_Framework.a(i2c_18xx_43xx.o)
 .text.startMasterXfer
                0x1a005774       0x20 C:\Users\Crozzolo Marcos\Documents\81 -Repo_Sup\LPC4337\trunk\LPC4337_Framework\Debug\libLPC4337_Framework.a(i2c_18xx_43xx.o)
 .text.startSlaverXfer
                0x1a005794       0x20 C:\Users\Crozzolo Marcos\Documents\81 -Repo_Sup\LPC4337\trunk\LPC4337_Framework\Debug\libLPC4337_Framework.a(i2c_18xx_43xx.o)
 .text.isI2CBusFree
                0x1a0057b4       0x28 C:\Users\Crozzolo Marcos\Documents\81 -Repo_Sup\LPC4337\trunk\LPC4337_Framework\Debug\libLPC4337_Framework.a(i2c_18xx_43xx.o)
 .text.getCurState
                0x1a0057dc       0x1c C:\Users\Crozzolo Marcos\Documents\81 -Repo_Sup\LPC4337\trunk\LPC4337_Framework\Debug\libLPC4337_Framework.a(i2c_18xx_43xx.o)
 .text.handleMasterXferState
                0x1a0057f8      0x298 C:\Users\Crozzolo Marcos\Documents\81 -Repo_Sup\LPC4337\trunk\LPC4337_Framework\Debug\libLPC4337_Framework.a(i2c_18xx_43xx.o)
                0x1a0057f8                handleMasterXferState
 .text.Chip_I2C_EventHandler
                0x1a005a90       0x4c C:\Users\Crozzolo Marcos\Documents\81 -Repo_Sup\LPC4337\trunk\LPC4337_Framework\Debug\libLPC4337_Framework.a(i2c_18xx_43xx.o)
                0x1a005a90                Chip_I2C_EventHandler
 .text.Chip_I2C_EventHandlerPolling
                0x1a005adc       0x5c C:\Users\Crozzolo Marcos\Documents\81 -Repo_Sup\LPC4337\trunk\LPC4337_Framework\Debug\libLPC4337_Framework.a(i2c_18xx_43xx.o)
                0x1a005adc                Chip_I2C_EventHandlerPolling
 .text.Chip_I2C_Init
                0x1a005b38       0x30 C:\Users\Crozzolo Marcos\Documents\81 -Repo_Sup\LPC4337\trunk\LPC4337_Framework\Debug\libLPC4337_Framework.a(i2c_18xx_43xx.o)
                0x1a005b38                Chip_I2C_Init
 .text.Chip_I2C_SetClockRate
                0x1a005b68       0x68 C:\Users\Crozzolo Marcos\Documents\81 -Repo_Sup\LPC4337\trunk\LPC4337_Framework\Debug\libLPC4337_Framework.a(i2c_18xx_43xx.o)
                0x1a005b68                Chip_I2C_SetClockRate
 .text.Chip_I2C_SetMasterEventHandler
                0x1a005bd0       0x4c C:\Users\Crozzolo Marcos\Documents\81 -Repo_Sup\LPC4337\trunk\LPC4337_Framework\Debug\libLPC4337_Framework.a(i2c_18xx_43xx.o)
                0x1a005bd0                Chip_I2C_SetMasterEventHandler
 .text.Chip_I2C_MasterTransfer
                0x1a005c1c       0xbc C:\Users\Crozzolo Marcos\Documents\81 -Repo_Sup\LPC4337\trunk\LPC4337_Framework\Debug\libLPC4337_Framework.a(i2c_18xx_43xx.o)
                0x1a005c1c                Chip_I2C_MasterTransfer
 .text.Chip_I2C_MasterStateHandler
                0x1a005cd8       0x5c C:\Users\Crozzolo Marcos\Documents\81 -Repo_Sup\LPC4337\trunk\LPC4337_Framework\Debug\libLPC4337_Framework.a(i2c_18xx_43xx.o)
                0x1a005cd8                Chip_I2C_MasterStateHandler
 .text.Chip_I2C_IsStateChanged
                0x1a005d34       0x3c C:\Users\Crozzolo Marcos\Documents\81 -Repo_Sup\LPC4337\trunk\LPC4337_Framework\Debug\libLPC4337_Framework.a(i2c_18xx_43xx.o)
                0x1a005d34                Chip_I2C_IsStateChanged
 .text.Chip_Clock_DisableMainPLL
                0x1a005d70       0x1c C:\Users\Crozzolo Marcos\Documents\81 -Repo_Sup\LPC4337\trunk\LPC4337_Framework\Debug\libLPC4337_Framework.a(sysinit_18xx_43xx.o)
 .text.Chip_Clock_SetupMainPLL
                0x1a005d8c       0x40 C:\Users\Crozzolo Marcos\Documents\81 -Repo_Sup\LPC4337\trunk\LPC4337_Framework\Debug\libLPC4337_Framework.a(sysinit_18xx_43xx.o)
 .text.Chip_Clock_MainPLLLocked
                0x1a005dcc       0x24 C:\Users\Crozzolo Marcos\Documents\81 -Repo_Sup\LPC4337\trunk\LPC4337_Framework\Debug\libLPC4337_Framework.a(sysinit_18xx_43xx.o)
 .text.Chip_SetupCoreClock
                0x1a005df0      0x15c C:\Users\Crozzolo Marcos\Documents\81 -Repo_Sup\LPC4337\trunk\LPC4337_Framework\Debug\libLPC4337_Framework.a(sysinit_18xx_43xx.o)
                0x1a005df0                Chip_SetupCoreClock
 .text.Chip_SetupIrcClocking
                0x1a005f4c       0x14 C:\Users\Crozzolo Marcos\Documents\81 -Repo_Sup\LPC4337\trunk\LPC4337_Framework\Debug\libLPC4337_Framework.a(sysinit_18xx_43xx.o)
                0x1a005f4c                Chip_SetupIrcClocking
 .text.Chip_SystemInit
                0x1a005f60        0xc C:\Users\Crozzolo Marcos\Documents\81 -Repo_Sup\LPC4337\trunk\LPC4337_Framework\Debug\libLPC4337_Framework.a(sysinit_18xx_43xx.o)
                0x1a005f60                Chip_SystemInit
 .text.Chip_TIMER_GetClockIndex
                0x1a005f6c       0x50 C:\Users\Crozzolo Marcos\Documents\81 -Repo_Sup\LPC4337\trunk\LPC4337_Framework\Debug\libLPC4337_Framework.a(timer_18xx_43xx.o)
 .text.Chip_TIMER_Init
                0x1a005fbc       0x1c C:\Users\Crozzolo Marcos\Documents\81 -Repo_Sup\LPC4337\trunk\LPC4337_Framework\Debug\libLPC4337_Framework.a(timer_18xx_43xx.o)
                0x1a005fbc                Chip_TIMER_Init
 .text.Chip_TIMER_Reset
                0x1a005fd8       0x3c C:\Users\Crozzolo Marcos\Documents\81 -Repo_Sup\LPC4337\trunk\LPC4337_Framework\Debug\libLPC4337_Framework.a(timer_18xx_43xx.o)
                0x1a005fd8                Chip_TIMER_Reset
 .text.memset   0x1a006014        0x4 c:/nxp/lpcxpresso_7.9.2_493/lpcxpresso/tools/bin/../lib/gcc/arm-none-eabi/4.9.3/../../../../arm-none-eabi/lib/armv7e-m/softfp\libcr_c.a(memset.o)
                0x1a006014                memset
 .text.__weak_main
                0x1a006018        0x4 c:/nxp/lpcxpresso_7.9.2_493/lpcxpresso/tools/bin/../lib/gcc/arm-none-eabi/4.9.3/../../../../arm-none-eabi/lib/armv7e-m/softfp\libcr_c.a(__weak__main.o)
                0x1a006018                __weak_main
                0x1a006018                __main
 .text.__aeabi_dmul
                0x1a00601c      0x110 c:/nxp/lpcxpresso_7.9.2_493/lpcxpresso/tools/bin/../lib/gcc/arm-none-eabi/4.9.3/armv7e-m/softfp\libcr_eabihelpers.a(double.o)
                0x1a00601c                __aeabi_dmul
 .text.__aeabi_ddiv
                0x1a00612c      0x140 c:/nxp/lpcxpresso_7.9.2_493/lpcxpresso/tools/bin/../lib/gcc/arm-none-eabi/4.9.3/armv7e-m/softfp\libcr_eabihelpers.a(double.o)
                0x1a00612c                __aeabi_ddiv
 .text.__aeabi_dsub
                0x1a00626c      0x1b8 c:/nxp/lpcxpresso_7.9.2_493/lpcxpresso/tools/bin/../lib/gcc/arm-none-eabi/4.9.3/armv7e-m/softfp\libcr_eabihelpers.a(double.o)
                0x1a00626c                __aeabi_dsub
 .text.__aeabi_dadd
                0x1a006424      0x128 c:/nxp/lpcxpresso_7.9.2_493/lpcxpresso/tools/bin/../lib/gcc/arm-none-eabi/4.9.3/armv7e-m/softfp\libcr_eabihelpers.a(double.o)
                0x1a006424                __aeabi_dadd
 .text.__aeabi_d2iz
                0x1a00654c       0x40 c:/nxp/lpcxpresso_7.9.2_493/lpcxpresso/tools/bin/../lib/gcc/arm-none-eabi/4.9.3/armv7e-m/softfp\libcr_eabihelpers.a(double.o)
                0x1a00654c                __aeabi_d2iz
 .text.__aeabi_d2uiz
                0x1a00658c       0x30 c:/nxp/lpcxpresso_7.9.2_493/lpcxpresso/tools/bin/../lib/gcc/arm-none-eabi/4.9.3/armv7e-m/softfp\libcr_eabihelpers.a(double.o)
                0x1a00658c                __aeabi_d2uiz
 .text.__bhs_ui2d
                0x1a0065bc       0x46 c:/nxp/lpcxpresso_7.9.2_493/lpcxpresso/tools/bin/../lib/gcc/arm-none-eabi/4.9.3/armv7e-m/softfp\libcr_eabihelpers.a(double.o)
                0x1a0065bc                __bhs_ui2d
 .text.__aeabi_ui2d
                0x1a006602        0x8 c:/nxp/lpcxpresso_7.9.2_493/lpcxpresso/tools/bin/../lib/gcc/arm-none-eabi/4.9.3/armv7e-m/softfp\libcr_eabihelpers.a(double.o)
                0x1a006602                __aeabi_ui2d
 .text.__aeabi_memset_lowlevel
                0x1a00660a       0x32 c:/nxp/lpcxpresso_7.9.2_493/lpcxpresso/tools/bin/../lib/gcc/arm-none-eabi/4.9.3/armv7e-m/softfp\libcr_eabihelpers.a(memcpy.o)
                0x1a00660a                __aeabi_lowlevel_memset
 *(.rodata .rodata.* .constdata .constdata.*)
 .rodata.ExtRateIn
                0x1a00663c        0x4 ./src/sysinit.o
                0x1a00663c                ExtRateIn
 .rodata.OscRateIn
                0x1a006640        0x4 ./src/sysinit.o
                0x1a006640                OscRateIn
 .rodata.GPIO_PHYS_PORT
                0x1a006644       0x6c C:\Users\Crozzolo Marcos\Documents\81 -Repo_Sup\LPC4337\trunk\LPC4337_Framework\Debug\libLPC4337_Framework.a(DIO.o)
                0x1a006644                GPIO_PHYS_PORT
 .rodata.GPIO_PHYS_PIN
                0x1a0066b0       0x6c C:\Users\Crozzolo Marcos\Documents\81 -Repo_Sup\LPC4337\trunk\LPC4337_Framework\Debug\libLPC4337_Framework.a(DIO.o)
                0x1a0066b0                GPIO_PHYS_PIN
 .rodata.periph_to_base
                0x1a00671c       0x6c C:\Users\Crozzolo Marcos\Documents\81 -Repo_Sup\LPC4337\trunk\LPC4337_Framework\Debug\libLPC4337_Framework.a(clock_18xx_43xx.o)
 .rodata        0x1a006788        0xa C:\Users\Crozzolo Marcos\Documents\81 -Repo_Sup\LPC4337\trunk\LPC4337_Framework\Debug\libLPC4337_Framework.a(clock_18xx_43xx.o)
 *fill*         0x1a006792        0x2 
 .rodata.InitClkStates
                0x1a006794       0x48 C:\Users\Crozzolo Marcos\Documents\81 -Repo_Sup\LPC4337\trunk\LPC4337_Framework\Debug\libLPC4337_Framework.a(sysinit_18xx_43xx.o)
                0x1a0067dc                . = ALIGN (0x4)

.glue_7         0x1a0067dc        0x0
 .glue_7        0x00000000        0x0 linker stubs

.glue_7t        0x1a0067dc        0x0
 .glue_7t       0x00000000        0x0 linker stubs

.vfp11_veneer   0x1a0067dc        0x0
 .vfp11_veneer  0x00000000        0x0 linker stubs

.v4_bx          0x1a0067dc        0x0
 .v4_bx         0x00000000        0x0 linker stubs

.iplt           0x1a0067dc        0x0
 .iplt          0x00000000        0x0 ./src/TPG_2.o

.rel.dyn        0x1a0067dc        0x0
 .rel.iplt      0x00000000        0x0 ./src/TPG_2.o

.ARM.extab
 *(.ARM.extab* .gnu.linkonce.armextab.*)
                0x1a0067dc                __exidx_start = .

.ARM.exidx
 *(.ARM.exidx* .gnu.linkonce.armexidx.*)
                0x1a0067dc                __exidx_end = .
                0x1a0067dc                _etext = .

.data_RAM2      0x10080000        0x0 load address 0x1a0067dc
 FILL mask 0xff
                0x10080000                PROVIDE (__start_data_RAM2, .)
 *(.ramfunc.$RAM2)
 *(.ramfunc.$RamLoc40)
 *(.data.$RAM2*)
 *(.data.$RamLoc40*)
                0x10080000                . = ALIGN (0x4)
                0x10080000                PROVIDE (__end_data_RAM2, .)

.data_RAM3      0x20000000        0x0 load address 0x1a0067dc
 FILL mask 0xff
                0x20000000                PROVIDE (__start_data_RAM3, .)
 *(.ramfunc.$RAM3)
 *(.ramfunc.$RamAHB32)
 *(.data.$RAM3*)
 *(.data.$RamAHB32*)
                0x20000000                . = ALIGN (0x4)
                0x20000000                PROVIDE (__end_data_RAM3, .)

.data_RAM4      0x20008000        0x0 load address 0x1a0067dc
 FILL mask 0xff
                0x20008000                PROVIDE (__start_data_RAM4, .)
 *(.ramfunc.$RAM4)
 *(.ramfunc.$RamAHB16)
 *(.data.$RAM4*)
 *(.data.$RamAHB16*)
                0x20008000                . = ALIGN (0x4)
                0x20008000                PROVIDE (__end_data_RAM4, .)

.data_RAM5      0x2000c000        0x0 load address 0x1a0067dc
 FILL mask 0xff
                0x2000c000                PROVIDE (__start_data_RAM5, .)
 *(.ramfunc.$RAM5)
 *(.ramfunc.$RamAHB_ETB16)
 *(.data.$RAM5*)
 *(.data.$RamAHB_ETB16*)
                0x2000c000                . = ALIGN (0x4)
                0x2000c000                PROVIDE (__end_data_RAM5, .)

.uninit_RESERVED
                0x10000000        0x0
 *(.bss.$RESERVED*)
                0x10000000                . = ALIGN (0x4)
                0x10000000                _end_uninit_RESERVED = .

.data           0x10000000       0x3c load address 0x1a0067dc
 FILL mask 0xff
                0x10000000                _data = .
 *(vtable)
 *(.ramfunc*)
 *(.data*)
 .data.V_NIM_Ok
                0x10000000        0x1 C:\Users\Crozzolo Marcos\Documents\81 -Repo_Sup\LPC4337\trunk\LPC4337_Framework\Debug\libLPC4337_Framework.a(General.o)
 *fill*         0x10000001        0x3 
 .data.i2c      0x10000004       0x38 C:\Users\Crozzolo Marcos\Documents\81 -Repo_Sup\LPC4337\trunk\LPC4337_Framework\Debug\libLPC4337_Framework.a(i2c_18xx_43xx.o)
                0x1000003c                . = ALIGN (0x4)
                0x1000003c                _edata = .

.igot.plt       0x1000003c        0x0 load address 0x1a006818
 .igot.plt      0x00000000        0x0 ./src/TPG_2.o

.bss_RAM2       0x10080000        0x0
                0x10080000                PROVIDE (__start_bss_RAM2, .)
 *(.bss.$RAM2*)
 *(.bss.$RamLoc40*)
                0x10080000                . = ALIGN ((. != 0x0)?0x4:0x1)
                0x10080000                PROVIDE (__end_bss_RAM2, .)

.bss_RAM3       0x20000000        0x0
                0x20000000                PROVIDE (__start_bss_RAM3, .)
 *(.bss.$RAM3*)
 *(.bss.$RamAHB32*)
                0x20000000                . = ALIGN ((. != 0x0)?0x4:0x1)
                0x20000000                PROVIDE (__end_bss_RAM3, .)

.bss_RAM4       0x20008000        0x0
                0x20008000                PROVIDE (__start_bss_RAM4, .)
 *(.bss.$RAM4*)
 *(.bss.$RamAHB16*)
                0x20008000                . = ALIGN ((. != 0x0)?0x4:0x1)
                0x20008000                PROVIDE (__end_bss_RAM4, .)

.bss_RAM5       0x2000c000        0x0
                0x2000c000                PROVIDE (__start_bss_RAM5, .)
 *(.bss.$RAM5*)
 *(.bss.$RamAHB_ETB16*)
                0x2000c000                . = ALIGN ((. != 0x0)?0x4:0x1)
                0x2000c000                PROVIDE (__end_bss_RAM5, .)

.bss            0x10000040      0x354
                0x10000040                _bss = .
 *(.bss*)
 .bss.sweep_state
                0x10000040        0x1 ./src/TPG_2.o
                0x10000040                sweep_state
 .bss.previous_local_configuration
                0x10000041        0x1 ./src/TPG_2.o
                0x10000041                previous_local_configuration
 .bss.previous_remote_lines
                0x10000042        0x2 ./src/TPG_2.o
                0x10000042                previous_remote_lines
 .bss.previous_sweep_state
                0x10000044        0x1 ./src/TPG_2.o
                0x10000044                previous_sweep_state
 *fill*         0x10000045        0x3 
 .bss.cycles_to_check
                0x10000048        0x4 ./src/TPG_2.o
                0x10000048                cycles_to_check
 *fill*         0x1000004c        0x4 
 .bss.rs485_f2  0x10000050        0x8 ./src/TPG_2.o
                0x10000050                rs485_f2
 .bss.rs485_f1  0x10000058        0x8 ./src/TPG_2.o
                0x10000058                rs485_f1
 .bss.rs485_rate_window_index
                0x10000060        0x4 ./src/TPG_2.o
                0x10000060                rs485_rate_window_index
 *fill*         0x10000064        0x4 
 .bss.diff_plus_f2
                0x10000068        0x8 ./src/TPG_2.o
                0x10000068                diff_plus_f2
 .bss.diff_plus_f1
                0x10000070        0x8 ./src/TPG_2.o
                0x10000070                diff_plus_f1
 .bss.diff_plus_rate_window_index
                0x10000078        0x4 ./src/TPG_2.o
                0x10000078                diff_plus_rate_window_index
 *fill*         0x1000007c        0x4 
 .bss.diff_minus_f2
                0x10000080        0x8 ./src/TPG_2.o
                0x10000080                diff_minus_f2
 .bss.diff_minus_f1
                0x10000088        0x8 ./src/TPG_2.o
                0x10000088                diff_minus_f1
 .bss.diff_minus_rate_window_index
                0x10000090        0x4 ./src/TPG_2.o
                0x10000090                diff_minus_rate_window_index
 .bss.supervised_output
                0x10000094        0x1 ./src/TPG_2.o
                0x10000094                supervised_output
 *fill*         0x10000095        0x3 
 .bss.CAN0_RxIntCallback
                0x10000098        0x4 C:\Users\Crozzolo Marcos\Documents\81 -Repo_Sup\LPC4337\trunk\LPC4337_Framework\Debug\libLPC4337_Framework.a(CAN.o)
 .bss.CAN0_StIntCallback
                0x1000009c        0x4 C:\Users\Crozzolo Marcos\Documents\81 -Repo_Sup\LPC4337\trunk\LPC4337_Framework\Debug\libLPC4337_Framework.a(CAN.o)
 .bss.CAN1_RxIntCallback
                0x100000a0        0x4 C:\Users\Crozzolo Marcos\Documents\81 -Repo_Sup\LPC4337\trunk\LPC4337_Framework\Debug\libLPC4337_Framework.a(CAN.o)
 .bss.CAN1_StIntCallback
                0x100000a4        0x4 C:\Users\Crozzolo Marcos\Documents\81 -Repo_Sup\LPC4337\trunk\LPC4337_Framework\Debug\libLPC4337_Framework.a(CAN.o)
 .bss.FMU_timer_freq
                0x100000a8        0x4 C:\Users\Crozzolo Marcos\Documents\81 -Repo_Sup\LPC4337\trunk\LPC4337_Framework\Debug\libLPC4337_Framework.a(FMU.o)
 .bss.accumulator
                0x100000ac        0xc C:\Users\Crozzolo Marcos\Documents\81 -Repo_Sup\LPC4337\trunk\LPC4337_Framework\Debug\libLPC4337_Framework.a(FMU.o)
 .bss.window_number
                0x100000b8        0x3 C:\Users\Crozzolo Marcos\Documents\81 -Repo_Sup\LPC4337\trunk\LPC4337_Framework\Debug\libLPC4337_Framework.a(FMU.o)
 *fill*         0x100000bb        0x1 
 .bss.accumulator_aux
                0x100000bc        0xc C:\Users\Crozzolo Marcos\Documents\81 -Repo_Sup\LPC4337\trunk\LPC4337_Framework\Debug\libLPC4337_Framework.a(FMU.o)
 .bss.window_number_aux
                0x100000c8        0x3 C:\Users\Crozzolo Marcos\Documents\81 -Repo_Sup\LPC4337\trunk\LPC4337_Framework\Debug\libLPC4337_Framework.a(FMU.o)
 *fill*         0x100000cb        0x1 
 .bss.freq_value
                0x100000cc        0xc C:\Users\Crozzolo Marcos\Documents\81 -Repo_Sup\LPC4337\trunk\LPC4337_Framework\Debug\libLPC4337_Framework.a(FMU.o)
 .bss.input_i   0x100000d8        0x1 C:\Users\Crozzolo Marcos\Documents\81 -Repo_Sup\LPC4337\trunk\LPC4337_Framework\Debug\libLPC4337_Framework.a(FMU.o)
 .bss.WDTimer   0x100000d9        0x1 C:\Users\Crozzolo Marcos\Documents\81 -Repo_Sup\LPC4337\trunk\LPC4337_Framework\Debug\libLPC4337_Framework.a(General.o)
 *fill*         0x100000da        0x2 
 .bss.contErrTot
                0x100000dc        0xc C:\Users\Crozzolo Marcos\Documents\81 -Repo_Sup\LPC4337\trunk\LPC4337_Framework\Debug\libLPC4337_Framework.a(General.o)
 .bss.contErrParc
                0x100000e8        0xc C:\Users\Crozzolo Marcos\Documents\81 -Repo_Sup\LPC4337\trunk\LPC4337_Framework\Debug\libLPC4337_Framework.a(General.o)
 .bss.histError
                0x100000f4        0x7 C:\Users\Crozzolo Marcos\Documents\81 -Repo_Sup\LPC4337\trunk\LPC4337_Framework\Debug\libLPC4337_Framework.a(General.o)
 .bss.CANErrorCont
                0x100000fb        0x1 C:\Users\Crozzolo Marcos\Documents\81 -Repo_Sup\LPC4337\trunk\LPC4337_Framework\Debug\libLPC4337_Framework.a(General.o)
 .bss.IBusObject
                0x100000fc        0x4 C:\Users\Crozzolo Marcos\Documents\81 -Repo_Sup\LPC4337\trunk\LPC4337_Framework\Debug\libLPC4337_Framework.a(General.o)
 .bss.InitTemp.9196
                0x10000100        0x2 C:\Users\Crozzolo Marcos\Documents\81 -Repo_Sup\LPC4337\trunk\LPC4337_Framework\Debug\libLPC4337_Framework.a(General.o)
 .bss.partErrReset.9197
                0x10000102        0x2 C:\Users\Crozzolo Marcos\Documents\81 -Repo_Sup\LPC4337\trunk\LPC4337_Framework\Debug\libLPC4337_Framework.a(General.o)
 .bss.INVAPBus  0x10000104        0x4 C:\Users\Crozzolo Marcos\Documents\81 -Repo_Sup\LPC4337\trunk\LPC4337_Framework\Debug\libLPC4337_Framework.a(INVAPBus.o)
 .bss.commErrorCnt
                0x10000108        0x1 C:\Users\Crozzolo Marcos\Documents\81 -Repo_Sup\LPC4337\trunk\LPC4337_Framework\Debug\libLPC4337_Framework.a(INVAPBus.o)
 *fill*         0x10000109        0x3 
 .bss.timerVector
                0x1000010c       0x40 C:\Users\Crozzolo Marcos\Documents\81 -Repo_Sup\LPC4337\trunk\LPC4337_Framework\Debug\libLPC4337_Framework.a(timer_vect.o)
 .bss.lastTimer
                0x1000014c        0x1 C:\Users\Crozzolo Marcos\Documents\81 -Repo_Sup\LPC4337\trunk\LPC4337_Framework\Debug\libLPC4337_Framework.a(timer_vect.o)
 *fill*         0x1000014d        0x3 
 .bss.audio_usb_pll_freq
                0x10000150        0x8 C:\Users\Crozzolo Marcos\Documents\81 -Repo_Sup\LPC4337\trunk\LPC4337_Framework\Debug\libLPC4337_Framework.a(clock_18xx_43xx.o)
 *(COMMON)
 COMMON         0x10000158      0x22e ./src/TPG_2.o
                0x10000158                sup_12VP
                0x1000015c                sup_Q1
                0x10000160                sup_RS485
                0x10000164                rate_max
                0x10000168                diff_plus_rate_accum
                0x10000170                diff_plus_freq
                0x10000174                wdt_wdi
                0x10000178                sup_ATEST
                0x1000017c                histError
                0x10000184                supervised_frequency
                0x10000188                module_address
                0x1000018c                sup_OUT_plus
                0x10000190                sup_Sweep_SW
                0x10000198                diff_minus_rate
                0x100001d8                errorFlags
                0x100001dc                sup_Rate_B
                0x100001e0                IBusObj
                0x10000208                sup_Q0
                0x1000020c                inputADC
                0x10000212                outputsReadTimer
                0x10000214                supervErrorFlags
                0x10000218                sup_loc_Scale_Freq
                0x1000021c                sup_ASHOTPC
                0x10000220                rs485_rate_accum
                0x10000228                add1
                0x1000022c                add3
                0x10000230                sup_PC2
                0x10000234                sup_PC1
                0x10000238                sup_loc_Pulse_Gain
                0x1000023c                sup_PC3
                0x10000240                aux_i
                0x10000248                diff_plus_rate
                0x10000288                calibOk
                0x1000028c                rs485_rate_filtered
                0x10000290                rs485_rate
                0x100002d0                sup_PC0
                0x100002d4                outputADC
                0x100002dc                freq_min
                0x100002e0                outputCalParams
                0x100002f0                firstPacket
                0x100002f4                freq_max
                0x100002f8                rate_min
                0x100002fc                add0
                0x10000300                contErrEEPROM
                0x10000304                sup_PC
                0x10000308                outReadCounter
                0x1000030c                sup_ASCALE_FREQ
                0x10000310                add5
                0x10000314                add4
                0x10000318                diff_minus_rate_filtered
                0x1000031c                supervised_rate
                0x10000320                r_aux
                0x10000324                inputCalParams
                0x10000334                inReadCounter
                0x10000338                sup_Q2
                0x1000033c                sup_24VP
                0x10000340                sup_12VN
                0x10000344                remote_lines
                0x10000348                diff_minus_freq
                0x1000034c                configBitReg
                0x1000034e                nim_voltages
                0x10000350                errorCont
                0x10000360                diff_minus_rate_accum
                0x10000368                sup_Rate_A
                0x1000036c                sup_OUT_minus
                0x10000370                led_OK
                0x10000374                add2
                0x10000378                rs485_freq
                0x1000037c                diff_plus_rate_filtered
                0x10000380                sup_AGAINPC
                0x10000384                local_configuration
                0x10000385                supervisorTimer
 *fill*         0x10000386        0x2 
 COMMON         0x10000388        0x8 C:\Users\Crozzolo Marcos\Documents\81 -Repo_Sup\LPC4337\trunk\LPC4337_Framework\Debug\libLPC4337_Framework.a(FMU.o)
                0x10000388                i
                0x1000038c                pint_status
 COMMON         0x10000390        0x4 C:\Users\Crozzolo Marcos\Documents\81 -Repo_Sup\LPC4337\trunk\LPC4337_Framework\Debug\libLPC4337_Framework.a(chip_18xx_43xx.o)
                0x10000390                SystemCoreClock
                0x10000394                . = ALIGN (0x4)
                0x10000394                _ebss = .
                0x10000394                PROVIDE (end, .)

.noinit_RAM2    0x10080000        0x0
 *(.noinit.$RAM2*)
 *(.noinit.$RamLoc40*)
                0x10080000                . = ALIGN (0x4)

.noinit_RAM3    0x20000000        0x0
 *(.noinit.$RAM3*)
 *(.noinit.$RamAHB32*)
                0x20000000                . = ALIGN (0x4)

.noinit_RAM4    0x20008000        0x0
 *(.noinit.$RAM4*)
 *(.noinit.$RamAHB16*)
                0x20008000                . = ALIGN (0x4)

.noinit_RAM5    0x2000c000        0x0
 *(.noinit.$RAM5*)
 *(.noinit.$RamAHB_ETB16*)
                0x2000c000                . = ALIGN (0x4)

.noinit         0x10000394        0x0
                0x10000394                _noinit = .
 *(.noinit*)
                0x10000394                . = ALIGN (0x4)
                0x10000394                _end_noinit = .
                0x10000394                PROVIDE (_pvHeapStart, DEFINED (__user_heap_base)?__user_heap_base:.)
                0x10008000                PROVIDE (_vStackTop, DEFINED (__user_stack_top)?__user_stack_top:(__top_RamLoc32 - 0x0))
                0x53ff56b2                PROVIDE (__valid_user_code_checksum, (0x0 - ((((((_vStackTop + (ResetISR + 0x1)) + (NMI_Handler + 0x1)) + (HardFault_Handler + 0x1)) + (DEFINED (MemManage_Handler)?MemManage_Handler:0x0 + 0x1)) + (DEFINED (BusFault_Handler)?BusFault_Handler:0x0 + 0x1)) + (DEFINED (UsageFault_Handler)?UsageFault_Handler:0x0 + 0x1))))
OUTPUT(TPG_2.axf elf32-littlearm)

.debug_info     0x00000000     0xd107
 .debug_info    0x00000000     0x17fa ./src/TPG_2.o
 .debug_info    0x000017fa      0x292 ./src/cr_startup_lpc43xx.o
 .debug_info    0x00001a8c       0x3f ./src/crp.o
 .debug_info    0x00001acb      0x5c2 ./src/sysinit.o
 .debug_info    0x0000208d     0x13ee C:\Users\Crozzolo Marcos\Documents\81 -Repo_Sup\LPC4337\trunk\LPC4337_Framework\Debug\libLPC4337_Framework.a(CAN.o)
 .debug_info    0x0000347b      0xca9 C:\Users\Crozzolo Marcos\Documents\81 -Repo_Sup\LPC4337\trunk\LPC4337_Framework\Debug\libLPC4337_Framework.a(DIO.o)
 .debug_info    0x00004124     0x1207 C:\Users\Crozzolo Marcos\Documents\81 -Repo_Sup\LPC4337\trunk\LPC4337_Framework\Debug\libLPC4337_Framework.a(FMU.o)
 .debug_info    0x0000532b     0x1083 C:\Users\Crozzolo Marcos\Documents\81 -Repo_Sup\LPC4337\trunk\LPC4337_Framework\Debug\libLPC4337_Framework.a(General.o)
 .debug_info    0x000063ae      0x70f C:\Users\Crozzolo Marcos\Documents\81 -Repo_Sup\LPC4337\trunk\LPC4337_Framework\Debug\libLPC4337_Framework.a(I2C.o)
 .debug_info    0x00006abd      0x7c3 C:\Users\Crozzolo Marcos\Documents\81 -Repo_Sup\LPC4337\trunk\LPC4337_Framework\Debug\libLPC4337_Framework.a(INVAPBus.o)
 .debug_info    0x00007280      0x297 C:\Users\Crozzolo Marcos\Documents\81 -Repo_Sup\LPC4337\trunk\LPC4337_Framework\Debug\libLPC4337_Framework.a(M24FC256.o)
 .debug_info    0x00007517      0xd37 C:\Users\Crozzolo Marcos\Documents\81 -Repo_Sup\LPC4337\trunk\LPC4337_Framework\Debug\libLPC4337_Framework.a(timer_vect.o)
 .debug_info    0x0000824e      0xbbd C:\Users\Crozzolo Marcos\Documents\81 -Repo_Sup\LPC4337\trunk\LPC4337_Framework\Debug\libLPC4337_Framework.a(ccan_18xx_43xx.o)
 .debug_info    0x00008e0b      0xa21 C:\Users\Crozzolo Marcos\Documents\81 -Repo_Sup\LPC4337\trunk\LPC4337_Framework\Debug\libLPC4337_Framework.a(chip_18xx_43xx.o)
 .debug_info    0x0000982c     0x156a C:\Users\Crozzolo Marcos\Documents\81 -Repo_Sup\LPC4337\trunk\LPC4337_Framework\Debug\libLPC4337_Framework.a(clock_18xx_43xx.o)
 .debug_info    0x0000ad96      0x124 C:\Users\Crozzolo Marcos\Documents\81 -Repo_Sup\LPC4337\trunk\LPC4337_Framework\Debug\libLPC4337_Framework.a(fpu_init.o)
 .debug_info    0x0000aeba      0x427 C:\Users\Crozzolo Marcos\Documents\81 -Repo_Sup\LPC4337\trunk\LPC4337_Framework\Debug\libLPC4337_Framework.a(gpio_18xx_43xx.o)
 .debug_info    0x0000b2e1     0x105d C:\Users\Crozzolo Marcos\Documents\81 -Repo_Sup\LPC4337\trunk\LPC4337_Framework\Debug\libLPC4337_Framework.a(i2c_18xx_43xx.o)
 .debug_info    0x0000c33e      0x8e8 C:\Users\Crozzolo Marcos\Documents\81 -Repo_Sup\LPC4337\trunk\LPC4337_Framework\Debug\libLPC4337_Framework.a(sysinit_18xx_43xx.o)
 .debug_info    0x0000cc26      0x4e1 C:\Users\Crozzolo Marcos\Documents\81 -Repo_Sup\LPC4337\trunk\LPC4337_Framework\Debug\libLPC4337_Framework.a(timer_18xx_43xx.o)

.debug_abbrev   0x00000000     0x21c9
 .debug_abbrev  0x00000000      0x2b6 ./src/TPG_2.o
 .debug_abbrev  0x000002b6       0xed ./src/cr_startup_lpc43xx.o
 .debug_abbrev  0x000003a3       0x36 ./src/crp.o
 .debug_abbrev  0x000003d9       0xd9 ./src/sysinit.o
 .debug_abbrev  0x000004b2      0x29f C:\Users\Crozzolo Marcos\Documents\81 -Repo_Sup\LPC4337\trunk\LPC4337_Framework\Debug\libLPC4337_Framework.a(CAN.o)
 .debug_abbrev  0x00000751      0x1cd C:\Users\Crozzolo Marcos\Documents\81 -Repo_Sup\LPC4337\trunk\LPC4337_Framework\Debug\libLPC4337_Framework.a(DIO.o)
 .debug_abbrev  0x0000091e      0x287 C:\Users\Crozzolo Marcos\Documents\81 -Repo_Sup\LPC4337\trunk\LPC4337_Framework\Debug\libLPC4337_Framework.a(FMU.o)
 .debug_abbrev  0x00000ba5      0x297 C:\Users\Crozzolo Marcos\Documents\81 -Repo_Sup\LPC4337\trunk\LPC4337_Framework\Debug\libLPC4337_Framework.a(General.o)
 .debug_abbrev  0x00000e3c      0x1c3 C:\Users\Crozzolo Marcos\Documents\81 -Repo_Sup\LPC4337\trunk\LPC4337_Framework\Debug\libLPC4337_Framework.a(I2C.o)
 .debug_abbrev  0x00000fff      0x18c C:\Users\Crozzolo Marcos\Documents\81 -Repo_Sup\LPC4337\trunk\LPC4337_Framework\Debug\libLPC4337_Framework.a(INVAPBus.o)
 .debug_abbrev  0x0000118b       0xfe C:\Users\Crozzolo Marcos\Documents\81 -Repo_Sup\LPC4337\trunk\LPC4337_Framework\Debug\libLPC4337_Framework.a(M24FC256.o)
 .debug_abbrev  0x00001289      0x200 C:\Users\Crozzolo Marcos\Documents\81 -Repo_Sup\LPC4337\trunk\LPC4337_Framework\Debug\libLPC4337_Framework.a(timer_vect.o)
 .debug_abbrev  0x00001489      0x292 C:\Users\Crozzolo Marcos\Documents\81 -Repo_Sup\LPC4337\trunk\LPC4337_Framework\Debug\libLPC4337_Framework.a(ccan_18xx_43xx.o)
 .debug_abbrev  0x0000171b      0x146 C:\Users\Crozzolo Marcos\Documents\81 -Repo_Sup\LPC4337\trunk\LPC4337_Framework\Debug\libLPC4337_Framework.a(chip_18xx_43xx.o)
 .debug_abbrev  0x00001861      0x2be C:\Users\Crozzolo Marcos\Documents\81 -Repo_Sup\LPC4337\trunk\LPC4337_Framework\Debug\libLPC4337_Framework.a(clock_18xx_43xx.o)
 .debug_abbrev  0x00001b1f       0x82 C:\Users\Crozzolo Marcos\Documents\81 -Repo_Sup\LPC4337\trunk\LPC4337_Framework\Debug\libLPC4337_Framework.a(fpu_init.o)
 .debug_abbrev  0x00001ba1      0x10f C:\Users\Crozzolo Marcos\Documents\81 -Repo_Sup\LPC4337\trunk\LPC4337_Framework\Debug\libLPC4337_Framework.a(gpio_18xx_43xx.o)
 .debug_abbrev  0x00001cb0      0x24e C:\Users\Crozzolo Marcos\Documents\81 -Repo_Sup\LPC4337\trunk\LPC4337_Framework\Debug\libLPC4337_Framework.a(i2c_18xx_43xx.o)
 .debug_abbrev  0x00001efe      0x17f C:\Users\Crozzolo Marcos\Documents\81 -Repo_Sup\LPC4337\trunk\LPC4337_Framework\Debug\libLPC4337_Framework.a(sysinit_18xx_43xx.o)
 .debug_abbrev  0x0000207d      0x14c C:\Users\Crozzolo Marcos\Documents\81 -Repo_Sup\LPC4337\trunk\LPC4337_Framework\Debug\libLPC4337_Framework.a(timer_18xx_43xx.o)

.debug_aranges  0x00000000      0xa20
 .debug_aranges
                0x00000000       0xc8 ./src/TPG_2.o
 .debug_aranges
                0x000000c8       0x80 ./src/cr_startup_lpc43xx.o
 .debug_aranges
                0x00000148       0x18 ./src/crp.o
 .debug_aranges
                0x00000160       0x20 ./src/sysinit.o
 .debug_aranges
                0x00000180       0xb0 C:\Users\Crozzolo Marcos\Documents\81 -Repo_Sup\LPC4337\trunk\LPC4337_Framework\Debug\libLPC4337_Framework.a(CAN.o)
 .debug_aranges
                0x00000230       0xa8 C:\Users\Crozzolo Marcos\Documents\81 -Repo_Sup\LPC4337\trunk\LPC4337_Framework\Debug\libLPC4337_Framework.a(DIO.o)
 .debug_aranges
                0x000002d8       0xe8 C:\Users\Crozzolo Marcos\Documents\81 -Repo_Sup\LPC4337\trunk\LPC4337_Framework\Debug\libLPC4337_Framework.a(FMU.o)
 .debug_aranges
                0x000003c0       0xc0 C:\Users\Crozzolo Marcos\Documents\81 -Repo_Sup\LPC4337\trunk\LPC4337_Framework\Debug\libLPC4337_Framework.a(General.o)
 .debug_aranges
                0x00000480       0x40 C:\Users\Crozzolo Marcos\Documents\81 -Repo_Sup\LPC4337\trunk\LPC4337_Framework\Debug\libLPC4337_Framework.a(I2C.o)
 .debug_aranges
                0x000004c0       0x40 C:\Users\Crozzolo Marcos\Documents\81 -Repo_Sup\LPC4337\trunk\LPC4337_Framework\Debug\libLPC4337_Framework.a(INVAPBus.o)
 .debug_aranges
                0x00000500       0x30 C:\Users\Crozzolo Marcos\Documents\81 -Repo_Sup\LPC4337\trunk\LPC4337_Framework\Debug\libLPC4337_Framework.a(M24FC256.o)
 .debug_aranges
                0x00000530       0x98 C:\Users\Crozzolo Marcos\Documents\81 -Repo_Sup\LPC4337\trunk\LPC4337_Framework\Debug\libLPC4337_Framework.a(timer_vect.o)
 .debug_aranges
                0x000005c8       0xb0 C:\Users\Crozzolo Marcos\Documents\81 -Repo_Sup\LPC4337\trunk\LPC4337_Framework\Debug\libLPC4337_Framework.a(ccan_18xx_43xx.o)
 .debug_aranges
                0x00000678       0x40 C:\Users\Crozzolo Marcos\Documents\81 -Repo_Sup\LPC4337\trunk\LPC4337_Framework\Debug\libLPC4337_Framework.a(chip_18xx_43xx.o)
 .debug_aranges
                0x000006b8      0x138 C:\Users\Crozzolo Marcos\Documents\81 -Repo_Sup\LPC4337\trunk\LPC4337_Framework\Debug\libLPC4337_Framework.a(clock_18xx_43xx.o)
 .debug_aranges
                0x000007f0       0x20 C:\Users\Crozzolo Marcos\Documents\81 -Repo_Sup\LPC4337\trunk\LPC4337_Framework\Debug\libLPC4337_Framework.a(fpu_init.o)
 .debug_aranges
                0x00000810       0x68 C:\Users\Crozzolo Marcos\Documents\81 -Repo_Sup\LPC4337\trunk\LPC4337_Framework\Debug\libLPC4337_Framework.a(gpio_18xx_43xx.o)
 .debug_aranges
                0x00000878      0x118 C:\Users\Crozzolo Marcos\Documents\81 -Repo_Sup\LPC4337\trunk\LPC4337_Framework\Debug\libLPC4337_Framework.a(i2c_18xx_43xx.o)
 .debug_aranges
                0x00000990       0x50 C:\Users\Crozzolo Marcos\Documents\81 -Repo_Sup\LPC4337\trunk\LPC4337_Framework\Debug\libLPC4337_Framework.a(sysinit_18xx_43xx.o)
 .debug_aranges
                0x000009e0       0x40 C:\Users\Crozzolo Marcos\Documents\81 -Repo_Sup\LPC4337\trunk\LPC4337_Framework\Debug\libLPC4337_Framework.a(timer_18xx_43xx.o)

.debug_ranges   0x00000000      0x8d8
 .debug_ranges  0x00000000       0xb8 ./src/TPG_2.o
 .debug_ranges  0x000000b8       0x70 ./src/cr_startup_lpc43xx.o
 .debug_ranges  0x00000128       0x10 ./src/sysinit.o
 .debug_ranges  0x00000138       0xa0 C:\Users\Crozzolo Marcos\Documents\81 -Repo_Sup\LPC4337\trunk\LPC4337_Framework\Debug\libLPC4337_Framework.a(CAN.o)
 .debug_ranges  0x000001d8       0x98 C:\Users\Crozzolo Marcos\Documents\81 -Repo_Sup\LPC4337\trunk\LPC4337_Framework\Debug\libLPC4337_Framework.a(DIO.o)
 .debug_ranges  0x00000270       0xd8 C:\Users\Crozzolo Marcos\Documents\81 -Repo_Sup\LPC4337\trunk\LPC4337_Framework\Debug\libLPC4337_Framework.a(FMU.o)
 .debug_ranges  0x00000348       0xb0 C:\Users\Crozzolo Marcos\Documents\81 -Repo_Sup\LPC4337\trunk\LPC4337_Framework\Debug\libLPC4337_Framework.a(General.o)
 .debug_ranges  0x000003f8       0x30 C:\Users\Crozzolo Marcos\Documents\81 -Repo_Sup\LPC4337\trunk\LPC4337_Framework\Debug\libLPC4337_Framework.a(I2C.o)
 .debug_ranges  0x00000428       0x30 C:\Users\Crozzolo Marcos\Documents\81 -Repo_Sup\LPC4337\trunk\LPC4337_Framework\Debug\libLPC4337_Framework.a(INVAPBus.o)
 .debug_ranges  0x00000458       0x20 C:\Users\Crozzolo Marcos\Documents\81 -Repo_Sup\LPC4337\trunk\LPC4337_Framework\Debug\libLPC4337_Framework.a(M24FC256.o)
 .debug_ranges  0x00000478       0x88 C:\Users\Crozzolo Marcos\Documents\81 -Repo_Sup\LPC4337\trunk\LPC4337_Framework\Debug\libLPC4337_Framework.a(timer_vect.o)
 .debug_ranges  0x00000500       0xa0 C:\Users\Crozzolo Marcos\Documents\81 -Repo_Sup\LPC4337\trunk\LPC4337_Framework\Debug\libLPC4337_Framework.a(ccan_18xx_43xx.o)
 .debug_ranges  0x000005a0       0x30 C:\Users\Crozzolo Marcos\Documents\81 -Repo_Sup\LPC4337\trunk\LPC4337_Framework\Debug\libLPC4337_Framework.a(chip_18xx_43xx.o)
 .debug_ranges  0x000005d0      0x128 C:\Users\Crozzolo Marcos\Documents\81 -Repo_Sup\LPC4337\trunk\LPC4337_Framework\Debug\libLPC4337_Framework.a(clock_18xx_43xx.o)
 .debug_ranges  0x000006f8       0x10 C:\Users\Crozzolo Marcos\Documents\81 -Repo_Sup\LPC4337\trunk\LPC4337_Framework\Debug\libLPC4337_Framework.a(fpu_init.o)
 .debug_ranges  0x00000708       0x58 C:\Users\Crozzolo Marcos\Documents\81 -Repo_Sup\LPC4337\trunk\LPC4337_Framework\Debug\libLPC4337_Framework.a(gpio_18xx_43xx.o)
 .debug_ranges  0x00000760      0x108 C:\Users\Crozzolo Marcos\Documents\81 -Repo_Sup\LPC4337\trunk\LPC4337_Framework\Debug\libLPC4337_Framework.a(i2c_18xx_43xx.o)
 .debug_ranges  0x00000868       0x40 C:\Users\Crozzolo Marcos\Documents\81 -Repo_Sup\LPC4337\trunk\LPC4337_Framework\Debug\libLPC4337_Framework.a(sysinit_18xx_43xx.o)
 .debug_ranges  0x000008a8       0x30 C:\Users\Crozzolo Marcos\Documents\81 -Repo_Sup\LPC4337\trunk\LPC4337_Framework\Debug\libLPC4337_Framework.a(timer_18xx_43xx.o)

.debug_macro    0x00000000     0x88da
 .debug_macro   0x00000000      0x3a2 ./src/TPG_2.o
 .debug_macro   0x000003a2      0x898 ./src/TPG_2.o
 .debug_macro   0x00000c3a       0x10 ./src/TPG_2.o
 .debug_macro   0x00000c4a       0x10 ./src/TPG_2.o
 .debug_macro   0x00000c5a      0x12d ./src/TPG_2.o
 .debug_macro   0x00000d87      0x5b2 ./src/TPG_2.o
 .debug_macro   0x00001339       0x22 ./src/TPG_2.o
 .debug_macro   0x0000135b       0x7b ./src/TPG_2.o
 .debug_macro   0x000013d6       0x28 ./src/TPG_2.o
 .debug_macro   0x000013fe       0x3b ./src/TPG_2.o
 .debug_macro   0x00001439       0x2d ./src/TPG_2.o
 .debug_macro   0x00001466       0x42 ./src/TPG_2.o
 .debug_macro   0x000014a8      0xd39 ./src/TPG_2.o
 .debug_macro   0x000021e1      0x2bc ./src/TPG_2.o
 .debug_macro   0x0000249d      0x112 ./src/TPG_2.o
 .debug_macro   0x000025af       0x11 ./src/TPG_2.o
 .debug_macro   0x000025c0       0x2a ./src/TPG_2.o
 .debug_macro   0x000025ea       0x16 ./src/TPG_2.o
 .debug_macro   0x00002600      0x2e6 ./src/TPG_2.o
 .debug_macro   0x000028e6       0x82 ./src/TPG_2.o
 .debug_macro   0x00002968      0x13d ./src/TPG_2.o
 .debug_macro   0x00002aa5      0x198 ./src/TPG_2.o
 .debug_macro   0x00002c3d       0x34 ./src/TPG_2.o
 .debug_macro   0x00002c71       0x58 ./src/TPG_2.o
 .debug_macro   0x00002cc9      0x236 ./src/TPG_2.o
 .debug_macro   0x00002eff      0x572 ./src/TPG_2.o
 .debug_macro   0x00003471       0x16 ./src/TPG_2.o
 .debug_macro   0x00003487      0x18a ./src/TPG_2.o
 .debug_macro   0x00003611       0x88 ./src/TPG_2.o
 .debug_macro   0x00003699      0x1b9 ./src/TPG_2.o
 .debug_macro   0x00003852      0x1da ./src/TPG_2.o
 .debug_macro   0x00003a2c       0x40 ./src/TPG_2.o
 .debug_macro   0x00003a6c       0x1c ./src/TPG_2.o
 .debug_macro   0x00003a88       0x2e ./src/TPG_2.o
 .debug_macro   0x00003ab6       0x2e ./src/TPG_2.o
 .debug_macro   0x00003ae4       0x22 ./src/TPG_2.o
 .debug_macro   0x00003b06      0x201 ./src/TPG_2.o
 .debug_macro   0x00003d07       0xe0 ./src/TPG_2.o
 .debug_macro   0x00003de7      0x34c ./src/TPG_2.o
 .debug_macro   0x00004133       0xdc ./src/TPG_2.o
 .debug_macro   0x0000420f       0xc4 ./src/TPG_2.o
 .debug_macro   0x000042d3       0x94 ./src/TPG_2.o
 .debug_macro   0x00004367       0xb8 ./src/TPG_2.o
 .debug_macro   0x0000441f       0x4c ./src/TPG_2.o
 .debug_macro   0x0000446b       0x16 ./src/TPG_2.o
 .debug_macro   0x00004481      0x328 ./src/TPG_2.o
 .debug_macro   0x000047a9       0x3a ./src/TPG_2.o
 .debug_macro   0x000047e3       0xd0 ./src/TPG_2.o
 .debug_macro   0x000048b3       0x18 ./src/TPG_2.o
 .debug_macro   0x000048cb       0x22 ./src/TPG_2.o
 .debug_macro   0x000048ed       0x40 ./src/TPG_2.o
 .debug_macro   0x0000492d       0x82 ./src/TPG_2.o
 .debug_macro   0x000049af      0x22f ./src/TPG_2.o
 .debug_macro   0x00004bde       0xbe ./src/TPG_2.o
 .debug_macro   0x00004c9c       0xb2 ./src/TPG_2.o
 .debug_macro   0x00004d4e       0x22 ./src/TPG_2.o
 .debug_macro   0x00004d70      0x25f ./src/TPG_2.o
 .debug_macro   0x00004fcf       0x1d ./src/cr_startup_lpc43xx.o
 .debug_macro   0x00004fec       0x1a ./src/crp.o
 .debug_macro   0x00005006       0x34 ./src/crp.o
 .debug_macro   0x0000503a      0x2da ./src/sysinit.o
 .debug_macro   0x00005314      0x318 C:\Users\Crozzolo Marcos\Documents\81 -Repo_Sup\LPC4337\trunk\LPC4337_Framework\Debug\libLPC4337_Framework.a(CAN.o)
 .debug_macro   0x0000562c      0x898 C:\Users\Crozzolo Marcos\Documents\81 -Repo_Sup\LPC4337\trunk\LPC4337_Framework\Debug\libLPC4337_Framework.a(CAN.o)
 .debug_macro   0x00005ec4      0x2e3 C:\Users\Crozzolo Marcos\Documents\81 -Repo_Sup\LPC4337\trunk\LPC4337_Framework\Debug\libLPC4337_Framework.a(DIO.o)
 .debug_macro   0x000061a7      0x304 C:\Users\Crozzolo Marcos\Documents\81 -Repo_Sup\LPC4337\trunk\LPC4337_Framework\Debug\libLPC4337_Framework.a(FMU.o)
 .debug_macro   0x000064ab      0x35d C:\Users\Crozzolo Marcos\Documents\81 -Repo_Sup\LPC4337\trunk\LPC4337_Framework\Debug\libLPC4337_Framework.a(General.o)
 .debug_macro   0x00006808      0x2f7 C:\Users\Crozzolo Marcos\Documents\81 -Repo_Sup\LPC4337\trunk\LPC4337_Framework\Debug\libLPC4337_Framework.a(I2C.o)
 .debug_macro   0x00006aff      0x31c C:\Users\Crozzolo Marcos\Documents\81 -Repo_Sup\LPC4337\trunk\LPC4337_Framework\Debug\libLPC4337_Framework.a(INVAPBus.o)
 .debug_macro   0x00006e1b      0x301 C:\Users\Crozzolo Marcos\Documents\81 -Repo_Sup\LPC4337\trunk\LPC4337_Framework\Debug\libLPC4337_Framework.a(M24FC256.o)
 .debug_macro   0x0000711c      0x2f0 C:\Users\Crozzolo Marcos\Documents\81 -Repo_Sup\LPC4337\trunk\LPC4337_Framework\Debug\libLPC4337_Framework.a(timer_vect.o)
 .debug_macro   0x0000740c      0x2da C:\Users\Crozzolo Marcos\Documents\81 -Repo_Sup\LPC4337\trunk\LPC4337_Framework\Debug\libLPC4337_Framework.a(ccan_18xx_43xx.o)
 .debug_macro   0x000076e6      0x2da C:\Users\Crozzolo Marcos\Documents\81 -Repo_Sup\LPC4337\trunk\LPC4337_Framework\Debug\libLPC4337_Framework.a(chip_18xx_43xx.o)
 .debug_macro   0x000079c0      0x2e0 C:\Users\Crozzolo Marcos\Documents\81 -Repo_Sup\LPC4337\trunk\LPC4337_Framework\Debug\libLPC4337_Framework.a(clock_18xx_43xx.o)
 .debug_macro   0x00007ca0       0xc0 C:\Users\Crozzolo Marcos\Documents\81 -Repo_Sup\LPC4337\trunk\LPC4337_Framework\Debug\libLPC4337_Framework.a(fpu_init.o)
 .debug_macro   0x00007d60      0x2da C:\Users\Crozzolo Marcos\Documents\81 -Repo_Sup\LPC4337\trunk\LPC4337_Framework\Debug\libLPC4337_Framework.a(gpio_18xx_43xx.o)
 .debug_macro   0x0000803a      0x2ec C:\Users\Crozzolo Marcos\Documents\81 -Repo_Sup\LPC4337\trunk\LPC4337_Framework\Debug\libLPC4337_Framework.a(i2c_18xx_43xx.o)
 .debug_macro   0x00008326      0x2da C:\Users\Crozzolo Marcos\Documents\81 -Repo_Sup\LPC4337\trunk\LPC4337_Framework\Debug\libLPC4337_Framework.a(sysinit_18xx_43xx.o)
 .debug_macro   0x00008600      0x2da C:\Users\Crozzolo Marcos\Documents\81 -Repo_Sup\LPC4337\trunk\LPC4337_Framework\Debug\libLPC4337_Framework.a(timer_18xx_43xx.o)

.debug_line     0x00000000     0x8d09
 .debug_line    0x00000000      0xc43 ./src/TPG_2.o
 .debug_line    0x00000c43       0xfa ./src/cr_startup_lpc43xx.o
 .debug_line    0x00000d3d       0x78 ./src/crp.o
 .debug_line    0x00000db5      0x5eb ./src/sysinit.o
 .debug_line    0x000013a0      0x8c3 C:\Users\Crozzolo Marcos\Documents\81 -Repo_Sup\LPC4337\trunk\LPC4337_Framework\Debug\libLPC4337_Framework.a(CAN.o)
 .debug_line    0x00001c63      0x7ac C:\Users\Crozzolo Marcos\Documents\81 -Repo_Sup\LPC4337\trunk\LPC4337_Framework\Debug\libLPC4337_Framework.a(DIO.o)
 .debug_line    0x0000240f      0x943 C:\Users\Crozzolo Marcos\Documents\81 -Repo_Sup\LPC4337\trunk\LPC4337_Framework\Debug\libLPC4337_Framework.a(FMU.o)
 .debug_line    0x00002d52      0x9a7 C:\Users\Crozzolo Marcos\Documents\81 -Repo_Sup\LPC4337\trunk\LPC4337_Framework\Debug\libLPC4337_Framework.a(General.o)
 .debug_line    0x000036f9      0x6da C:\Users\Crozzolo Marcos\Documents\81 -Repo_Sup\LPC4337\trunk\LPC4337_Framework\Debug\libLPC4337_Framework.a(I2C.o)
 .debug_line    0x00003dd3      0x705 C:\Users\Crozzolo Marcos\Documents\81 -Repo_Sup\LPC4337\trunk\LPC4337_Framework\Debug\libLPC4337_Framework.a(INVAPBus.o)
 .debug_line    0x000044d8      0x6be C:\Users\Crozzolo Marcos\Documents\81 -Repo_Sup\LPC4337\trunk\LPC4337_Framework\Debug\libLPC4337_Framework.a(M24FC256.o)
 .debug_line    0x00004b96      0x7b9 C:\Users\Crozzolo Marcos\Documents\81 -Repo_Sup\LPC4337\trunk\LPC4337_Framework\Debug\libLPC4337_Framework.a(timer_vect.o)
 .debug_line    0x0000534f      0x85e C:\Users\Crozzolo Marcos\Documents\81 -Repo_Sup\LPC4337\trunk\LPC4337_Framework\Debug\libLPC4337_Framework.a(ccan_18xx_43xx.o)
 .debug_line    0x00005bad      0x69b C:\Users\Crozzolo Marcos\Documents\81 -Repo_Sup\LPC4337\trunk\LPC4337_Framework\Debug\libLPC4337_Framework.a(chip_18xx_43xx.o)
 .debug_line    0x00006248      0xa94 C:\Users\Crozzolo Marcos\Documents\81 -Repo_Sup\LPC4337\trunk\LPC4337_Framework\Debug\libLPC4337_Framework.a(clock_18xx_43xx.o)
 .debug_line    0x00006cdc      0x24b C:\Users\Crozzolo Marcos\Documents\81 -Repo_Sup\LPC4337\trunk\LPC4337_Framework\Debug\libLPC4337_Framework.a(fpu_init.o)
 .debug_line    0x00006f27      0x6ec C:\Users\Crozzolo Marcos\Documents\81 -Repo_Sup\LPC4337\trunk\LPC4337_Framework\Debug\libLPC4337_Framework.a(gpio_18xx_43xx.o)
 .debug_line    0x00007613      0x953 C:\Users\Crozzolo Marcos\Documents\81 -Repo_Sup\LPC4337\trunk\LPC4337_Framework\Debug\libLPC4337_Framework.a(i2c_18xx_43xx.o)
 .debug_line    0x00007f66      0x70d C:\Users\Crozzolo Marcos\Documents\81 -Repo_Sup\LPC4337\trunk\LPC4337_Framework\Debug\libLPC4337_Framework.a(sysinit_18xx_43xx.o)
 .debug_line    0x00008673      0x696 C:\Users\Crozzolo Marcos\Documents\81 -Repo_Sup\LPC4337\trunk\LPC4337_Framework\Debug\libLPC4337_Framework.a(timer_18xx_43xx.o)

.debug_str      0x00000000    0x1a719
 .debug_str     0x00000000    0x18051 ./src/TPG_2.o
                              0x18210 (size before relaxing)
 .debug_str     0x00018051      0x1de ./src/cr_startup_lpc43xx.o
                               0x271c (size before relaxing)
 .debug_str     0x0001822f       0xe9 ./src/crp.o
                               0x2613 (size before relaxing)
 .debug_str     0x00018318       0x2f ./src/sysinit.o
                              0x15ab1 (size before relaxing)
 .debug_str     0x00018347      0x4d1 C:\Users\Crozzolo Marcos\Documents\81 -Repo_Sup\LPC4337\trunk\LPC4337_Framework\Debug\libLPC4337_Framework.a(CAN.o)
                              0x16e0f (size before relaxing)
 .debug_str     0x00018818      0x1ab C:\Users\Crozzolo Marcos\Documents\81 -Repo_Sup\LPC4337\trunk\LPC4337_Framework\Debug\libLPC4337_Framework.a(DIO.o)
                              0x15d0e (size before relaxing)
 .debug_str     0x000189c3      0x2db C:\Users\Crozzolo Marcos\Documents\81 -Repo_Sup\LPC4337\trunk\LPC4337_Framework\Debug\libLPC4337_Framework.a(FMU.o)
                              0x16a14 (size before relaxing)
 .debug_str     0x00018c9e      0x393 C:\Users\Crozzolo Marcos\Documents\81 -Repo_Sup\LPC4337\trunk\LPC4337_Framework\Debug\libLPC4337_Framework.a(General.o)
                              0x16c86 (size before relaxing)
 .debug_str     0x00019031       0xea C:\Users\Crozzolo Marcos\Documents\81 -Repo_Sup\LPC4337\trunk\LPC4337_Framework\Debug\libLPC4337_Framework.a(I2C.o)
                              0x15d2a (size before relaxing)
 .debug_str     0x0001911b       0xd0 C:\Users\Crozzolo Marcos\Documents\81 -Repo_Sup\LPC4337\trunk\LPC4337_Framework\Debug\libLPC4337_Framework.a(INVAPBus.o)
                              0x166b6 (size before relaxing)
 .debug_str     0x000191eb       0x70 C:\Users\Crozzolo Marcos\Documents\81 -Repo_Sup\LPC4337\trunk\LPC4337_Framework\Debug\libLPC4337_Framework.a(M24FC256.o)
                              0x15902 (size before relaxing)
 .debug_str     0x0001925b       0xde C:\Users\Crozzolo Marcos\Documents\81 -Repo_Sup\LPC4337\trunk\LPC4337_Framework\Debug\libLPC4337_Framework.a(timer_vect.o)
                              0x1607a (size before relaxing)
 .debug_str     0x00019339      0x267 C:\Users\Crozzolo Marcos\Documents\81 -Repo_Sup\LPC4337\trunk\LPC4337_Framework\Debug\libLPC4337_Framework.a(ccan_18xx_43xx.o)
                              0x157de (size before relaxing)
 .debug_str     0x000195a0      0x1c5 C:\Users\Crozzolo Marcos\Documents\81 -Repo_Sup\LPC4337\trunk\LPC4337_Framework\Debug\libLPC4337_Framework.a(chip_18xx_43xx.o)
                              0x15d9a (size before relaxing)
 .debug_str     0x00019765      0x5cb C:\Users\Crozzolo Marcos\Documents\81 -Repo_Sup\LPC4337\trunk\LPC4337_Framework\Debug\libLPC4337_Framework.a(clock_18xx_43xx.o)
                              0x1631d (size before relaxing)
 .debug_str     0x00019d30       0xfe C:\Users\Crozzolo Marcos\Documents\81 -Repo_Sup\LPC4337\trunk\LPC4337_Framework\Debug\libLPC4337_Framework.a(fpu_init.o)
                               0x9933 (size before relaxing)
 .debug_str     0x00019e2e      0x126 C:\Users\Crozzolo Marcos\Documents\81 -Repo_Sup\LPC4337\trunk\LPC4337_Framework\Debug\libLPC4337_Framework.a(gpio_18xx_43xx.o)
                              0x1519c (size before relaxing)
 .debug_str     0x00019f54      0x539 C:\Users\Crozzolo Marcos\Documents\81 -Repo_Sup\LPC4337\trunk\LPC4337_Framework\Debug\libLPC4337_Framework.a(i2c_18xx_43xx.o)
                              0x1606d (size before relaxing)
 .debug_str     0x0001a48d      0x117 C:\Users\Crozzolo Marcos\Documents\81 -Repo_Sup\LPC4337\trunk\LPC4337_Framework\Debug\libLPC4337_Framework.a(sysinit_18xx_43xx.o)
                              0x15d69 (size before relaxing)
 .debug_str     0x0001a5a4      0x175 C:\Users\Crozzolo Marcos\Documents\81 -Repo_Sup\LPC4337\trunk\LPC4337_Framework\Debug\libLPC4337_Framework.a(timer_18xx_43xx.o)
                              0x15596 (size before relaxing)

.comment        0x00000000       0x70
 .comment       0x00000000       0x70 ./src/TPG_2.o
                                 0x71 (size before relaxing)
 .comment       0x00000000       0x71 ./src/cr_startup_lpc43xx.o
 .comment       0x00000000       0x71 ./src/crp.o
 .comment       0x00000000       0x71 ./src/sysinit.o
 .comment       0x00000000       0x71 C:\Users\Crozzolo Marcos\Documents\81 -Repo_Sup\LPC4337\trunk\LPC4337_Framework\Debug\libLPC4337_Framework.a(CAN.o)
 .comment       0x00000000       0x71 C:\Users\Crozzolo Marcos\Documents\81 -Repo_Sup\LPC4337\trunk\LPC4337_Framework\Debug\libLPC4337_Framework.a(DIO.o)
 .comment       0x00000000       0x71 C:\Users\Crozzolo Marcos\Documents\81 -Repo_Sup\LPC4337\trunk\LPC4337_Framework\Debug\libLPC4337_Framework.a(FMU.o)