Archive member included because of file (symbol)

C:\Work\Supervisores\multicore\LPC4337\trunk\lpc_chip_43xx_m0\Debug\liblpc_chip_43xx_m0.a(chip_18xx_43xx.o)
                              ./src/slave_a.o (SystemCoreClockUpdate)
C:\Work\Supervisores\multicore\LPC4337\trunk\lpc_chip_43xx_m0\Debug\liblpc_chip_43xx_m0.a(clock_18xx_43xx.o)
                              C:\Work\Supervisores\multicore\LPC4337\trunk\lpc_chip_43xx_m0\Debug\liblpc_chip_43xx_m0.a(chip_18xx_43xx.o) (Chip_Clock_GetClockInputHz)
c:/nxp/lpcxpresso_7.9.2_493/lpcxpresso/tools/bin/../lib/gcc/arm-none-eabi/4.9.3/../../../../arm-none-eabi/lib/armv6-m\libcr_c.a(memcpy.o)
                              ./src/ipc_msg.o (memcpy)
c:/nxp/lpcxpresso_7.9.2_493/lpcxpresso/tools/bin/../lib/gcc/arm-none-eabi/4.9.3/../../../../arm-none-eabi/lib/armv6-m\libcr_c.a(memset.o)
                              ./src/ipc_msg.o (memset)
c:/nxp/lpcxpresso_7.9.2_493/lpcxpresso/tools/bin/../lib/gcc/arm-none-eabi/4.9.3/../../../../arm-none-eabi/lib/armv6-m\libcr_c.a(__weak__main.o)
                              ./src/cr_startup_lpc43xx-m0app.o (__main)
c:/nxp/lpcxpresso_7.9.2_493/lpcxpresso/tools/bin/../lib/gcc/arm-none-eabi/4.9.3/armv6-m\libcr_eabihelpers.a(division_32.o)
                              C:\Work\Supervisores\multicore\LPC4337\trunk\lpc_chip_43xx_m0\Debug\liblpc_chip_43xx_m0.a(clock_18xx_43xx.o) (__aeabi_uidiv)
c:/nxp/lpcxpresso_7.9.2_493/lpcxpresso/tools/bin/../lib/gcc/arm-none-eabi/4.9.3/armv6-m\libcr_eabihelpers.a(division_idiv0.o)
                              c:/nxp/lpcxpresso_7.9.2_493/lpcxpresso/tools/bin/../lib/gcc/arm-none-eabi/4.9.3/armv6-m\libcr_eabihelpers.a(division_32.o) (__aeabi_idiv0)
c:/nxp/lpcxpresso_7.9.2_493/lpcxpresso/tools/bin/../lib/gcc/arm-none-eabi/4.9.3/armv6-m\libcr_eabihelpers.a(memcpy.o)
                              c:/nxp/lpcxpresso_7.9.2_493/lpcxpresso/tools/bin/../lib/gcc/arm-none-eabi/4.9.3/../../../../arm-none-eabi/lib/armv6-m\libcr_c.a(memcpy.o) (__aeabi_memcpy)

Allocating common symbols
Common symbol       size              file

SystemCoreClock     0x4               C:\Work\Supervisores\multicore\LPC4337\trunk\lpc_chip_43xx_m0\Debug\liblpc_chip_43xx_m0.a(chip_18xx_43xx.o)
IPC_EventHandler    0x4               ./src/ipc_msg.o

Discarded input sections

 .group         0x00000000        0x8 ./src/cr_startup_lpc43xx-m0app.o
 .text          0x00000000        0x0 ./src/cr_startup_lpc43xx-m0app.o
 .data          0x00000000        0x0 ./src/cr_startup_lpc43xx-m0app.o
 .bss           0x00000000        0x0 ./src/cr_startup_lpc43xx-m0app.o
 .group         0x00000000        0x8 ./src/ipc_msg.o
 .group         0x00000000        0x8 ./src/ipc_msg.o
 .group         0x00000000        0x8 ./src/ipc_msg.o
 .group         0x00000000        0x8 ./src/ipc_msg.o
 .group         0x00000000        0x8 ./src/ipc_msg.o
 .group         0x00000000        0x8 ./src/ipc_msg.o
 .group         0x00000000        0x8 ./src/ipc_msg.o
 .group         0x00000000        0x8 ./src/ipc_msg.o
 .text          0x00000000        0x0 ./src/ipc_msg.o
 .data          0x00000000        0x0 ./src/ipc_msg.o
 .bss           0x00000000        0x0 ./src/ipc_msg.o
 .data.q_ipc    0x00000000        0x4 ./src/ipc_msg.o
 .text.ipc_send_signal
                0x00000000       0x10 ./src/ipc_msg.o
 .text.IPC_EventHandler_sa
                0x00000000       0x24 ./src/ipc_msg.o
 .text.IPC_msgNotify
                0x00000000        0xc ./src/ipc_msg.o
 .rodata        0x00000000       0xce ./src/ipc_msg.o
 .text.IPC_initMsgQueue
                0x00000000       0x94 ./src/ipc_msg.o
 .text.IPC_pushMsgTout
                0x00000000       0xd4 ./src/ipc_msg.o
 .text.IPC_popMsgTout
                0x00000000       0xd4 ./src/ipc_msg.o
 .text.IPC_msgPending
                0x00000000       0x44 ./src/ipc_msg.o
 .text.IPC_strerror
                0x00000000       0x2c ./src/ipc_msg.o
 .data.ipc_errstr.4031
                0x00000000       0x18 ./src/ipc_msg.o
 .debug_info    0x00000000      0x403 ./src/ipc_msg.o
 .debug_abbrev  0x00000000      0x1ea ./src/ipc_msg.o
 .debug_aranges
                0x00000000       0x58 ./src/ipc_msg.o
 .debug_ranges  0x00000000       0x48 ./src/ipc_msg.o
 .debug_macro   0x00000000       0x80 ./src/ipc_msg.o
 .debug_macro   0x00000000      0x850 ./src/ipc_msg.o
 .debug_macro   0x00000000       0x10 ./src/ipc_msg.o
 .debug_macro   0x00000000      0x12d ./src/ipc_msg.o
 .debug_macro   0x00000000       0x58 ./src/ipc_msg.o
 .debug_macro   0x00000000      0x5b2 ./src/ipc_msg.o
 .debug_macro   0x00000000       0x22 ./src/ipc_msg.o
 .debug_macro   0x00000000       0x74 ./src/ipc_msg.o
 .debug_macro   0x00000000       0x46 ./src/ipc_msg.o
 .debug_line    0x00000000      0x2a7 ./src/ipc_msg.o
 .debug_str     0x00000000     0x4171 ./src/ipc_msg.o
 .comment       0x00000000       0x71 ./src/ipc_msg.o
 .debug_frame   0x00000000      0x108 ./src/ipc_msg.o
 .ARM.attributes
                0x00000000       0x31 ./src/ipc_msg.o
 COMMON         0x00000000        0x4 ./src/ipc_msg.o
 .group         0x00000000        0x8 ./src/slave_a.o
 .group         0x00000000        0x8 ./src/slave_a.o
 .group         0x00000000        0x8 ./src/slave_a.o
 .group         0x00000000        0x8 ./src/slave_a.o
 .group         0x00000000        0x8 ./src/slave_a.o
 .group         0x00000000        0x8 ./src/slave_a.o
 .group         0x00000000        0x8 ./src/slave_a.o
 .group         0x00000000        0x8 ./src/slave_a.o
 .group         0x00000000        0x8 ./src/slave_a.o
 .group         0x00000000        0x8 ./src/slave_a.o
 .group         0x00000000        0x8 ./src/slave_a.o
 .group         0x00000000        0x8 ./src/slave_a.o
 .group         0x00000000        0x8 ./src/slave_a.o
 .group         0x00000000        0x8 ./src/slave_a.o
 .group         0x00000000        0x8 ./src/slave_a.o
 .group         0x00000000        0x8 ./src/slave_a.o
 .group         0x00000000        0x8 ./src/slave_a.o
 .group         0x00000000        0x8 ./src/slave_a.o
 .group         0x00000000        0x8 ./src/slave_a.o
 .group         0x00000000        0x8 ./src/slave_a.o
 .group         0x00000000        0x8 ./src/slave_a.o
 .group         0x00000000        0x8 ./src/slave_a.o
 .group         0x00000000        0x8 ./src/slave_a.o
 .group         0x00000000        0x8 ./src/slave_a.o
 .group         0x00000000        0x8 ./src/slave_a.o
 .group         0x00000000        0x8 ./src/slave_a.o
 .group         0x00000000        0x8 ./src/slave_a.o
 .group         0x00000000        0x8 ./src/slave_a.o
 .group         0x00000000        0x8 ./src/slave_a.o
 .group         0x00000000        0x8 ./src/slave_a.o
 .group         0x00000000        0x8 ./src/slave_a.o
 .group         0x00000000        0x8 ./src/slave_a.o
 .group         0x00000000        0x8 ./src/slave_a.o
 .group         0x00000000        0x8 ./src/slave_a.o
 .group         0x00000000        0x8 ./src/slave_a.o
 .group         0x00000000        0x8 ./src/slave_a.o
 .group         0x00000000        0x8 ./src/slave_a.o
 .group         0x00000000        0x8 ./src/slave_a.o
 .group         0x00000000        0x8 ./src/slave_a.o
 .group         0x00000000        0x8 ./src/slave_a.o
 .group         0x00000000        0x8 ./src/slave_a.o
 .group         0x00000000        0x8 ./src/slave_a.o
 .group         0x00000000        0x8 ./src/slave_a.o
 .group         0x00000000        0x8 ./src/slave_a.o
 .group         0x00000000        0x8 ./src/slave_a.o
 .group         0x00000000        0x8 ./src/slave_a.o
 .group         0x00000000        0x8 ./src/slave_a.o
 .group         0x00000000        0x8 ./src/slave_a.o
 .group         0x00000000        0x8 ./src/slave_a.o
 .group         0x00000000        0x8 ./src/slave_a.o
 .group         0x00000000        0x8 ./src/slave_a.o
 .group         0x00000000        0x8 ./src/slave_a.o
 .group         0x00000000        0x8 ./src/slave_a.o
 .text          0x00000000        0x0 ./src/slave_a.o
 .data          0x00000000        0x0 ./src/slave_a.o
 .bss           0x00000000        0x0 ./src/slave_a.o
 .debug_macro   0x00000000      0x850 ./src/slave_a.o
 .debug_macro   0x00000000       0x10 ./src/slave_a.o
 .debug_macro   0x00000000      0x12d ./src/slave_a.o
 .debug_macro   0x00000000      0x5b2 ./src/slave_a.o
 .debug_macro   0x00000000       0x22 ./src/slave_a.o
 .group         0x00000000        0x8 ./src/sysinit.o
 .group         0x00000000        0x8 ./src/sysinit.o
 .group         0x00000000        0x8 ./src/sysinit.o
 .group         0x00000000        0x8 ./src/sysinit.o
 .group         0x00000000        0x8 ./src/sysinit.o
 .group         0x00000000        0x8 ./src/sysinit.o
 .group         0x00000000        0x8 ./src/sysinit.o
 .group         0x00000000        0x8 ./src/sysinit.o
 .group         0x00000000        0x8 ./src/sysinit.o
 .group         0x00000000        0x8 ./src/sysinit.o
 .group         0x00000000        0x8 ./src/sysinit.o
 .group         0x00000000        0x8 ./src/sysinit.o
 .group         0x00000000        0x8 ./src/sysinit.o
 .group         0x00000000        0x8 ./src/sysinit.o
 .group         0x00000000        0x8 ./src/sysinit.o
 .group         0x00000000        0x8 ./src/sysinit.o
 .group         0x00000000        0x8 ./src/sysinit.o
 .group         0x00000000        0x8 ./src/sysinit.o
 .group         0x00000000        0x8 ./src/sysinit.o
 .group         0x00000000        0x8 ./src/sysinit.o
 .group         0x00000000        0x8 ./src/sysinit.o
 .group         0x00000000        0x8 ./src/sysinit.o
 .group         0x00000000        0x8 ./src/sysinit.o
 .group         0x00000000        0x8 ./src/sysinit.o
 .group         0x00000000        0x8 ./src/sysinit.o
 .group         0x00000000        0x8 ./src/sysinit.o
 .group         0x00000000        0x8 ./src/sysinit.o
 .group         0x00000000        0x8 ./src/sysinit.o
 .group         0x00000000        0x8 ./src/sysinit.o
 .group         0x00000000        0x8 ./src/sysinit.o
 .group         0x00000000        0x8 ./src/sysinit.o
 .group         0x00000000        0x8 ./src/sysinit.o
 .group         0x00000000        0x8 ./src/sysinit.o
 .group         0x00000000        0x8 ./src/sysinit.o
 .group         0x00000000        0x8 ./src/sysinit.o
 .group         0x00000000        0x8 ./src/sysinit.o
 .group         0x00000000        0x8 ./src/sysinit.o
 .group         0x00000000        0x8 ./src/sysinit.o
 .group         0x00000000        0x8 ./src/sysinit.o
 .group         0x00000000        0x8 ./src/sysinit.o
 .group         0x00000000        0x8 ./src/sysinit.o
 .group         0x00000000        0x8 ./src/sysinit.o
 .group         0x00000000        0x8 ./src/sysinit.o
 .group         0x00000000        0x8 ./src/sysinit.o
 .group         0x00000000        0x8 ./src/sysinit.o
 .group         0x00000000        0x8 ./src/sysinit.o
 .group         0x00000000        0x8 ./src/sysinit.o
 .group         0x00000000        0x8 ./src/sysinit.o
 .group         0x00000000        0x8 ./src/sysinit.o
 .text          0x00000000        0x0 ./src/sysinit.o
 .data          0x00000000        0x0 ./src/sysinit.o
 .bss           0x00000000        0x0 ./src/sysinit.o
 .text.SystemInit
                0x00000000        0x8 ./src/sysinit.o
 .debug_macro   0x00000000      0x850 ./src/sysinit.o
 .debug_macro   0x00000000       0x16 ./src/sysinit.o
 .debug_macro   0x00000000       0x10 ./src/sysinit.o
 .debug_macro   0x00000000      0x12d ./src/sysinit.o
 .debug_macro   0x00000000      0x5b2 ./src/sysinit.o
 .debug_macro   0x00000000       0x22 ./src/sysinit.o
 .debug_macro   0x00000000       0x7b ./src/sysinit.o
 .debug_macro   0x00000000       0x22 ./src/sysinit.o
 .debug_macro   0x00000000       0x3a ./src/sysinit.o
 .debug_macro   0x00000000       0x1f ./src/sysinit.o
 .debug_macro   0x00000000      0x242 ./src/sysinit.o
 .debug_macro   0x00000000      0x2bc ./src/sysinit.o
 .debug_macro   0x00000000      0x112 ./src/sysinit.o
 .debug_macro   0x00000000       0x11 ./src/sysinit.o
 .debug_macro   0x00000000       0x2a ./src/sysinit.o
 .debug_macro   0x00000000       0x16 ./src/sysinit.o
 .debug_macro   0x00000000      0x2e6 ./src/sysinit.o
 .debug_macro   0x00000000       0x82 ./src/sysinit.o
 .debug_macro   0x00000000      0x13d ./src/sysinit.o
 .debug_macro   0x00000000      0x198 ./src/sysinit.o
 .debug_macro   0x00000000       0x34 ./src/sysinit.o
 .debug_macro   0x00000000       0x58 ./src/sysinit.o
 .debug_macro   0x00000000      0x236 ./src/sysinit.o
 .debug_macro   0x00000000      0x572 ./src/sysinit.o
 .debug_macro   0x00000000       0x16 ./src/sysinit.o
 .debug_macro   0x00000000      0x18a ./src/sysinit.o
 .debug_macro   0x00000000       0x88 ./src/sysinit.o
 .debug_macro   0x00000000      0x1b9 ./src/sysinit.o
 .debug_macro   0x00000000      0x1da ./src/sysinit.o
 .debug_macro   0x00000000       0x40 ./src/sysinit.o
 .debug_macro   0x00000000       0x1c ./src/sysinit.o
 .debug_macro   0x00000000       0x2e ./src/sysinit.o
 .debug_macro   0x00000000       0x2e ./src/sysinit.o
 .debug_macro   0x00000000       0x22 ./src/sysinit.o
 .debug_macro   0x00000000      0x201 ./src/sysinit.o
 .debug_macro   0x00000000       0xe0 ./src/sysinit.o
 .debug_macro   0x00000000      0x34c ./src/sysinit.o
 .debug_macro   0x00000000       0xdc ./src/sysinit.o
 .debug_macro   0x00000000       0xc4 ./src/sysinit.o
 .debug_macro   0x00000000       0x94 ./src/sysinit.o
 .debug_macro   0x00000000       0xb8 ./src/sysinit.o
 .debug_macro   0x00000000       0x4c ./src/sysinit.o
 .debug_macro   0x00000000       0x16 ./src/sysinit.o
 .debug_macro   0x00000000      0x328 ./src/sysinit.o
 .debug_macro   0x00000000       0x3a ./src/sysinit.o
 .debug_macro   0x00000000       0xd0 ./src/sysinit.o
 .debug_macro   0x00000000       0x18 ./src/sysinit.o
 .debug_macro   0x00000000       0x22 ./src/sysinit.o
 .debug_macro   0x00000000       0x40 ./src/sysinit.o
 .group         0x00000000        0x8 C:\Work\Supervisores\multicore\LPC4337\trunk\lpc_chip_43xx_m0\Debug\liblpc_chip_43xx_m0.a(chip_18xx_43xx.o)
 .group         0x00000000        0x8 C:\Work\Supervisores\multicore\LPC4337\trunk\lpc_chip_43xx_m0\Debug\liblpc_chip_43xx_m0.a(chip_18xx_43xx.o)
 .group         0x00000000        0x8 C:\Work\Supervisores\multicore\LPC4337\trunk\lpc_chip_43xx_m0\Debug\liblpc_chip_43xx_m0.a(chip_18xx_43xx.o)
 .group         0x00000000        0x8 C:\Work\Supervisores\multicore\LPC4337\trunk\lpc_chip_43xx_m0\Debug\liblpc_chip_43xx_m0.a(chip_18xx_43xx.o)
 .group         0x00000000        0x8 C:\Work\Supervisores\multicore\LPC4337\trunk\lpc_chip_43xx_m0\Debug\liblpc_chip_43xx_m0.a(chip_18xx_43xx.o)
 .group         0x00000000        0x8 C:\Work\Supervisores\multicore\LPC4337\trunk\lpc_chip_43xx_m0\Debug\liblpc_chip_43xx_m0.a(chip_18xx_43xx.o)
 .group         0x00000000        0x8 C:\Work\Supervisores\multicore\LPC4337\trunk\lpc_chip_43xx_m0\Debug\liblpc_chip_43xx_m0.a(chip_18xx_43xx.o)
 .group         0x00000000        0x8 C:\Work\Supervisores\multicore\LPC4337\trunk\lpc_chip_43xx_m0\Debug\liblpc_chip_43xx_m0.a(chip_18xx_43xx.o)
 .group         0x00000000        0x8 C:\Work\Supervisores\multicore\LPC4337\trunk\lpc_chip_43xx_m0\Debug\liblpc_chip_43xx_m0.a(chip_18xx_43xx.o)
 .group         0x00000000        0x8 C:\Work\Supervisores\multicore\LPC4337\trunk\lpc_chip_43xx_m0\Debug\liblpc_chip_43xx_m0.a(chip_18xx_43xx.o)
 .group         0x00000000        0x8 C:\Work\Supervisores\multicore\LPC4337\trunk\lpc_chip_43xx_m0\Debug\liblpc_chip_43xx_m0.a(chip_18xx_43xx.o)
 .group         0x00000000        0x8 C:\Work\Supervisores\multicore\LPC4337\trunk\lpc_chip_43xx_m0\Debug\liblpc_chip_43xx_m0.a(chip_18xx_43xx.o)
 .group         0x00000000        0x8 C:\Work\Supervisores\multicore\LPC4337\trunk\lpc_chip_43xx_m0\Debug\liblpc_chip_43xx_m0.a(chip_18xx_43xx.o)
 .group         0x00000000        0x8 C:\Work\Supervisores\multicore\LPC4337\trunk\lpc_chip_43xx_m0\Debug\liblpc_chip_43xx_m0.a(chip_18xx_43xx.o)
 .group         0x00000000        0x8 C:\Work\Supervisores\multicore\LPC4337\trunk\lpc_chip_43xx_m0\Debug\liblpc_chip_43xx_m0.a(chip_18xx_43xx.o)
 .group         0x00000000        0x8 C:\Work\Supervisores\multicore\LPC4337\trunk\lpc_chip_43xx_m0\Debug\liblpc_chip_43xx_m0.a(chip_18xx_43xx.o)
 .group         0x00000000        0x8 C:\Work\Supervisores\multicore\LPC4337\trunk\lpc_chip_43xx_m0\Debug\liblpc_chip_43xx_m0.a(chip_18xx_43xx.o)
 .group         0x00000000        0x8 C:\Work\Supervisores\multicore\LPC4337\trunk\lpc_chip_43xx_m0\Debug\liblpc_chip_43xx_m0.a(chip_18xx_43xx.o)
 .group         0x00000000        0x8 C:\Work\Supervisores\multicore\LPC4337\trunk\lpc_chip_43xx_m0\Debug\liblpc_chip_43xx_m0.a(chip_18xx_43xx.o)
 .group         0x00000000        0x8 C:\Work\Supervisores\multicore\LPC4337\trunk\lpc_chip_43xx_m0\Debug\liblpc_chip_43xx_m0.a(chip_18xx_43xx.o)
 .group         0x00000000        0x8 C:\Work\Supervisores\multicore\LPC4337\trunk\lpc_chip_43xx_m0\Debug\liblpc_chip_43xx_m0.a(chip_18xx_43xx.o)
 .group         0x00000000        0x8 C:\Work\Supervisores\multicore\LPC4337\trunk\lpc_chip_43xx_m0\Debug\liblpc_chip_43xx_m0.a(chip_18xx_43xx.o)
 .group         0x00000000        0x8 C:\Work\Supervisores\multicore\LPC4337\trunk\lpc_chip_43xx_m0\Debug\liblpc_chip_43xx_m0.a(chip_18xx_43xx.o)
 .group         0x00000000        0x8 C:\Work\Supervisores\multicore\LPC4337\trunk\lpc_chip_43xx_m0\Debug\liblpc_chip_43xx_m0.a(chip_18xx_43xx.o)
 .group         0x00000000        0x8 C:\Work\Supervisores\multicore\LPC4337\trunk\lpc_chip_43xx_m0\Debug\liblpc_chip_43xx_m0.a(chip_18xx_43xx.o)
 .group         0x00000000        0x8 C:\Work\Supervisores\multicore\LPC4337\trunk\lpc_chip_43xx_m0\Debug\liblpc_chip_43xx_m0.a(chip_18xx_43xx.o)
 .group         0x00000000        0x8 C:\Work\Supervisores\multicore\LPC4337\trunk\lpc_chip_43xx_m0\Debug\liblpc_chip_43xx_m0.a(chip_18xx_43xx.o)
 .group         0x00000000        0x8 C:\Work\Supervisores\multicore\LPC4337\trunk\lpc_chip_43xx_m0\Debug\liblpc_chip_43xx_m0.a(chip_18xx_43xx.o)
 .group         0x00000000        0x8 C:\Work\Supervisores\multicore\LPC4337\trunk\lpc_chip_43xx_m0\Debug\liblpc_chip_43xx_m0.a(chip_18xx_43xx.o)
 .group         0x00000000        0x8 C:\Work\Supervisores\multicore\LPC4337\trunk\lpc_chip_43xx_m0\Debug\liblpc_chip_43xx_m0.a(chip_18xx_43xx.o)
 .group         0x00000000        0x8 C:\Work\Supervisores\multicore\LPC4337\trunk\lpc_chip_43xx_m0\Debug\liblpc_chip_43xx_m0.a(chip_18xx_43xx.o)
 .group         0x00000000        0x8 C:\Work\Supervisores\multicore\LPC4337\trunk\lpc_chip_43xx_m0\Debug\liblpc_chip_43xx_m0.a(chip_18xx_43xx.o)
 .group         0x00000000        0x8 C:\Work\Supervisores\multicore\LPC4337\trunk\lpc_chip_43xx_m0\Debug\liblpc_chip_43xx_m0.a(chip_18xx_43xx.o)
 .group         0x00000000        0x8 C:\Work\Supervisores\multicore\LPC4337\trunk\lpc_chip_43xx_m0\Debug\liblpc_chip_43xx_m0.a(chip_18xx_43xx.o)
 .group         0x00000000        0x8 C:\Work\Supervisores\multicore\LPC4337\trunk\lpc_chip_43xx_m0\Debug\liblpc_chip_43xx_m0.a(chip_18xx_43xx.o)
 .group         0x00000000        0x8 C:\Work\Supervisores\multicore\LPC4337\trunk\lpc_chip_43xx_m0\Debug\liblpc_chip_43xx_m0.a(chip_18xx_43xx.o)
 .group         0x00000000        0x8 C:\Work\Supervisores\multicore\LPC4337\trunk\lpc_chip_43xx_m0\Debug\liblpc_chip_43xx_m0.a(chip_18xx_43xx.o)
 .group         0x00000000        0x8 C:\Work\Supervisores\multicore\LPC4337\trunk\lpc_chip_43xx_m0\Debug\liblpc_chip_43xx_m0.a(chip_18xx_43xx.o)
 .group         0x00000000        0x8 C:\Work\Supervisores\multicore\LPC4337\trunk\lpc_chip_43xx_m0\Debug\liblpc_chip_43xx_m0.a(chip_18xx_43xx.o)
 .group         0x00000000        0x8 C:\Work\Supervisores\multicore\LPC4337\trunk\lpc_chip_43xx_m0\Debug\liblpc_chip_43xx_m0.a(chip_18xx_43xx.o)
 .group         0x00000000        0x8 C:\Work\Supervisores\multicore\LPC4337\trunk\lpc_chip_43xx_m0\Debug\liblpc_chip_43xx_m0.a(chip_18xx_43xx.o)
 .group         0x00000000        0x8 C:\Work\Supervisores\multicore\LPC4337\trunk\lpc_chip_43xx_m0\Debug\liblpc_chip_43xx_m0.a(chip_18xx_43xx.o)
 .group         0x00000000        0x8 C:\Work\Supervisores\multicore\LPC4337\trunk\lpc_chip_43xx_m0\Debug\liblpc_chip_43xx_m0.a(chip_18xx_43xx.o)
 .group         0x00000000        0x8 C:\Work\Supervisores\multicore\LPC4337\trunk\lpc_chip_43xx_m0\Debug\liblpc_chip_43xx_m0.a(chip_18xx_43xx.o)
 .group         0x00000000        0x8 C:\Work\Supervisores\multicore\LPC4337\trunk\lpc_chip_43xx_m0\Debug\liblpc_chip_43xx_m0.a(chip_18xx_43xx.o)
 .group         0x00000000        0x8 C:\Work\Supervisores\multicore\LPC4337\trunk\lpc_chip_43xx_m0\Debug\liblpc_chip_43xx_m0.a(chip_18xx_43xx.o)
 .group         0x00000000        0x8 C:\Work\Supervisores\multicore\LPC4337\trunk\lpc_chip_43xx_m0\Debug\liblpc_chip_43xx_m0.a(chip_18xx_43xx.o)
 .group         0x00000000        0x8 C:\Work\Supervisores\multicore\LPC4337\trunk\lpc_chip_43xx_m0\Debug\liblpc_chip_43xx_m0.a(chip_18xx_43xx.o)
 .group         0x00000000        0x8 C:\Work\Supervisores\multicore\LPC4337\trunk\lpc_chip_43xx_m0\Debug\liblpc_chip_43xx_m0.a(chip_18xx_43xx.o)
 .text          0x00000000        0x0 C:\Work\Supervisores\multicore\LPC4337\trunk\lpc_chip_43xx_m0\Debug\liblpc_chip_43xx_m0.a(chip_18xx_43xx.o)
 .data          0x00000000        0x0 C:\Work\Supervisores\multicore\LPC4337\trunk\lpc_chip_43xx_m0\Debug\liblpc_chip_43xx_m0.a(chip_18xx_43xx.o)
 .bss           0x00000000        0x0 C:\Work\Supervisores\multicore\LPC4337\trunk\lpc_chip_43xx_m0\Debug\liblpc_chip_43xx_m0.a(chip_18xx_43xx.o)
 .text.Chip_CREG_EnableUSB0Phy
                0x00000000       0x18 C:\Work\Supervisores\multicore\LPC4337\trunk\lpc_chip_43xx_m0\Debug\liblpc_chip_43xx_m0.a(chip_18xx_43xx.o)
 .rodata.usbPLLSetup
                0x00000000       0x14 C:\Work\Supervisores\multicore\LPC4337\trunk\lpc_chip_43xx_m0\Debug\liblpc_chip_43xx_m0.a(chip_18xx_43xx.o)
 .text.Chip_USB_PllSetup
                0x00000000       0x44 C:\Work\Supervisores\multicore\LPC4337\trunk\lpc_chip_43xx_m0\Debug\liblpc_chip_43xx_m0.a(chip_18xx_43xx.o)
 .text.Chip_USB0_Init
                0x00000000       0x30 C:\Work\Supervisores\multicore\LPC4337\trunk\lpc_chip_43xx_m0\Debug\liblpc_chip_43xx_m0.a(chip_18xx_43xx.o)
 .text.Chip_USB1_Init
                0x00000000       0x4c C:\Work\Supervisores\multicore\LPC4337\trunk\lpc_chip_43xx_m0\Debug\liblpc_chip_43xx_m0.a(chip_18xx_43xx.o)
 .debug_macro   0x00000000       0x16 C:\Work\Supervisores\multicore\LPC4337\trunk\lpc_chip_43xx_m0\Debug\liblpc_chip_43xx_m0.a(chip_18xx_43xx.o)
 .debug_macro   0x00000000       0x10 C:\Work\Supervisores\multicore\LPC4337\trunk\lpc_chip_43xx_m0\Debug\liblpc_chip_43xx_m0.a(chip_18xx_43xx.o)
 .debug_macro   0x00000000      0x12d C:\Work\Supervisores\multicore\LPC4337\trunk\lpc_chip_43xx_m0\Debug\liblpc_chip_43xx_m0.a(chip_18xx_43xx.o)
 .debug_macro   0x00000000      0x5b2 C:\Work\Supervisores\multicore\LPC4337\trunk\lpc_chip_43xx_m0\Debug\liblpc_chip_43xx_m0.a(chip_18xx_43xx.o)
 .debug_macro   0x00000000       0x22 C:\Work\Supervisores\multicore\LPC4337\trunk\lpc_chip_43xx_m0\Debug\liblpc_chip_43xx_m0.a(chip_18xx_43xx.o)
 .debug_macro   0x00000000       0x7b C:\Work\Supervisores\multicore\LPC4337\trunk\lpc_chip_43xx_m0\Debug\liblpc_chip_43xx_m0.a(chip_18xx_43xx.o)
 .debug_macro   0x00000000       0x22 C:\Work\Supervisores\multicore\LPC4337\trunk\lpc_chip_43xx_m0\Debug\liblpc_chip_43xx_m0.a(chip_18xx_43xx.o)
 .debug_macro   0x00000000       0x3a C:\Work\Supervisores\multicore\LPC4337\trunk\lpc_chip_43xx_m0\Debug\liblpc_chip_43xx_m0.a(chip_18xx_43xx.o)
 .debug_macro   0x00000000       0x1f C:\Work\Supervisores\multicore\LPC4337\trunk\lpc_chip_43xx_m0\Debug\liblpc_chip_43xx_m0.a(chip_18xx_43xx.o)
 .debug_macro   0x00000000      0x242 C:\Work\Supervisores\multicore\LPC4337\trunk\lpc_chip_43xx_m0\Debug\liblpc_chip_43xx_m0.a(chip_18xx_43xx.o)
 .debug_macro   0x00000000      0x2bc C:\Work\Supervisores\multicore\LPC4337\trunk\lpc_chip_43xx_m0\Debug\liblpc_chip_43xx_m0.a(chip_18xx_43xx.o)
 .debug_macro   0x00000000      0x112 C:\Work\Supervisores\multicore\LPC4337\trunk\lpc_chip_43xx_m0\Debug\liblpc_chip_43xx_m0.a(chip_18xx_43xx.o)
 .debug_macro   0x00000000       0x11 C:\Work\Supervisores\multicore\LPC4337\trunk\lpc_chip_43xx_m0\Debug\liblpc_chip_43xx_m0.a(chip_18xx_43xx.o)
 .debug_macro   0x00000000       0x2a C:\Work\Supervisores\multicore\LPC4337\trunk\lpc_chip_43xx_m0\Debug\liblpc_chip_43xx_m0.a(chip_18xx_43xx.o)
 .debug_macro   0x00000000       0x16 C:\Work\Supervisores\multicore\LPC4337\trunk\lpc_chip_43xx_m0\Debug\liblpc_chip_43xx_m0.a(chip_18xx_43xx.o)
 .debug_macro   0x00000000      0x2e6 C:\Work\Supervisores\multicore\LPC4337\trunk\lpc_chip_43xx_m0\Debug\liblpc_chip_43xx_m0.a(chip_18xx_43xx.o)
 .debug_macro   0x00000000       0x82 C:\Work\Supervisores\multicore\LPC4337\trunk\lpc_chip_43xx_m0\Debug\liblpc_chip_43xx_m0.a(chip_18xx_43xx.o)
 .debug_macro   0x00000000      0x13d C:\Work\Supervisores\multicore\LPC4337\trunk\lpc_chip_43xx_m0\Debug\liblpc_chip_43xx_m0.a(chip_18xx_43xx.o)
 .debug_macro   0x00000000      0x198 C:\Work\Supervisores\multicore\LPC4337\trunk\lpc_chip_43xx_m0\Debug\liblpc_chip_43xx_m0.a(chip_18xx_43xx.o)
 .debug_macro   0x00000000       0x34 C:\Work\Supervisores\multicore\LPC4337\trunk\lpc_chip_43xx_m0\Debug\liblpc_chip_43xx_m0.a(chip_18xx_43xx.o)
 .debug_macro   0x00000000       0x58 C:\Work\Supervisores\multicore\LPC4337\trunk\lpc_chip_43xx_m0\Debug\liblpc_chip_43xx_m0.a(chip_18xx_43xx.o)
 .debug_macro   0x00000000      0x236 C:\Work\Supervisores\multicore\LPC4337\trunk\lpc_chip_43xx_m0\Debug\liblpc_chip_43xx_m0.a(chip_18xx_43xx.o)
 .debug_macro   0x00000000      0x572 C:\Work\Supervisores\multicore\LPC4337\trunk\lpc_chip_43xx_m0\Debug\liblpc_chip_43xx_m0.a(chip_18xx_43xx.o)
 .debug_macro   0x00000000       0x16 C:\Work\Supervisores\multicore\LPC4337\trunk\lpc_chip_43xx_m0\Debug\liblpc_chip_43xx_m0.a(chip_18xx_43xx.o)
 .debug_macro   0x00000000      0x18a C:\Work\Supervisores\multicore\LPC4337\trunk\lpc_chip_43xx_m0\Debug\liblpc_chip_43xx_m0.a(chip_18xx_43xx.o)
 .debug_macro   0x00000000       0x88 C:\Work\Supervisores\multicore\LPC4337\trunk\lpc_chip_43xx_m0\Debug\liblpc_chip_43xx_m0.a(chip_18xx_43xx.o)
 .debug_macro   0x00000000      0x1b9 C:\Work\Supervisores\multicore\LPC4337\trunk\lpc_chip_43xx_m0\Debug\liblpc_chip_43xx_m0.a(chip_18xx_43xx.o)
 .debug_macro   0x00000000      0x1da C:\Work\Supervisores\multicore\LPC4337\trunk\lpc_chip_43xx_m0\Debug\liblpc_chip_43xx_m0.a(chip_18xx_43xx.o)
 .debug_macro   0x00000000       0x40 C:\Work\Supervisores\multicore\LPC4337\trunk\lpc_chip_43xx_m0\Debug\liblpc_chip_43xx_m0.a(chip_18xx_43xx.o)
 .debug_macro   0x00000000       0x1c C:\Work\Supervisores\multicore\LPC4337\trunk\lpc_chip_43xx_m0\Debug\liblpc_chip_43xx_m0.a(chip_18xx_43xx.o)
 .debug_macro   0x00000000       0x2e C:\Work\Supervisores\multicore\LPC4337\trunk\lpc_chip_43xx_m0\Debug\liblpc_chip_43xx_m0.a(chip_18xx_43xx.o)
 .debug_macro   0x00000000       0x2e C:\Work\Supervisores\multicore\LPC4337\trunk\lpc_chip_43xx_m0\Debug\liblpc_chip_43xx_m0.a(chip_18xx_43xx.o)
 .debug_macro   0x00000000       0x22 C:\Work\Supervisores\multicore\LPC4337\trunk\lpc_chip_43xx_m0\Debug\liblpc_chip_43xx_m0.a(chip_18xx_43xx.o)
 .debug_macro   0x00000000      0x201 C:\Work\Supervisores\multicore\LPC4337\trunk\lpc_chip_43xx_m0\Debug\liblpc_chip_43xx_m0.a(chip_18xx_43xx.o)
 .debug_macro   0x00000000       0xe0 C:\Work\Supervisores\multicore\LPC4337\trunk\lpc_chip_43xx_m0\Debug\liblpc_chip_43xx_m0.a(chip_18xx_43xx.o)
 .debug_macro   0x00000000      0x34c C:\Work\Supervisores\multicore\LPC4337\trunk\lpc_chip_43xx_m0\Debug\liblpc_chip_43xx_m0.a(chip_18xx_43xx.o)
 .debug_macro   0x00000000       0xdc C:\Work\Supervisores\multicore\LPC4337\trunk\lpc_chip_43xx_m0\Debug\liblpc_chip_43xx_m0.a(chip_18xx_43xx.o)
 .debug_macro   0x00000000       0xc4 C:\Work\Supervisores\multicore\LPC4337\trunk\lpc_chip_43xx_m0\Debug\liblpc_chip_43xx_m0.a(chip_18xx_43xx.o)
 .debug_macro   0x00000000       0x94 C:\Work\Supervisores\multicore\LPC4337\trunk\lpc_chip_43xx_m0\Debug\liblpc_chip_43xx_m0.a(chip_18xx_43xx.o)
 .debug_macro   0x00000000       0xb8 C:\Work\Supervisores\multicore\LPC4337\trunk\lpc_chip_43xx_m0\Debug\liblpc_chip_43xx_m0.a(chip_18xx_43xx.o)
 .debug_macro   0x00000000       0x4c C:\Work\Supervisores\multicore\LPC4337\trunk\lpc_chip_43xx_m0\Debug\liblpc_chip_43xx_m0.a(chip_18xx_43xx.o)
 .debug_macro   0x00000000       0x16 C:\Work\Supervisores\multicore\LPC4337\trunk\lpc_chip_43xx_m0\Debug\liblpc_chip_43xx_m0.a(chip_18xx_43xx.o)
 .debug_macro   0x00000000      0x328 C:\Work\Supervisores\multicore\LPC4337\trunk\lpc_chip_43xx_m0\Debug\liblpc_chip_43xx_m0.a(chip_18xx_43xx.o)
 .debug_macro   0x00000000       0x3a C:\Work\Supervisores\multicore\LPC4337\trunk\lpc_chip_43xx_m0\Debug\liblpc_chip_43xx_m0.a(chip_18xx_43xx.o)
 .debug_macro   0x00000000       0xd0 C:\Work\Supervisores\multicore\LPC4337\trunk\lpc_chip_43xx_m0\Debug\liblpc_chip_43xx_m0.a(chip_18xx_43xx.o)
 .debug_macro   0x00000000       0x18 C:\Work\Supervisores\multicore\LPC4337\trunk\lpc_chip_43xx_m0\Debug\liblpc_chip_43xx_m0.a(chip_18xx_43xx.o)
 .debug_macro   0x00000000       0x22 C:\Work\Supervisores\multicore\LPC4337\trunk\lpc_chip_43xx_m0\Debug\liblpc_chip_43xx_m0.a(chip_18xx_43xx.o)
 .debug_macro   0x00000000       0x40 C:\Work\Supervisores\multicore\LPC4337\trunk\lpc_chip_43xx_m0\Debug\liblpc_chip_43xx_m0.a(chip_18xx_43xx.o)
 .group         0x00000000        0x8 C:\Work\Supervisores\multicore\LPC4337\trunk\lpc_chip_43xx_m0\Debug\liblpc_chip_43xx_m0.a(clock_18xx_43xx.o)
 .group         0x00000000        0x8 C:\Work\Supervisores\multicore\LPC4337\trunk\lpc_chip_43xx_m0\Debug\liblpc_chip_43xx_m0.a(clock_18xx_43xx.o)
 .group         0x00000000        0x8 C:\Work\Supervisores\multicore\LPC4337\trunk\lpc_chip_43xx_m0\Debug\liblpc_chip_43xx_m0.a(clock_18xx_43xx.o)
 .group         0x00000000        0x8 C:\Work\Supervisores\multicore\LPC4337\trunk\lpc_chip_43xx_m0\Debug\liblpc_chip_43xx_m0.a(clock_18xx_43xx.o)
 .group         0x00000000        0x8 C:\Work\Supervisores\multicore\LPC4337\trunk\lpc_chip_43xx_m0\Debug\liblpc_chip_43xx_m0.a(clock_18xx_43xx.o)
 .group         0x00000000        0x8 C:\Work\Supervisores\multicore\LPC4337\trunk\lpc_chip_43xx_m0\Debug\liblpc_chip_43xx_m0.a(clock_18xx_43xx.o)
 .group         0x00000000        0x8 C:\Work\Supervisores\multicore\LPC4337\trunk\lpc_chip_43xx_m0\Debug\liblpc_chip_43xx_m0.a(clock_18xx_43xx.o)
 .group         0x00000000        0x8 C:\Work\Supervisores\multicore\LPC4337\trunk\lpc_chip_43xx_m0\Debug\liblpc_chip_43xx_m0.a(clock_18xx_43xx.o)
 .group         0x00000000        0x8 C:\Work\Supervisores\multicore\LPC4337\trunk\lpc_chip_43xx_m0\Debug\liblpc_chip_43xx_m0.a(clock_18xx_43xx.o)
 .group         0x00000000        0x8 C:\Work\Supervisores\multicore\LPC4337\trunk\lpc_chip_43xx_m0\Debug\liblpc_chip_43xx_m0.a(clock_18xx_43xx.o)
 .group         0x00000000        0x8 C:\Work\Supervisores\multicore\LPC4337\trunk\lpc_chip_43xx_m0\Debug\liblpc_chip_43xx_m0.a(clock_18xx_43xx.o)
 .group         0x00000000        0x8 C:\Work\Supervisores\multicore\LPC4337\trunk\lpc_chip_43xx_m0\Debug\liblpc_chip_43xx_m0.a(clock_18xx_43xx.o)
 .group         0x00000000        0x8 C:\Work\Supervisores\multicore\LPC4337\trunk\lpc_chip_43xx_m0\Debug\liblpc_chip_43xx_m0.a(clock_18xx_43xx.o)
 .group         0x00000000        0x8 C:\Work\Supervisores\multicore\LPC4337\trunk\lpc_chip_43xx_m0\Debug\liblpc_chip_43xx_m0.a(clock_18xx_43xx.o)
 .group         0x00000000        0x8 C:\Work\Supervisores\multicore\LPC4337\trunk\lpc_chip_43xx_m0\Debug\liblpc_chip_43xx_m0.a(clock_18xx_43xx.o)
 .group         0x00000000        0x8 C:\Work\Supervisores\multicore\LPC4337\trunk\lpc_chip_43xx_m0\Debug\liblpc_chip_43xx_m0.a(clock_18xx_43xx.o)
 .group         0x00000000        0x8 C:\Work\Supervisores\multicore\LPC4337\trunk\lpc_chip_43xx_m0\Debug\liblpc_chip_43xx_m0.a(clock_18xx_43xx.o)
 .group         0x00000000        0x8 C:\Work\Supervisores\multicore\LPC4337\trunk\lpc_chip_43xx_m0\Debug\liblpc_chip_43xx_m0.a(clock_18xx_43xx.o)
 .group         0x00000000        0x8 C:\Work\Supervisores\multicore\LPC4337\trunk\lpc_chip_43xx_m0\Debug\liblpc_chip_43xx_m0.a(clock_18xx_43xx.o)
 .group         0x00000000        0x8 C:\Work\Supervisores\multicore\LPC4337\trunk\lpc_chip_43xx_m0\Debug\liblpc_chip_43xx_m0.a(clock_18xx_43xx.o)
 .group         0x00000000        0x8 C:\Work\Supervisores\multicore\LPC4337\trunk\lpc_chip_43xx_m0\Debug\liblpc_chip_43xx_m0.a(clock_18xx_43xx.o)
 .group         0x00000000        0x8 C:\Work\Supervisores\multicore\LPC4337\trunk\lpc_chip_43xx_m0\Debug\liblpc_chip_43xx_m0.a(clock_18xx_43xx.o)
 .group         0x00000000        0x8 C:\Work\Supervisores\multicore\LPC4337\trunk\lpc_chip_43xx_m0\Debug\liblpc_chip_43xx_m0.a(clock_18xx_43xx.o)
 .group         0x00000000        0x8 C:\Work\Supervisores\multicore\LPC4337\trunk\lpc_chip_43xx_m0\Debug\liblpc_chip_43xx_m0.a(clock_18xx_43xx.o)
 .group         0x00000000        0x8 C:\Work\Supervisores\multicore\LPC4337\trunk\lpc_chip_43xx_m0\Debug\liblpc_chip_43xx_m0.a(clock_18xx_43xx.o)
 .group         0x00000000        0x8 C:\Work\Supervisores\multicore\LPC4337\trunk\lpc_chip_43xx_m0\Debug\liblpc_chip_43xx_m0.a(clock_18xx_43xx.o)
 .group         0x00000000        0x8 C:\Work\Supervisores\multicore\LPC4337\trunk\lpc_chip_43xx_m0\Debug\liblpc_chip_43xx_m0.a(clock_18xx_43xx.o)
 .group         0x00000000        0x8 C:\Work\Supervisores\multicore\LPC4337\trunk\lpc_chip_43xx_m0\Debug\liblpc_chip_43xx_m0.a(clock_18xx_43xx.o)
 .group         0x00000000        0x8 C:\Work\Supervisores\multicore\LPC4337\trunk\lpc_chip_43xx_m0\Debug\liblpc_chip_43xx_m0.a(clock_18xx_43xx.o)
 .group         0x00000000        0x8 C:\Work\Supervisores\multicore\LPC4337\trunk\lpc_chip_43xx_m0\Debug\liblpc_chip_43xx_m0.a(clock_18xx_43xx.o)
 .group         0x00000000        0x8 C:\Work\Supervisores\multicore\LPC4337\trunk\lpc_chip_43xx_m0\Debug\liblpc_chip_43xx_m0.a(clock_18xx_43xx.o)
 .group         0x00000000        0x8 C:\Work\Supervisores\multicore\LPC4337\trunk\lpc_chip_43xx_m0\Debug\liblpc_chip_43xx_m0.a(clock_18xx_43xx.o)
 .group         0x00000000        0x8 C:\Work\Supervisores\multicore\LPC4337\trunk\lpc_chip_43xx_m0\Debug\liblpc_chip_43xx_m0.a(clock_18xx_43xx.o)
 .group         0x00000000        0x8 C:\Work\Supervisores\multicore\LPC4337\trunk\lpc_chip_43xx_m0\Debug\liblpc_chip_43xx_m0.a(clock_18xx_43xx.o)
 .group         0x00000000        0x8 C:\Work\Supervisores\multicore\LPC4337\trunk\lpc_chip_43xx_m0\Debug\liblpc_chip_43xx_m0.a(clock_18xx_43xx.o)
 .group         0x00000000        0x8 C:\Work\Supervisores\multicore\LPC4337\trunk\lpc_chip_43xx_m0\Debug\liblpc_chip_43xx_m0.a(clock_18xx_43xx.o)
 .group         0x00000000        0x8 C:\Work\Supervisores\multicore\LPC4337\trunk\lpc_chip_43xx_m0\Debug\liblpc_chip_43xx_m0.a(clock_18xx_43xx.o)
 .group         0x00000000        0x8 C:\Work\Supervisores\multicore\LPC4337\trunk\lpc_chip_43xx_m0\Debug\liblpc_chip_43xx_m0.a(clock_18xx_43xx.o)
 .group         0x00000000        0x8 C:\Work\Supervisores\multicore\LPC4337\trunk\lpc_chip_43xx_m0\Debug\liblpc_chip_43xx_m0.a(clock_18xx_43xx.o)
 .group         0x00000000        0x8 C:\Work\Supervisores\multicore\LPC4337\trunk\lpc_chip_43xx_m0\Debug\liblpc_chip_43xx_m0.a(clock_18xx_43xx.o)
 .group         0x00000000        0x8 C:\Work\Supervisores\multicore\LPC4337\trunk\lpc_chip_43xx_m0\Debug\liblpc_chip_43xx_m0.a(clock_18xx_43xx.o)
 .group         0x00000000        0x8 C:\Work\Supervisores\multicore\LPC4337\trunk\lpc_chip_43xx_m0\Debug\liblpc_chip_43xx_m0.a(clock_18xx_43xx.o)
 .group         0x00000000        0x8 C:\Work\Supervisores\multicore\LPC4337\trunk\lpc_chip_43xx_m0\Debug\liblpc_chip_43xx_m0.a(clock_18xx_43xx.o)
 .group         0x00000000        0x8 C:\Work\Supervisores\multicore\LPC4337\trunk\lpc_chip_43xx_m0\Debug\liblpc_chip_43xx_m0.a(clock_18xx_43xx.o)
 .group         0x00000000        0x8 C:\Work\Supervisores\multicore\LPC4337\trunk\lpc_chip_43xx_m0\Debug\liblpc_chip_43xx_m0.a(clock_18xx_43xx.o)
 .group         0x00000000        0x8 C:\Work\Supervisores\multicore\LPC4337\trunk\lpc_chip_43xx_m0\Debug\liblpc_chip_43xx_m0.a(clock_18xx_43xx.o)
 .group         0x00000000        0x8 C:\Work\Supervisores\multicore\LPC4337\trunk\lpc_chip_43xx_m0\Debug\liblpc_chip_43xx_m0.a(clock_18xx_43xx.o)
 .group         0x00000000        0x8 C:\Work\Supervisores\multicore\LPC4337\trunk\lpc_chip_43xx_m0\Debug\liblpc_chip_43xx_m0.a(clock_18xx_43xx.o)
 .group         0x00000000        0x8 C:\Work\Supervisores\multicore\LPC4337\trunk\lpc_chip_43xx_m0\Debug\liblpc_chip_43xx_m0.a(clock_18xx_43xx.o)
 .text          0x00000000        0x0 C:\Work\Supervisores\multicore\LPC4337\trunk\lpc_chip_43xx_m0\Debug\liblpc_chip_43xx_m0.a(clock_18xx_43xx.o)
 .data          0x00000000        0x0 C:\Work\Supervisores\multicore\LPC4337\trunk\lpc_chip_43xx_m0\Debug\liblpc_chip_43xx_m0.a(clock_18xx_43xx.o)
 .bss           0x00000000        0x0 C:\Work\Supervisores\multicore\LPC4337\trunk\lpc_chip_43xx_m0\Debug\liblpc_chip_43xx_m0.a(clock_18xx_43xx.o)
 .text.Chip_Clock_DisableMainPLL
                0x00000000       0x18 C:\Work\Supervisores\multicore\LPC4337\trunk\lpc_chip_43xx_m0\Debug\liblpc_chip_43xx_m0.a(clock_18xx_43xx.o)
 .text.ABS      0x00000000       0x20 C:\Work\Supervisores\multicore\LPC4337\trunk\lpc_chip_43xx_m0\Debug\liblpc_chip_43xx_m0.a(clock_18xx_43xx.o)
 .text.pll_calc_divs
                0x00000000      0x124 C:\Work\Supervisores\multicore\LPC4337\trunk\lpc_chip_43xx_m0\Debug\liblpc_chip_43xx_m0.a(clock_18xx_43xx.o)
 .text.pll_get_frac
                0x00000000      0x1e8 C:\Work\Supervisores\multicore\LPC4337\trunk\lpc_chip_43xx_m0\Debug\liblpc_chip_43xx_m0.a(clock_18xx_43xx.o)
 .text.Chip_Clock_TestMainPLLMultiplier
                0x00000000       0x40 C:\Work\Supervisores\multicore\LPC4337\trunk\lpc_chip_43xx_m0\Debug\liblpc_chip_43xx_m0.a(clock_18xx_43xx.o)
 .text.Chip_Clock_EnableCrystal
                0x00000000       0x68 C:\Work\Supervisores\multicore\LPC4337\trunk\lpc_chip_43xx_m0\Debug\liblpc_chip_43xx_m0.a(clock_18xx_43xx.o)
 .text.Chip_Clock_CalcMainPLLValue
                0x00000000       0xdc C:\Work\Supervisores\multicore\LPC4337\trunk\lpc_chip_43xx_m0\Debug\liblpc_chip_43xx_m0.a(clock_18xx_43xx.o)
 .text.Chip_Clock_DisableCrystal
                0x00000000       0x18 C:\Work\Supervisores\multicore\LPC4337\trunk\lpc_chip_43xx_m0\Debug\liblpc_chip_43xx_m0.a(clock_18xx_43xx.o)
 .text.Chip_Clock_SetupMainPLLHz
                0x00000000      0x15c C:\Work\Supervisores\multicore\LPC4337\trunk\lpc_chip_43xx_m0\Debug\liblpc_chip_43xx_m0.a(clock_18xx_43xx.o)
 .text.Chip_Clock_SetupMainPLLMult
                0x00000000      0x104 C:\Work\Supervisores\multicore\LPC4337\trunk\lpc_chip_43xx_m0\Debug\liblpc_chip_43xx_m0.a(clock_18xx_43xx.o)
 .text.Chip_Clock_SetDivider
                0x00000000       0x94 C:\Work\Supervisores\multicore\LPC4337\trunk\lpc_chip_43xx_m0\Debug\liblpc_chip_43xx_m0.a(clock_18xx_43xx.o)
 .text.Chip_Clock_SetBaseClock
                0x00000000       0xb4 C:\Work\Supervisores\multicore\LPC4337\trunk\lpc_chip_43xx_m0\Debug\liblpc_chip_43xx_m0.a(clock_18xx_43xx.o)
 .text.Chip_Clock_GetBaseClockOpts
                0x00000000       0x8c C:\Work\Supervisores\multicore\LPC4337\trunk\lpc_chip_43xx_m0\Debug\liblpc_chip_43xx_m0.a(clock_18xx_43xx.o)
 .text.Chip_Clock_EnableBaseClock
                0x00000000       0x44 C:\Work\Supervisores\multicore\LPC4337\trunk\lpc_chip_43xx_m0\Debug\liblpc_chip_43xx_m0.a(clock_18xx_43xx.o)
 .text.Chip_Clock_DisableBaseClock
                0x00000000       0x40 C:\Work\Supervisores\multicore\LPC4337\trunk\lpc_chip_43xx_m0\Debug\liblpc_chip_43xx_m0.a(clock_18xx_43xx.o)
 .text.Chip_Clock_IsBaseClockEnabled
                0x00000000       0x4c C:\Work\Supervisores\multicore\LPC4337\trunk\lpc_chip_43xx_m0\Debug\liblpc_chip_43xx_m0.a(clock_18xx_43xx.o)
 .text.Chip_Clock_EnableOpts
                0x00000000       0x90 C:\Work\Supervisores\multicore\LPC4337\trunk\lpc_chip_43xx_m0\Debug\liblpc_chip_43xx_m0.a(clock_18xx_43xx.o)
 .text.Chip_Clock_Enable
                0x00000000       0x68 C:\Work\Supervisores\multicore\LPC4337\trunk\lpc_chip_43xx_m0\Debug\liblpc_chip_43xx_m0.a(clock_18xx_43xx.o)
 .text.Chip_Clock_RTCEnable
                0x00000000       0x24 C:\Work\Supervisores\multicore\LPC4337\trunk\lpc_chip_43xx_m0\Debug\liblpc_chip_43xx_m0.a(clock_18xx_43xx.o)
 .text.Chip_Clock_Disable
                0x00000000       0x68 C:\Work\Supervisores\multicore\LPC4337\trunk\lpc_chip_43xx_m0\Debug\liblpc_chip_43xx_m0.a(clock_18xx_43xx.o)
 .text.Chip_Clock_StartPowerDown
                0x00000000       0x1c C:\Work\Supervisores\multicore\LPC4337\trunk\lpc_chip_43xx_m0\Debug\liblpc_chip_43xx_m0.a(clock_18xx_43xx.o)
 .text.Chip_Clock_ClearPowerDown
                0x00000000       0x1c C:\Work\Supervisores\multicore\LPC4337\trunk\lpc_chip_43xx_m0\Debug\liblpc_chip_43xx_m0.a(clock_18xx_43xx.o)
 .text.Chip_Clock_GetEMCRate
                0x00000000       0x50 C:\Work\Supervisores\multicore\LPC4337\trunk\lpc_chip_43xx_m0\Debug\liblpc_chip_43xx_m0.a(clock_18xx_43xx.o)
 .text.Chip_Clock_SetupPLL
                0x00000000       0x84 C:\Work\Supervisores\multicore\LPC4337\trunk\lpc_chip_43xx_m0\Debug\liblpc_chip_43xx_m0.a(clock_18xx_43xx.o)
 .text.Chip_Clock_EnablePLL
                0x00000000       0x38 C:\Work\Supervisores\multicore\LPC4337\trunk\lpc_chip_43xx_m0\Debug\liblpc_chip_43xx_m0.a(clock_18xx_43xx.o)
 .text.Chip_Clock_DisablePLL
                0x00000000       0x38 C:\Work\Supervisores\multicore\LPC4337\trunk\lpc_chip_43xx_m0\Debug\liblpc_chip_43xx_m0.a(clock_18xx_43xx.o)
 .text.Chip_Clock_GetPLLStatus
                0x00000000       0x28 C:\Work\Supervisores\multicore\LPC4337\trunk\lpc_chip_43xx_m0\Debug\liblpc_chip_43xx_m0.a(clock_18xx_43xx.o)
 .debug_macro   0x00000000      0x838 C:\Work\Supervisores\multicore\LPC4337\trunk\lpc_chip_43xx_m0\Debug\liblpc_chip_43xx_m0.a(clock_18xx_43xx.o)
 .debug_macro   0x00000000       0x16 C:\Work\Supervisores\multicore\LPC4337\trunk\lpc_chip_43xx_m0\Debug\liblpc_chip_43xx_m0.a(clock_18xx_43xx.o)
 .debug_macro   0x00000000       0x10 C:\Work\Supervisores\multicore\LPC4337\trunk\lpc_chip_43xx_m0\Debug\liblpc_chip_43xx_m0.a(clock_18xx_43xx.o)
 .debug_macro   0x00000000      0x12d C:\Work\Supervisores\multicore\LPC4337\trunk\lpc_chip_43xx_m0\Debug\liblpc_chip_43xx_m0.a(clock_18xx_43xx.o)
 .debug_macro   0x00000000      0x5b2 C:\Work\Supervisores\multicore\LPC4337\trunk\lpc_chip_43xx_m0\Debug\liblpc_chip_43xx_m0.a(clock_18xx_43xx.o)
 .debug_macro   0x00000000       0x22 C:\Work\Supervisores\multicore\LPC4337\trunk\lpc_chip_43xx_m0\Debug\liblpc_chip_43xx_m0.a(clock_18xx_43xx.o)
 .debug_macro   0x00000000       0x7b C:\Work\Supervisores\multicore\LPC4337\trunk\lpc_chip_43xx_m0\Debug\liblpc_chip_43xx_m0.a(clock_18xx_43xx.o)
 .debug_macro   0x00000000       0x22 C:\Work\Supervisores\multicore\LPC4337\trunk\lpc_chip_43xx_m0\Debug\liblpc_chip_43xx_m0.a(clock_18xx_43xx.o)
 .debug_macro   0x00000000       0x3a C:\Work\Supervisores\multicore\LPC4337\trunk\lpc_chip_43xx_m0\Debug\liblpc_chip_43xx_m0.a(clock_18xx_43xx.o)
 .debug_macro   0x00000000       0x1f C:\Work\Supervisores\multicore\LPC4337\trunk\lpc_chip_43xx_m0\Debug\liblpc_chip_43xx_m0.a(clock_18xx_43xx.o)
 .debug_macro   0x00000000      0x242 C:\Work\Supervisores\multicore\LPC4337\trunk\lpc_chip_43xx_m0\Debug\liblpc_chip_43xx_m0.a(clock_18xx_43xx.o)
 .debug_macro   0x00000000      0x2bc C:\Work\Supervisores\multicore\LPC4337\trunk\lpc_chip_43xx_m0\Debug\liblpc_chip_43xx_m0.a(clock_18xx_43xx.o)
 .debug_macro   0x00000000      0x112 C:\Work\Supervisores\multicore\LPC4337\trunk\lpc_chip_43xx_m0\Debug\liblpc_chip_43xx_m0.a(clock_18xx_43xx.o)
 .debug_macro   0x00000000       0x11 C:\Work\Supervisores\multicore\LPC4337\trunk\lpc_chip_43xx_m0\Debug\liblpc_chip_43xx_m0.a(clock_18xx_43xx.o)
 .debug_macro   0x00000000       0x2a C:\Work\Supervisores\multicore\LPC4337\trunk\lpc_chip_43xx_m0\Debug\liblpc_chip_43xx_m0.a(clock_18xx_43xx.o)
 .debug_macro   0x00000000       0x16 C:\Work\Supervisores\multicore\LPC4337\trunk\lpc_chip_43xx_m0\Debug\liblpc_chip_43xx_m0.a(clock_18xx_43xx.o)
 .debug_macro   0x00000000      0x2e6 C:\Work\Supervisores\multicore\LPC4337\trunk\lpc_chip_43xx_m0\Debug\liblpc_chip_43xx_m0.a(clock_18xx_43xx.o)
 .debug_macro   0x00000000       0x82 C:\Work\Supervisores\multicore\LPC4337\trunk\lpc_chip_43xx_m0\Debug\liblpc_chip_43xx_m0.a(clock_18xx_43xx.o)
 .debug_macro   0x00000000      0x13d C:\Work\Supervisores\multicore\LPC4337\trunk\lpc_chip_43xx_m0\Debug\liblpc_chip_43xx_m0.a(clock_18xx_43xx.o)
 .debug_macro   0x00000000      0x198 C:\Work\Supervisores\multicore\LPC4337\trunk\lpc_chip_43xx_m0\Debug\liblpc_chip_43xx_m0.a(clock_18xx_43xx.o)
 .debug_macro   0x00000000       0x34 C:\Work\Supervisores\multicore\LPC4337\trunk\lpc_chip_43xx_m0\Debug\liblpc_chip_43xx_m0.a(clock_18xx_43xx.o)
 .debug_macro   0x00000000       0x58 C:\Work\Supervisores\multicore\LPC4337\trunk\lpc_chip_43xx_m0\Debug\liblpc_chip_43xx_m0.a(clock_18xx_43xx.o)
 .debug_macro   0x00000000      0x236 C:\Work\Supervisores\multicore\LPC4337\trunk\lpc_chip_43xx_m0\Debug\liblpc_chip_43xx_m0.a(clock_18xx_43xx.o)
 .debug_macro   0x00000000      0x572 C:\Work\Supervisores\multicore\LPC4337\trunk\lpc_chip_43xx_m0\Debug\liblpc_chip_43xx_m0.a(clock_18xx_43xx.o)
 .debug_macro   0x00000000       0x16 C:\Work\Supervisores\multicore\LPC4337\trunk\lpc_chip_43xx_m0\Debug\liblpc_chip_43xx_m0.a(clock_18xx_43xx.o)
 .debug_macro   0x00000000      0x18a C:\Work\Supervisores\multicore\LPC4337\trunk\lpc_chip_43xx_m0\Debug\liblpc_chip_43xx_m0.a(clock_18xx_43xx.o)
 .debug_macro   0x00000000       0x88 C:\Work\Supervisores\multicore\LPC4337\trunk\lpc_chip_43xx_m0\Debug\liblpc_chip_43xx_m0.a(clock_18xx_43xx.o)
 .debug_macro   0x00000000      0x1b9 C:\Work\Supervisores\multicore\LPC4337\trunk\lpc_chip_43xx_m0\Debug\liblpc_chip_43xx_m0.a(clock_18xx_43xx.o)
 .debug_macro   0x00000000      0x1da C:\Work\Supervisores\multicore\LPC4337\trunk\lpc_chip_43xx_m0\Debug\liblpc_chip_43xx_m0.a(clock_18xx_43xx.o)
 .debug_macro   0x00000000       0x40 C:\Work\Supervisores\multicore\LPC4337\trunk\lpc_chip_43xx_m0\Debug\liblpc_chip_43xx_m0.a(clock_18xx_43xx.o)
 .debug_macro   0x00000000       0x1c C:\Work\Supervisores\multicore\LPC4337\trunk\lpc_chip_43xx_m0\Debug\liblpc_chip_43xx_m0.a(clock_18xx_43xx.o)
 .debug_macro   0x00000000       0x2e C:\Work\Supervisores\multicore\LPC4337\trunk\lpc_chip_43xx_m0\Debug\liblpc_chip_43xx_m0.a(clock_18xx_43xx.o)
 .debug_macro   0x00000000       0x2e C:\Work\Supervisores\multicore\LPC4337\trunk\lpc_chip_43xx_m0\Debug\liblpc_chip_43xx_m0.a(clock_18xx_43xx.o)
 .debug_macro   0x00000000       0x22 C:\Work\Supervisores\multicore\LPC4337\trunk\lpc_chip_43xx_m0\Debug\liblpc_chip_43xx_m0.a(clock_18xx_43xx.o)
 .debug_macro   0x00000000      0x201 C:\Work\Supervisores\multicore\LPC4337\trunk\lpc_chip_43xx_m0\Debug\liblpc_chip_43xx_m0.a(clock_18xx_43xx.o)
 .debug_macro   0x00000000       0xe0 C:\Work\Supervisores\multicore\LPC4337\trunk\lpc_chip_43xx_m0\Debug\liblpc_chip_43xx_m0.a(clock_18xx_43xx.o)
 .debug_macro   0x00000000      0x34c C:\Work\Supervisores\multicore\LPC4337\trunk\lpc_chip_43xx_m0\Debug\liblpc_chip_43xx_m0.a(clock_18xx_43xx.o)
 .debug_macro   0x00000000       0xdc C:\Work\Supervisores\multicore\LPC4337\trunk\lpc_chip_43xx_m0\Debug\liblpc_chip_43xx_m0.a(clock_18xx_43xx.o)
 .debug_macro   0x00000000       0xc4 C:\Work\Supervisores\multicore\LPC4337\trunk\lpc_chip_43xx_m0\Debug\liblpc_chip_43xx_m0.a(clock_18xx_43xx.o)
 .debug_macro   0x00000000       0x94 C:\Work\Supervisores\multicore\LPC4337\trunk\lpc_chip_43xx_m0\Debug\liblpc_chip_43xx_m0.a(clock_18xx_43xx.o)
 .debug_macro   0x00000000       0xb8 C:\Work\Supervisores\multicore\LPC4337\trunk\lpc_chip_43xx_m0\Debug\liblpc_chip_43xx_m0.a(clock_18xx_43xx.o)
 .debug_macro   0x00000000       0x4c C:\Work\Supervisores\multicore\LPC4337\trunk\lpc_chip_43xx_m0\Debug\liblpc_chip_43xx_m0.a(clock_18xx_43xx.o)
 .debug_macro   0x00000000       0x16 C:\Work\Supervisores\multicore\LPC4337\trunk\lpc_chip_43xx_m0\Debug\liblpc_chip_43xx_m0.a(clock_18xx_43xx.o)
 .debug_macro   0x00000000      0x328 C:\Work\Supervisores\multicore\LPC4337\trunk\lpc_chip_43xx_m0\Debug\liblpc_chip_43xx_m0.a(clock_18xx_43xx.o)
 .debug_macro   0x00000000       0x3a C:\Work\Supervisores\multicore\LPC4337\trunk\lpc_chip_43xx_m0\Debug\liblpc_chip_43xx_m0.a(clock_18xx_43xx.o)
 .debug_macro   0x00000000       0xd0 C:\Work\Supervisores\multicore\LPC4337\trunk\lpc_chip_43xx_m0\Debug\liblpc_chip_43xx_m0.a(clock_18xx_43xx.o)
 .debug_macro   0x00000000       0x18 C:\Work\Supervisores\multicore\LPC4337\trunk\lpc_chip_43xx_m0\Debug\liblpc_chip_43xx_m0.a(clock_18xx_43xx.o)
 .debug_macro   0x00000000       0x22 C:\Work\Supervisores\multicore\LPC4337\trunk\lpc_chip_43xx_m0\Debug\liblpc_chip_43xx_m0.a(clock_18xx_43xx.o)
 .debug_macro   0x00000000       0x40 C:\Work\Supervisores\multicore\LPC4337\trunk\lpc_chip_43xx_m0\Debug\liblpc_chip_43xx_m0.a(clock_18xx_43xx.o)
 .text          0x00000000        0x0 c:/nxp/lpcxpresso_7.9.2_493/lpcxpresso/tools/bin/../lib/gcc/arm-none-eabi/4.9.3/../../../../arm-none-eabi/lib/armv6-m\libcr_c.a(memcpy.o)
 .data          0x00000000        0x0 c:/nxp/lpcxpresso_7.9.2_493/lpcxpresso/tools/bin/../lib/gcc/arm-none-eabi/4.9.3/../../../../arm-none-eabi/lib/armv6-m\libcr_c.a(memcpy.o)
 .bss           0x00000000        0x0 c:/nxp/lpcxpresso_7.9.2_493/lpcxpresso/tools/bin/../lib/gcc/arm-none-eabi/4.9.3/../../../../arm-none-eabi/lib/armv6-m\libcr_c.a(memcpy.o)
 .text          0x00000000        0x0 c:/nxp/lpcxpresso_7.9.2_493/lpcxpresso/tools/bin/../lib/gcc/arm-none-eabi/4.9.3/../../../../arm-none-eabi/lib/armv6-m\libcr_c.a(memset.o)
 .data          0x00000000        0x0 c:/nxp/lpcxpresso_7.9.2_493/lpcxpresso/tools/bin/../lib/gcc/arm-none-eabi/4.9.3/../../../../arm-none-eabi/lib/armv6-m\libcr_c.a(memset.o)
 .bss           0x00000000        0x0 c:/nxp/lpcxpresso_7.9.2_493/lpcxpresso/tools/bin/../lib/gcc/arm-none-eabi/4.9.3/../../../../arm-none-eabi/lib/armv6-m\libcr_c.a(memset.o)
 .text.memset   0x00000000        0x8 c:/nxp/lpcxpresso_7.9.2_493/lpcxpresso/tools/bin/../lib/gcc/arm-none-eabi/4.9.3/../../../../arm-none-eabi/lib/armv6-m\libcr_c.a(memset.o)
 .comment       0x00000000       0x71 c:/nxp/lpcxpresso_7.9.2_493/lpcxpresso/tools/bin/../lib/gcc/arm-none-eabi/4.9.3/../../../../arm-none-eabi/lib/armv6-m\libcr_c.a(memset.o)
 .ARM.attributes
                0x00000000       0x31 c:/nxp/lpcxpresso_7.9.2_493/lpcxpresso/tools/bin/../lib/gcc/arm-none-eabi/4.9.3/../../../../arm-none-eabi/lib/armv6-m\libcr_c.a(memset.o)
 .text          0x00000000        0x0 c:/nxp/lpcxpresso_7.9.2_493/lpcxpresso/tools/bin/../lib/gcc/arm-none-eabi/4.9.3/../../../../arm-none-eabi/lib/armv6-m\libcr_c.a(__weak__main.o)
 .data          0x00000000        0x0 c:/nxp/lpcxpresso_7.9.2_493/lpcxpresso/tools/bin/../lib/gcc/arm-none-eabi/4.9.3/../../../../arm-none-eabi/lib/armv6-m\libcr_c.a(__weak__main.o)
 .bss           0x00000000        0x0 c:/nxp/lpcxpresso_7.9.2_493/lpcxpresso/tools/bin/../lib/gcc/arm-none-eabi/4.9.3/../../../../arm-none-eabi/lib/armv6-m\libcr_c.a(__weak__main.o)
 .text          0x00000000        0x0 c:/nxp/lpcxpresso_7.9.2_493/lpcxpresso/tools/bin/../lib/gcc/arm-none-eabi/4.9.3/armv6-m\libcr_eabihelpers.a(division_32.o)
 .data          0x00000000        0x0 c:/nxp/lpcxpresso_7.9.2_493/lpcxpresso/tools/bin/../lib/gcc/arm-none-eabi/4.9.3/armv6-m\libcr_eabihelpers.a(division_32.o)
 .bss           0x00000000        0x0 c:/nxp/lpcxpresso_7.9.2_493/lpcxpresso/tools/bin/../lib/gcc/arm-none-eabi/4.9.3/armv6-m\libcr_eabihelpers.a(division_32.o)
 .text          0x00000000        0x0 c:/nxp/lpcxpresso_7.9.2_493/lpcxpresso/tools/bin/../lib/gcc/arm-none-eabi/4.9.3/armv6-m\libcr_eabihelpers.a(division_idiv0.o)
 .data          0x00000000        0x0 c:/nxp/lpcxpresso_7.9.2_493/lpcxpresso/tools/bin/../lib/gcc/arm-none-eabi/4.9.3/armv6-m\libcr_eabihelpers.a(division_idiv0.o)
 .bss           0x00000000        0x0 c:/nxp/lpcxpresso_7.9.2_493/lpcxpresso/tools/bin/../lib/gcc/arm-none-eabi/4.9.3/armv6-m\libcr_eabihelpers.a(division_idiv0.o)
 .text          0x00000000        0x0 c:/nxp/lpcxpresso_7.9.2_493/lpcxpresso/tools/bin/../lib/gcc/arm-none-eabi/4.9.3/armv6-m\libcr_eabihelpers.a(memcpy.o)
 .data          0x00000000        0x0 c:/nxp/lpcxpresso_7.9.2_493/lpcxpresso/tools/bin/../lib/gcc/arm-none-eabi/4.9.3/armv6-m\libcr_eabihelpers.a(memcpy.o)
 .bss           0x00000000        0x0 c:/nxp/lpcxpresso_7.9.2_493/lpcxpresso/tools/bin/../lib/gcc/arm-none-eabi/4.9.3/armv6-m\libcr_eabihelpers.a(memcpy.o)
 .text.__aeabi_memmove
                0x00000000       0x1c c:/nxp/lpcxpresso_7.9.2_493/lpcxpresso/tools/bin/../lib/gcc/arm-none-eabi/4.9.3/armv6-m\libcr_eabihelpers.a(memcpy.o)
 .text.__aeabi_memset_lowlevel
                0x00000000       0x2a c:/nxp/lpcxpresso_7.9.2_493/lpcxpresso/tools/bin/../lib/gcc/arm-none-eabi/4.9.3/armv6-m\libcr_eabihelpers.a(memcpy.o)
 .text.__aeabi_memclr
                0x00000000        0x6 c:/nxp/lpcxpresso_7.9.2_493/lpcxpresso/tools/bin/../lib/gcc/arm-none-eabi/4.9.3/armv6-m\libcr_eabihelpers.a(memcpy.o)
 .text.__aeabi_memset
                0x00000000        0x8 c:/nxp/lpcxpresso_7.9.2_493/lpcxpresso/tools/bin/../lib/gcc/arm-none-eabi/4.9.3/armv6-m\libcr_eabihelpers.a(memcpy.o)

Memory Configuration

Name             Origin             Length             Attributes
MFlashB512       0x1b000000         0x00080000         xr
RamLoc40         0x10080000         0x0000a000         xrw
*default*        0x00000000         0xffffffff

Linker script and memory map

LOAD ./src/cr_startup_lpc43xx-m0app.o
LOAD ./src/ipc_msg.o
LOAD ./src/slave_a.o
LOAD ./src/sysinit.o
LOAD C:\Work\Supervisores\multicore\LPC4337\trunk\lpc_chip_43xx_m0\Debug\liblpc_chip_43xx_m0.a
LOAD C:\Work\Supervisores\multicore\LPC4337\trunk\LPC4337_Framework\Debug\libLPC4337_Framework.a
START GROUP
LOAD c:/nxp/lpcxpresso_7.9.2_493/lpcxpresso/tools/bin/../lib/gcc/arm-none-eabi/4.9.3/../../../../arm-none-eabi/lib/armv6-m\libcr_c.a
LOAD c:/nxp/lpcxpresso_7.9.2_493/lpcxpresso/tools/bin/../lib/gcc/arm-none-eabi/4.9.3/armv6-m\libcr_eabihelpers.a
END GROUP
                0x1b000000                __base_MFlashB512 = 0x1b000000
                0x1b000000                __base_Flash = 0x1b000000
                0x1b080000                __top_MFlashB512 = 0x1b080000
                0x1b080000                __top_Flash = 0x1b080000
                0x10080000                __base_RamLoc40 = 0x10080000
                0x10080000                __base_RAM = 0x10080000
                0x1008a000                __top_RamLoc40 = 0x1008a000
                0x1008a000                __top_RAM = 0x1008a000

.text           0x1b000000      0x9d4
 FILL mask 0xff
                0x1b000000                __vectors_start__ = ABSOLUTE (.)
 *(.isr_vector)
 .isr_vector    0x1b000000       0xc0 ./src/cr_startup_lpc43xx-m0app.o
                0x1b000000                g_pfnVectors
                0x1b0000c0                . = ALIGN (0x4)
                0x1b0000c0                __section_table_start = .
                0x1b0000c0                __data_section_table = .
                0x1b0000c0        0x4 LONG 0x1b0009d4 LOADADDR (.data)
                0x1b0000c4        0x4 LONG 0x10080000 ADDR (.data)
                0x1b0000c8        0x4 LONG 0x0 SIZEOF (.data)
                0x1b0000cc                __data_section_table_end = .
                0x1b0000cc                __bss_section_table = .
                0x1b0000cc        0x4 LONG 0x10080000 ADDR (.bss)
                0x1b0000d0        0x4 LONG 0x14 SIZEOF (.bss)
                0x1b0000d4                __bss_section_table_end = .
                0x1b0000d4                __section_table_end = .
 *(.after_vectors*)
 .after_vectors
                0x1b0000d4       0x9c ./src/cr_startup_lpc43xx-m0app.o
                0x1b0000d4                data_init
                0x1b000114                bss_init
                0x1b000148                NMI_Handler
                0x1b000150                HardFault_Handler
                0x1b000158                SVC_Handler
                0x1b000160                PendSV_Handler
                0x1b000168                UART1_IRQHandler
                0x1b000168                USB1_IRQHandler
                0x1b000168                TIMER3_IRQHandler
                0x1b000168                UART0_IRQHandler
                0x1b000168                SDIO_IRQHandler
                0x1b000168                SPIFI_ADCHS_IRQHandler
                0x1b000168                ADC0_IRQHandler
                0x1b000168                IntDefaultHandler
                0x1b000168                SSP0_SSP1_IRQHandler
                0x1b000168                ADC1_IRQHandler
                0x1b000168                RIT_WDT_IRQHandler
                0x1b000168                FLASH_EEPROM_ATIMER_IRQHandler
                0x1b000168                RTC_IRQHandler
                0x1b000168                TIMER0_IRQHandler
                0x1b000168                LCD_IRQHandler
                0x1b000168                SGPIO_IRQHandler
                0x1b000168                UART2_IRQHandler
                0x1b000168                I2S0_I2S1_QEI_IRQHandler
                0x1b000168                USB0_IRQHandler
                0x1b000168                SCT_IRQHandler
                0x1b000168                I2C0_IRQHandler
                0x1b000168                SPI_DAC_IRQHandler
                0x1b000168                ETH_IRQHandler
                0x1b000168                CAN0_IRQHandler
                0x1b000168                M0SUB_IRQHandler
                0x1b000168                DMA_IRQHandler
                0x1b000168                EVRT_IRQHandler
                0x1b000168                UART3_IRQHandler
                0x1b000168                MCPWM_IRQHandler
                0x1b000168                GINT1_IRQHandler
                0x1b000168                GPIO4_IRQHandler
 *(.text*)
 .text.ResetISR
                0x1b000170       0x90 ./src/cr_startup_lpc43xx-m0app.o
                0x1b000170                ResetISR
 .text.NVIC_EnableIRQ
                0x1b000200       0x2c ./src/slave_a.o
 .text.Chip_SCU_PinMuxSet
                0x1b00022c       0x40 ./src/slave_a.o
 .text.Chip_CREG_ClearM4Event
                0x1b00026c       0x18 ./src/slave_a.o
 .text.Chip_GPIO_SetPinDIROutput
                0x1b000284       0x50 ./src/slave_a.o
 .text.Chip_GPIO_SetPinToggle
                0x1b0002d4       0x3c ./src/slave_a.o
 .text.M4_IRQHandler
                0x1b000310       0x1c ./src/slave_a.o
                0x1b000310                M4_IRQHandler
 .text.main     0x1b00032c       0x94 ./src/slave_a.o
                0x1b00032c                main
 .text.SystemCoreClockUpdate
                0x1b0003c0       0x18 C:\Work\Supervisores\multicore\LPC4337\trunk\lpc_chip_43xx_m0\Debug\liblpc_chip_43xx_m0.a(chip_18xx_43xx.o)
                0x1b0003c0                SystemCoreClockUpdate
 .text.Chip_Clock_GetDivRate
                0x1b0003d8       0x58 C:\Work\Supervisores\multicore\LPC4337\trunk\lpc_chip_43xx_m0\Debug\liblpc_chip_43xx_m0.a(clock_18xx_43xx.o)
 .text.Chip_Clock_FindBaseClock
                0x1b000430       0xa8 C:\Work\Supervisores\multicore\LPC4337\trunk\lpc_chip_43xx_m0\Debug\liblpc_chip_43xx_m0.a(clock_18xx_43xx.o)
 .text.Chip_Clock_GetMainPLLHz
                0x1b0004d8       0xd8 C:\Work\Supervisores\multicore\LPC4337\trunk\lpc_chip_43xx_m0\Debug\liblpc_chip_43xx_m0.a(clock_18xx_43xx.o)
                0x1b0004d8                Chip_Clock_GetMainPLLHz
 .text.Chip_Clock_GetDividerSource
                0x1b0005b0       0x40 C:\Work\Supervisores\multicore\LPC4337\trunk\lpc_chip_43xx_m0\Debug\liblpc_chip_43xx_m0.a(clock_18xx_43xx.o)
                0x1b0005b0                Chip_Clock_GetDividerSource
 .text.Chip_Clock_GetDividerDivisor
                0x1b0005f0       0x38 C:\Work\Supervisores\multicore\LPC4337\trunk\lpc_chip_43xx_m0\Debug\liblpc_chip_43xx_m0.a(clock_18xx_43xx.o)
                0x1b0005f0                Chip_Clock_GetDividerDivisor
 .text.Chip_Clock_GetClockInputHz
                0x1b000628      0x11c C:\Work\Supervisores\multicore\LPC4337\trunk\lpc_chip_43xx_m0\Debug\liblpc_chip_43xx_m0.a(clock_18xx_43xx.o)
                0x1b000628                Chip_Clock_GetClockInputHz
 .text.Chip_Clock_GetBaseClocktHz
                0x1b000744       0x28 C:\Work\Supervisores\multicore\LPC4337\trunk\lpc_chip_43xx_m0\Debug\liblpc_chip_43xx_m0.a(clock_18xx_43xx.o)
                0x1b000744                Chip_Clock_GetBaseClocktHz
 .text.Chip_Clock_GetBaseClock
                0x1b00076c       0x4c C:\Work\Supervisores\multicore\LPC4337\trunk\lpc_chip_43xx_m0\Debug\liblpc_chip_43xx_m0.a(clock_18xx_43xx.o)
                0x1b00076c                Chip_Clock_GetBaseClock
 .text.Chip_Clock_GetRate
                0x1b0007b8       0x9c C:\Work\Supervisores\multicore\LPC4337\trunk\lpc_chip_43xx_m0\Debug\liblpc_chip_43xx_m0.a(clock_18xx_43xx.o)
                0x1b0007b8                Chip_Clock_GetRate
 .text.memcpy   0x1b000854        0x8 c:/nxp/lpcxpresso_7.9.2_493/lpcxpresso/tools/bin/../lib/gcc/arm-none-eabi/4.9.3/../../../../arm-none-eabi/lib/armv6-m\libcr_c.a(memcpy.o)
                0x1b000854                memcpy
 .text.__weak_main
                0x1b00085c        0x8 c:/nxp/lpcxpresso_7.9.2_493/lpcxpresso/tools/bin/../lib/gcc/arm-none-eabi/4.9.3/../../../../arm-none-eabi/lib/armv6-m\libcr_c.a(__weak__main.o)
                0x1b00085c                __weak_main
                0x1b00085c                __main
 .text.__aeabi_division_idivmod
                0x1b000864       0x78 c:/nxp/lpcxpresso_7.9.2_493/lpcxpresso/tools/bin/../lib/gcc/arm-none-eabi/4.9.3/armv6-m\libcr_eabihelpers.a(division_32.o)
                0x1b000864                __aeabi_idivmod
                0x1b000864                __aeabi_idiv
                0x1b00086a                __aeabi_uidivmod
                0x1b00086a                __aeabi_uidiv
 .text.__aeabi_division_idiv0
                0x1b0008dc        0x2 c:/nxp/lpcxpresso_7.9.2_493/lpcxpresso/tools/bin/../lib/gcc/arm-none-eabi/4.9.3/armv6-m\libcr_eabihelpers.a(division_idiv0.o)
                0x1b0008dc                __aeabi_idiv0
 .text.__aeabi_memcpy
                0x1b0008de       0x2c c:/nxp/lpcxpresso_7.9.2_493/lpcxpresso/tools/bin/../lib/gcc/arm-none-eabi/4.9.3/armv6-m\libcr_eabihelpers.a(memcpy.o)
                0x1b0008de                __aeabi_memcpy4
                0x1b0008de                __aeabi_memcpy8
                0x1b0008de                __aeabi_memcpy
 *(.rodata .rodata.* .constdata .constdata.*)
 *fill*         0x1b00090a        0x2 
 .rodata.ExtRateIn
                0x1b00090c        0x4 ./src/sysinit.o
                0x1b00090c                ExtRateIn
 .rodata.OscRateIn
                0x1b000910        0x4 ./src/sysinit.o
                0x1b000910                OscRateIn
 .rodata.periph_to_base
                0x1b000914       0x6c C:\Work\Supervisores\multicore\LPC4337\trunk\lpc_chip_43xx_m0\Debug\liblpc_chip_43xx_m0.a(clock_18xx_43xx.o)
 .rodata        0x1b000980        0xa C:\Work\Supervisores\multicore\LPC4337\trunk\lpc_chip_43xx_m0\Debug\liblpc_chip_43xx_m0.a(clock_18xx_43xx.o)
 *fill*         0x1b00098a        0x2 
 .rodata.Chip_Clock_GetClockInputHz
                0x1b00098c       0x48 C:\Work\Supervisores\multicore\LPC4337\trunk\lpc_chip_43xx_m0\Debug\liblpc_chip_43xx_m0.a(clock_18xx_43xx.o)
                0x1b0009d4                . = ALIGN (0x4)

.glue_7         0x1b0009d4        0x0
 .glue_7        0x00000000        0x0 linker stubs

.glue_7t        0x1b0009d4        0x0
 .glue_7t       0x00000000        0x0 linker stubs

.vfp11_veneer   0x1b0009d4        0x0
 .vfp11_veneer  0x00000000        0x0 linker stubs

.v4_bx          0x1b0009d4        0x0
 .v4_bx         0x00000000        0x0 linker stubs

.iplt           0x1b0009d4        0x0
 .iplt          0x00000000        0x0 ./src/cr_startup_lpc43xx-m0app.o

.rel.dyn        0x1b0009d4        0x0
 .rel.iplt      0x00000000        0x0 ./src/cr_startup_lpc43xx-m0app.o

.ARM.extab
 *(.ARM.extab* .gnu.linkonce.armextab.*)
                0x1b0009d4                __exidx_start = .

.ARM.exidx
 *(.ARM.exidx* .gnu.linkonce.armexidx.*)
                0x1b0009d4                __exidx_end = .
                0x1b0009d4                _etext = .

.uninit_RESERVED
                0x10080000        0x0
 *(.bss.$RESERVED*)
                0x10080000                . = ALIGN (0x4)
                0x10080000                _end_uninit_RESERVED = .

.data           0x10080000        0x0 load address 0x1b0009d4
 FILL mask 0xff
                0x10080000                _data = .
 *(vtable)
 *(.ramfunc*)
 *(.data*)
                0x10080000                . = ALIGN (0x4)
                0x10080000                _edata = .

.igot.plt       0x10080000        0x0 load address 0x1b0009d4
 .igot.plt      0x00000000        0x0 ./src/cr_startup_lpc43xx-m0app.o

.bss            0x10080000       0x14 load address 0x1b0009d4
                0x10080000                _bss = .
 *(.bss*)
 .bss.i.8563    0x10080000        0x4 ./src/slave_a.o
 .bss.j.8564    0x10080004        0x4 ./src/slave_a.o
 .bss.audio_usb_pll_freq
                0x10080008        0x8 C:\Work\Supervisores\multicore\LPC4337\trunk\lpc_chip_43xx_m0\Debug\liblpc_chip_43xx_m0.a(clock_18xx_43xx.o)
 *(COMMON)
 COMMON         0x10080010        0x4 C:\Work\Supervisores\multicore\LPC4337\trunk\lpc_chip_43xx_m0\Debug\liblpc_chip_43xx_m0.a(chip_18xx_43xx.o)
                0x10080010                SystemCoreClock
                0x10080014                . = ALIGN (0x4)
                0x10080014                _ebss = .
                0x10080014                PROVIDE (end, .)

.noinit         0x10080014        0x0 load address 0x1b0009d4
                0x10080014                _noinit = .
 *(.noinit*)
                0x10080014                . = ALIGN (0x4)
                0x10080014                _end_noinit = .
                0x10080014                PROVIDE (_pvHeapStart, DEFINED (__user_heap_base)?__user_heap_base:.)
                0x1008a000                PROVIDE (_vStackTop, DEFINED (__user_stack_top)?__user_stack_top:(__top_RamLoc40 - 0x0))
OUTPUT(slave_a.axf elf32-littlearm)

.debug_info     0x00000000     0x2f72
 .debug_info    0x00000000      0x20f ./src/cr_startup_lpc43xx-m0app.o
 .debug_info    0x0000020f      0x893 ./src/slave_a.o
 .debug_info    0x00000aa2      0x575 ./src/sysinit.o
 .debug_info    0x00001017      0xa09 C:\Work\Supervisores\multicore\LPC4337\trunk\lpc_chip_43xx_m0\Debug\liblpc_chip_43xx_m0.a(chip_18xx_43xx.o)
 .debug_info    0x00001a20     0x1552 C:\Work\Supervisores\multicore\LPC4337\trunk\lpc_chip_43xx_m0\Debug\liblpc_chip_43xx_m0.a(clock_18xx_43xx.o)

.debug_abbrev   0x00000000      0x729
 .debug_abbrev  0x00000000       0xe6 ./src/cr_startup_lpc43xx-m0app.o
 .debug_abbrev  0x000000e6      0x1ce ./src/slave_a.o
 .debug_abbrev  0x000002b4       0x8f ./src/sysinit.o
 .debug_abbrev  0x00000343      0x137 C:\Work\Supervisores\multicore\LPC4337\trunk\lpc_chip_43xx_m0\Debug\liblpc_chip_43xx_m0.a(chip_18xx_43xx.o)
 .debug_abbrev  0x0000047a      0x2af C:\Work\Supervisores\multicore\LPC4337\trunk\lpc_chip_43xx_m0\Debug\liblpc_chip_43xx_m0.a(clock_18xx_43xx.o)

.debug_aranges  0x00000000      0x240
 .debug_aranges
                0x00000000       0x58 ./src/cr_startup_lpc43xx-m0app.o
 .debug_aranges
                0x00000058       0x50 ./src/slave_a.o
 .debug_aranges
                0x000000a8       0x20 ./src/sysinit.o
 .debug_aranges
                0x000000c8       0x40 C:\Work\Supervisores\multicore\LPC4337\trunk\lpc_chip_43xx_m0\Debug\liblpc_chip_43xx_m0.a(chip_18xx_43xx.o)
 .debug_aranges
                0x00000108      0x138 C:\Work\Supervisores\multicore\LPC4337\trunk\lpc_chip_43xx_m0\Debug\liblpc_chip_43xx_m0.a(clock_18xx_43xx.o)

.debug_ranges   0x00000000      0x1f0
 .debug_ranges  0x00000000       0x48 ./src/cr_startup_lpc43xx-m0app.o
 .debug_ranges  0x00000048       0x40 ./src/slave_a.o
 .debug_ranges  0x00000088       0x10 ./src/sysinit.o
 .debug_ranges  0x00000098       0x30 C:\Work\Supervisores\multicore\LPC4337\trunk\lpc_chip_43xx_m0\Debug\liblpc_chip_43xx_m0.a(chip_18xx_43xx.o)
 .debug_ranges  0x000000c8      0x128 C:\Work\Supervisores\multicore\LPC4337\trunk\lpc_chip_43xx_m0\Debug\liblpc_chip_43xx_m0.a(clock_18xx_43xx.o)

.debug_macro    0x00000000     0x4a49
 .debug_macro   0x00000000       0x1d ./src/cr_startup_lpc43xx-m0app.o
 .debug_macro   0x0000001d      0x850 ./src/cr_startup_lpc43xx-m0app.o
 .debug_macro   0x0000086d      0x30c ./src/slave_a.o
 .debug_macro   0x00000b79       0x16 ./src/slave_a.o
 .debug_macro   0x00000b8f       0x7b ./src/slave_a.o
 .debug_macro   0x00000c0a       0x22 ./src/slave_a.o
 .debug_macro   0x00000c2c       0x3a ./src/slave_a.o
 .debug_macro   0x00000c66       0x1f ./src/slave_a.o
 .debug_macro   0x00000c85      0x242 ./src/slave_a.o
 .debug_macro   0x00000ec7      0x2bc ./src/slave_a.o
 .debug_macro   0x00001183      0x112 ./src/slave_a.o
 .debug_macro   0x00001295       0x11 ./src/slave_a.o
 .debug_macro   0x000012a6       0x2a ./src/slave_a.o
 .debug_macro   0x000012d0       0x16 ./src/slave_a.o
 .debug_macro   0x000012e6      0x2e6 ./src/slave_a.o
 .debug_macro   0x000015cc       0x82 ./src/slave_a.o
 .debug_macro   0x0000164e      0x13d ./src/slave_a.o
 .debug_macro   0x0000178b      0x198 ./src/slave_a.o
 .debug_macro   0x00001923       0x34 ./src/slave_a.o
 .debug_macro   0x00001957       0x58 ./src/slave_a.o
 .debug_macro   0x000019af      0x236 ./src/slave_a.o
 .debug_macro   0x00001be5      0x572 ./src/slave_a.o
 .debug_macro   0x00002157       0x16 ./src/slave_a.o
 .debug_macro   0x0000216d      0x18a ./src/slave_a.o
 .debug_macro   0x000022f7       0x88 ./src/slave_a.o
 .debug_macro   0x0000237f      0x1b9 ./src/slave_a.o
 .debug_macro   0x00002538      0x1da ./src/slave_a.o
 .debug_macro   0x00002712       0x40 ./src/slave_a.o
 .debug_macro   0x00002752       0x1c ./src/slave_a.o
 .debug_macro   0x0000276e       0x2e ./src/slave_a.o
 .debug_macro   0x0000279c       0x2e ./src/slave_a.o
 .debug_macro   0x000027ca       0x22 ./src/slave_a.o
 .debug_macro   0x000027ec      0x201 ./src/slave_a.o
 .debug_macro   0x000029ed       0xe0 ./src/slave_a.o
 .debug_macro   0x00002acd      0x34c ./src/slave_a.o
 .debug_macro   0x00002e19       0xdc ./src/slave_a.o
 .debug_macro   0x00002ef5       0xc4 ./src/slave_a.o
 .debug_macro   0x00002fb9       0x94 ./src/slave_a.o
 .debug_macro   0x0000304d       0xb8 ./src/slave_a.o
 .debug_macro   0x00003105       0x4c ./src/slave_a.o
 .debug_macro   0x00003151       0x16 ./src/slave_a.o
 .debug_macro   0x00003167      0x328 ./src/slave_a.o
 .debug_macro   0x0000348f       0x3a ./src/slave_a.o
 .debug_macro   0x000034c9       0xd0 ./src/slave_a.o
 .debug_macro   0x00003599       0x18 ./src/slave_a.o
 .debug_macro   0x000035b1       0x22 ./src/slave_a.o
 .debug_macro   0x000035d3       0x40 ./src/slave_a.o
 .debug_macro   0x00003613       0x82 ./src/slave_a.o
 .debug_macro   0x00003695      0x24a ./src/slave_a.o
 .debug_macro   0x000038df       0xbe ./src/slave_a.o
 .debug_macro   0x0000399d       0x22 ./src/slave_a.o
 .debug_macro   0x000039bf      0x2c4 ./src/sysinit.o
 .debug_macro   0x00003c83      0x2c4 C:\Work\Supervisores\multicore\LPC4337\trunk\lpc_chip_43xx_m0\Debug\liblpc_chip_43xx_m0.a(chip_18xx_43xx.o)
 .debug_macro   0x00003f47      0x838 C:\Work\Supervisores\multicore\LPC4337\trunk\lpc_chip_43xx_m0\Debug\liblpc_chip_43xx_m0.a(chip_18xx_43xx.o)
 .debug_macro   0x0000477f      0x2ca C:\Work\Supervisores\multicore\LPC4337\trunk\lpc_chip_43xx_m0\Debug\liblpc_chip_43xx_m0.a(clock_18xx_43xx.o)

.debug_line     0x00000000     0x1f55
 .debug_line    0x00000000       0xcf ./src/cr_startup_lpc43xx-m0app.o
 .debug_line    0x000000cf      0x78c ./src/slave_a.o
 .debug_line    0x0000085b      0x60d ./src/sysinit.o
 .debug_line    0x00000e68      0x678 C:\Work\Supervisores\multicore\LPC4337\trunk\lpc_chip_43xx_m0\Debug\liblpc_chip_43xx_m0.a(chip_18xx_43xx.o)
 .debug_line    0x000014e0      0xa75 C:\Work\Supervisores\multicore\LPC4337\trunk\lpc_chip_43xx_m0\Debug\liblpc_chip_43xx_m0.a(clock_18xx_43xx.o)

.debug_str      0x00000000    0x12a93
 .debug_str     0x00000000     0x24fc ./src/cr_startup_lpc43xx-m0app.o
                               0x251c (size before relaxing)
 .debug_str     0x000024fc     0xf349 ./src/slave_a.o
                              0x11828 (size before relaxing)
 .debug_str     0x00011845      0xa27 ./src/sysinit.o
                              0x10e75 (size before relaxing)
 .debug_str     0x0001226c      0x203 C:\Work\Supervisores\multicore\LPC4337\trunk\lpc_chip_43xx_m0\Debug\liblpc_chip_43xx_m0.a(chip_18xx_43xx.o)
                              0x11154 (size before relaxing)
 .debug_str     0x0001246f      0x624 C:\Work\Supervisores\multicore\LPC4337\trunk\lpc_chip_43xx_m0\Debug\liblpc_chip_43xx_m0.a(clock_18xx_43xx.o)
                              0x116d7 (size before relaxing)

.comment        0x00000000       0x70
 .comment       0x00000000       0x70 ./src/cr_startup_lpc43xx-m0app.o
                                 0x71 (size before relaxing)
 .comment       0x00000000       0x71 ./src/slave_a.o
 .comment       0x00000000       0x71 ./src/sysinit.o
 .comment       0x00000000       0x71 C:\Work\Supervisores\multicore\LPC4337\trunk\lpc_chip_43xx_m0\Debug\liblpc_chip_43xx_m0.a(chip_18xx_43xx.o)
 .comment       0x00000000       0x71 C:\Work\Supervisores\multicore\LPC4337\trunk\lpc_chip_43xx_m0\Debug\liblpc_chip_43xx_m0.a(clock_18xx_43xx.o)
 .comment       0x00000000       0x71 c:/nxp/lpcxpresso_7.9.2_493/lpcxpresso/tools/bin/../lib/gcc/arm-none-eabi/4.9.3/../../../../arm-none-eabi/lib/armv6-m\libcr_c.a(memcpy.o)
 .comment       0x00000000       0x71 c:/nxp/lpcxpresso_7.9.2_493/lpcxpresso/tools/bin/../lib/gcc/arm-none-eabi/4.9.3/../../../../arm-none-eabi/lib/armv6-m\libcr_c.a(__weak__main.o)

.ARM.attributes
                0x00000000       0x2f
 .ARM.attributes
                0x00000000       0x31 ./src/cr_startup_lpc43xx-m0app.o
 .ARM.attributes
                0x00000031       0x31 ./src/slave_a.o
 .ARM.attributes
                0x00000062       0x31 ./src/sysinit.o
 .ARM.attributes
                0x00000093       0x31 C:\Work\Supervisores\multicore\LPC4337\trunk\lpc_chip_43xx_m0\Debug\liblpc_chip_43xx_m0.a(chip_18xx_43xx.o)
 .ARM.attributes
                0x000000c4       0x31 C:\Work\Supervisores\multicore\LPC4337\trunk\lpc_chip_43xx_m0\Debug\liblpc_chip_43xx_m0.a(clock_18xx_43xx.o)
 .ARM.attributes
                0x000000f5       0x31 c:/nxp/lpcxpresso_7.9.2_493/lpcxpresso/tools/bin/../lib/gcc/arm-none-eabi/4.9.3/../../../../arm-none-eabi/lib/armv6-m\libcr_c.a(memcpy.o)
 .ARM.attributes
                0x00000126       0x31 c:/nxp/lpcxpresso_7.9.2_493/lpcxpresso/tools/bin/../lib/gcc/arm-none-eabi/4.9.3/../../../../arm-none-eabi/lib/armv6-m\libcr_c.a(__weak__main.o)
 .ARM.attributes
                0x00000157       0x21 c:/nxp/lpcxpresso_7.9.2_493/lpcxpresso/tools/bin/../lib/gcc/arm-none-eabi/4.9.3/armv6-m\libcr_eabihelpers.a(division_32.o)
 .ARM.attributes
                0x00000178       0x21 c:/nxp/lpcxpresso_7.9.2_493/lpcxpresso/tools/bin/../lib/gcc/arm-none-eabi/4.9.3/armv6-m\libcr_eabihelpers.a(division_idiv0.o)
 .ARM.attributes
                0x00000199       0x21 c:/nxp/lpcxpresso_7.9.2_493/lpcxpresso/tools/bin/../lib/gcc/arm-none-eabi/4.9.3/armv6-m\libcr_eabihelpers.a(memcpy.o)

.debug_frame    0x00000000      0x728
 .debug_frame   0x00000000       0xfc ./src/cr_startup_lpc43xx-m0app.o
 .debug_frame   0x000000fc       0xe4 ./src/slave_a.o
 .debug_frame   0x000001e0       0x2c ./src/sysinit.o
 .debug_frame   0x0000020c       0x9c C:\Work\Supervisores\multicore\LPC4337\trunk\lpc_chip_43xx_m0\Debug\liblpc_chip_43xx_m0.a(chip_18xx_43xx.o)
 .debug_frame   0x000002a8      0x480 C:\Work\Supervisores\multicore\LPC4337\trunk\lpc_chip_43xx_m0\Debug\liblpc_chip_43xx_m0.a(clock_18xx_43xx.o)
